[2024-12-21T20:47:57.677+0000][gc,init] CardTable entry size: 512
[2024-12-21T20:47:57.677+0000][gc     ] Using G1
[2024-12-21T20:47:57.683+0000][gc,init] Version: 19.0.2+7-FR (release)
[2024-12-21T20:47:57.683+0000][gc,init] CPUs: 8 total, 8 available
[2024-12-21T20:47:57.683+0000][gc,init] Memory: 16384M
[2024-12-21T20:47:57.683+0000][gc,init] Large Page Support: Disabled
[2024-12-21T20:47:57.683+0000][gc,init] NUMA Support: Disabled
[2024-12-21T20:47:57.683+0000][gc,init] Compressed Oops: Enabled (Zero based)
[2024-12-21T20:47:57.683+0000][gc,init] Heap Region Size: 1M
[2024-12-21T20:47:57.683+0000][gc,init] Heap Min Capacity: 1G
[2024-12-21T20:47:57.683+0000][gc,init] Heap Initial Capacity: 1G
[2024-12-21T20:47:57.683+0000][gc,init] Heap Max Capacity: 1G
[2024-12-21T20:47:57.683+0000][gc,init] Pre-touch: Disabled
[2024-12-21T20:47:57.683+0000][gc,init] Parallel Workers: 8
[2024-12-21T20:47:57.683+0000][gc,init] Concurrent Workers: 2
[2024-12-21T20:47:57.683+0000][gc,init] Concurrent Refinement Workers: 8
[2024-12-21T20:47:57.683+0000][gc,init] Periodic GC: Disabled
[2024-12-21T20:47:57.684+0000][gc,metaspace] CDS archive(s) mapped at: [0x0000000800000000-0x0000000800c42000-0x0000000800c42000), size 12853248, SharedBaseAddress: 0x0000000800000000, ArchiveRelocationMode: 0.
[2024-12-21T20:47:57.684+0000][gc,metaspace] Compressed class space mapped at: 0x0000000801000000-0x0000000841000000, reserved size: 1073741824
[2024-12-21T20:47:57.684+0000][gc,metaspace] Narrow klass base: 0x0000000800000000, Narrow klass shift: 0, Narrow klass range: 0x100000000
[2024-12-21T20:47:59.059+0000][gc,start    ] GC(0) Pause Young (Normal) (G1 Evacuation Pause)
[2024-12-21T20:47:59.060+0000][gc,task     ] GC(0) Using 8 workers of 8 for evacuation
[2024-12-21T20:47:59.065+0000][gc,phases   ] GC(0)   Pre Evacuate Collection Set: 0.1ms
[2024-12-21T20:47:59.065+0000][gc,phases   ] GC(0)   Merge Heap Roots: 0.1ms
[2024-12-21T20:47:59.065+0000][gc,phases   ] GC(0)   Evacuate Collection Set: 4.2ms
[2024-12-21T20:47:59.065+0000][gc,phases   ] GC(0)   Post Evacuate Collection Set: 0.6ms
[2024-12-21T20:47:59.065+0000][gc,phases   ] GC(0)   Other: 0.7ms
[2024-12-21T20:47:59.065+0000][gc,heap     ] GC(0) Eden regions: 51->0(44)
[2024-12-21T20:47:59.065+0000][gc,heap     ] GC(0) Survivor regions: 0->7(7)
[2024-12-21T20:47:59.065+0000][gc,heap     ] GC(0) Old regions: 0->2
[2024-12-21T20:47:59.065+0000][gc,heap     ] GC(0) Archive regions: 2->2
[2024-12-21T20:47:59.065+0000][gc,heap     ] GC(0) Humongous regions: 0->0
[2024-12-21T20:47:59.065+0000][gc,metaspace] GC(0) Metaspace: 17898K(18112K)->17898K(18112K) NonClass: 15826K(15936K)->15826K(15936K) Class: 2072K(2176K)->2072K(2176K)
[2024-12-21T20:47:59.065+0000][gc          ] GC(0) Pause Young (Normal) (G1 Evacuation Pause) 51M->9M(1024M) 6.035ms
[2024-12-21T20:47:59.065+0000][gc,cpu      ] GC(0) User=0.02s Sys=0.01s Real=0.01s
[2024-12-21T20:47:59.262+0000][gc,start    ] GC(1) Pause Young (Concurrent Start) (Metadata GC Threshold)
[2024-12-21T20:47:59.262+0000][gc,task     ] GC(1) Using 8 workers of 8 for evacuation
[2024-12-21T20:47:59.267+0000][gc,phases   ] GC(1)   Pre Evacuate Collection Set: 0.2ms
[2024-12-21T20:47:59.267+0000][gc,phases   ] GC(1)   Merge Heap Roots: 0.1ms
[2024-12-21T20:47:59.267+0000][gc,phases   ] GC(1)   Evacuate Collection Set: 3.4ms
[2024-12-21T20:47:59.267+0000][gc,phases   ] GC(1)   Post Evacuate Collection Set: 1.0ms
[2024-12-21T20:47:59.267+0000][gc,phases   ] GC(1)   Other: 0.2ms
[2024-12-21T20:47:59.267+0000][gc,heap     ] GC(1) Eden regions: 14->0(50)
[2024-12-21T20:47:59.267+0000][gc,heap     ] GC(1) Survivor regions: 7->1(7)
[2024-12-21T20:47:59.268+0000][gc,heap     ] GC(1) Old regions: 2->8
[2024-12-21T20:47:59.268+0000][gc,heap     ] GC(1) Archive regions: 2->2
[2024-12-21T20:47:59.268+0000][gc,heap     ] GC(1) Humongous regions: 0->0
[2024-12-21T20:47:59.268+0000][gc,metaspace] GC(1) Metaspace: 21310K(21504K)->21310K(21504K) NonClass: 18833K(18944K)->18833K(18944K) Class: 2476K(2560K)->2476K(2560K)
[2024-12-21T20:47:59.268+0000][gc          ] GC(1) Pause Young (Concurrent Start) (Metadata GC Threshold) 22M->9M(1024M) 5.356ms
[2024-12-21T20:47:59.268+0000][gc          ] GC(2) Concurrent Mark Cycle
[2024-12-21T20:47:59.268+0000][gc,cpu      ] GC(1) User=0.01s Sys=0.01s Real=0.00s
[2024-12-21T20:47:59.268+0000][gc,marking  ] GC(2) Concurrent Clear Claimed Marks
[2024-12-21T20:47:59.268+0000][gc,marking  ] GC(2) Concurrent Clear Claimed Marks 0.043ms
[2024-12-21T20:47:59.268+0000][gc,marking  ] GC(2) Concurrent Scan Root Regions
[2024-12-21T20:47:59.270+0000][gc,marking  ] GC(2) Concurrent Scan Root Regions 2.407ms
[2024-12-21T20:47:59.270+0000][gc,marking  ] GC(2) Concurrent Mark
[2024-12-21T20:47:59.270+0000][gc,marking  ] GC(2) Concurrent Mark From Roots
[2024-12-21T20:47:59.270+0000][gc,task     ] GC(2) Using 2 workers of 2 for marking
[2024-12-21T20:47:59.272+0000][gc,marking  ] GC(2) Concurrent Mark From Roots 1.555ms
[2024-12-21T20:47:59.272+0000][gc,marking  ] GC(2) Concurrent Preclean
[2024-12-21T20:47:59.272+0000][gc,marking  ] GC(2) Concurrent Preclean 0.025ms
[2024-12-21T20:47:59.272+0000][gc,start    ] GC(2) Pause Remark
[2024-12-21T20:47:59.273+0000][gc          ] GC(2) Pause Remark 10M->10M(1024M) 1.493ms
[2024-12-21T20:47:59.274+0000][gc,cpu      ] GC(2) User=0.01s Sys=0.00s Real=0.00s
[2024-12-21T20:47:59.274+0000][gc,marking  ] GC(2) Concurrent Mark 3.436ms
[2024-12-21T20:47:59.274+0000][gc,marking  ] GC(2) Concurrent Rebuild Remembered Sets
[2024-12-21T20:47:59.274+0000][gc,marking  ] GC(2) Concurrent Rebuild Remembered Sets 0.007ms
[2024-12-21T20:47:59.274+0000][gc,start    ] GC(2) Pause Cleanup
[2024-12-21T20:47:59.274+0000][gc          ] GC(2) Pause Cleanup 10M->10M(1024M) 0.043ms
[2024-12-21T20:47:59.274+0000][gc,cpu      ] GC(2) User=0.00s Sys=0.00s Real=0.00s
[2024-12-21T20:47:59.274+0000][gc,marking  ] GC(2) Concurrent Cleanup for Next Mark
[2024-12-21T20:47:59.280+0000][gc,marking  ] GC(2) Concurrent Cleanup for Next Mark 6.571ms
[2024-12-21T20:47:59.280+0000][gc          ] GC(2) Concurrent Mark Cycle 12.804ms
[2024-12-21T20:48:01.404+0000][gc,start    ] GC(3) Pause Young (Normal) (G1 Evacuation Pause)
[2024-12-21T20:48:01.404+0000][gc,task     ] GC(3) Using 8 workers of 8 for evacuation
[2024-12-21T20:48:01.408+0000][gc,phases   ] GC(3)   Pre Evacuate Collection Set: 0.1ms
[2024-12-21T20:48:01.408+0000][gc,phases   ] GC(3)   Merge Heap Roots: 0.1ms
[2024-12-21T20:48:01.408+0000][gc,phases   ] GC(3)   Evacuate Collection Set: 2.8ms
[2024-12-21T20:48:01.408+0000][gc,phases   ] GC(3)   Post Evacuate Collection Set: 0.6ms
[2024-12-21T20:48:01.408+0000][gc,phases   ] GC(3)   Other: 0.1ms
[2024-12-21T20:48:01.408+0000][gc,heap     ] GC(3) Eden regions: 50->0(45)
[2024-12-21T20:48:01.408+0000][gc,heap     ] GC(3) Survivor regions: 1->6(7)
[2024-12-21T20:48:01.408+0000][gc,heap     ] GC(3) Old regions: 8->8
[2024-12-21T20:48:01.408+0000][gc,heap     ] GC(3) Archive regions: 2->2
[2024-12-21T20:48:01.408+0000][gc,heap     ] GC(3) Humongous regions: 129->129
[2024-12-21T20:48:01.408+0000][gc,metaspace] GC(3) Metaspace: 31270K(31552K)->31270K(31552K) NonClass: 27859K(28032K)->27859K(28032K) Class: 3411K(3520K)->3411K(3520K)
[2024-12-21T20:48:01.408+0000][gc          ] GC(3) Pause Young (Normal) (G1 Evacuation Pause) 188M->143M(1024M) 3.945ms
[2024-12-21T20:48:01.408+0000][gc,cpu      ] GC(3) User=0.02s Sys=0.01s Real=0.00s
[2024-12-21T20:48:01.622+0000][gc,start    ] GC(4) Pause Young (Concurrent Start) (Metadata GC Threshold)
[2024-12-21T20:48:01.622+0000][gc,task     ] GC(4) Using 8 workers of 8 for evacuation
[2024-12-21T20:48:01.627+0000][gc,phases   ] GC(4)   Pre Evacuate Collection Set: 0.1ms
[2024-12-21T20:48:01.627+0000][gc,phases   ] GC(4)   Merge Heap Roots: 0.1ms
[2024-12-21T20:48:01.627+0000][gc,phases   ] GC(4)   Evacuate Collection Set: 4.0ms
[2024-12-21T20:48:01.627+0000][gc,phases   ] GC(4)   Post Evacuate Collection Set: 0.5ms
[2024-12-21T20:48:01.627+0000][gc,phases   ] GC(4)   Other: 0.1ms
[2024-12-21T20:48:01.627+0000][gc,heap     ] GC(4) Eden regions: 18->0(49)
[2024-12-21T20:48:01.627+0000][gc,heap     ] GC(4) Survivor regions: 6->2(7)
[2024-12-21T20:48:01.627+0000][gc,heap     ] GC(4) Old regions: 8->13
[2024-12-21T20:48:01.627+0000][gc,heap     ] GC(4) Archive regions: 2->2
[2024-12-21T20:48:01.627+0000][gc,heap     ] GC(4) Humongous regions: 129->129
[2024-12-21T20:48:01.627+0000][gc,metaspace] GC(4) Metaspace: 35735K(35968K)->35735K(35968K) NonClass: 31886K(32000K)->31886K(32000K) Class: 3849K(3968K)->3849K(3968K)
[2024-12-21T20:48:01.627+0000][gc          ] GC(4) Pause Young (Concurrent Start) (Metadata GC Threshold) 161M->144M(1024M) 5.019ms
[2024-12-21T20:48:01.627+0000][gc,cpu      ] GC(4) User=0.03s Sys=0.01s Real=0.00s
[2024-12-21T20:48:01.627+0000][gc          ] GC(5) Concurrent Mark Cycle
[2024-12-21T20:48:01.627+0000][gc,marking  ] GC(5) Concurrent Clear Claimed Marks
[2024-12-21T20:48:01.627+0000][gc,marking  ] GC(5) Concurrent Clear Claimed Marks 0.025ms
[2024-12-21T20:48:01.627+0000][gc,marking  ] GC(5) Concurrent Scan Root Regions
[2024-12-21T20:48:01.630+0000][gc,marking  ] GC(5) Concurrent Scan Root Regions 3.228ms
[2024-12-21T20:48:01.630+0000][gc,marking  ] GC(5) Concurrent Mark
[2024-12-21T20:48:01.630+0000][gc,marking  ] GC(5) Concurrent Mark From Roots
[2024-12-21T20:48:01.630+0000][gc,task     ] GC(5) Using 2 workers of 2 for marking
[2024-12-21T20:48:01.635+0000][gc,marking  ] GC(5) Concurrent Mark From Roots 5.138ms
[2024-12-21T20:48:01.635+0000][gc,marking  ] GC(5) Concurrent Preclean
[2024-12-21T20:48:01.635+0000][gc,marking  ] GC(5) Concurrent Preclean 0.048ms
[2024-12-21T20:48:01.636+0000][gc,start    ] GC(5) Pause Remark
[2024-12-21T20:48:01.638+0000][gc          ] GC(5) Pause Remark 147M->147M(1024M) 1.489ms
[2024-12-21T20:48:01.638+0000][gc,cpu      ] GC(5) User=0.00s Sys=0.00s Real=0.00s
[2024-12-21T20:48:01.638+0000][gc,marking  ] GC(5) Concurrent Mark 7.785ms
[2024-12-21T20:48:01.638+0000][gc,marking  ] GC(5) Concurrent Rebuild Remembered Sets
[2024-12-21T20:48:01.638+0000][gc,marking  ] GC(5) Concurrent Rebuild Remembered Sets 0.015ms
[2024-12-21T20:48:01.639+0000][gc,start    ] GC(5) Pause Cleanup
[2024-12-21T20:48:01.639+0000][gc          ] GC(5) Pause Cleanup 147M->147M(1024M) 0.063ms
[2024-12-21T20:48:01.639+0000][gc,cpu      ] GC(5) User=0.00s Sys=0.00s Real=0.00s
[2024-12-21T20:48:01.639+0000][gc,marking  ] GC(5) Concurrent Cleanup for Next Mark
[2024-12-21T20:48:01.645+0000][gc,marking  ] GC(5) Concurrent Cleanup for Next Mark 5.975ms
[2024-12-21T20:48:01.645+0000][gc          ] GC(5) Concurrent Mark Cycle 18.055ms
[2024-12-21T20:50:26.616+0000][gc,start    ] GC(6) Pause Young (Normal) (G1 Evacuation Pause)
[2024-12-21T20:50:26.617+0000][gc,task     ] GC(6) Using 8 workers of 8 for evacuation
[2024-12-21T20:50:26.626+0000][gc,phases   ] GC(6)   Pre Evacuate Collection Set: 2.9ms
[2024-12-21T20:50:26.626+0000][gc,phases   ] GC(6)   Merge Heap Roots: 0.1ms
[2024-12-21T20:50:26.626+0000][gc,phases   ] GC(6)   Evacuate Collection Set: 5.3ms
[2024-12-21T20:50:26.626+0000][gc,phases   ] GC(6)   Post Evacuate Collection Set: 0.9ms
[2024-12-21T20:50:26.626+0000][gc,phases   ] GC(6)   Other: 0.2ms
[2024-12-21T20:50:26.626+0000][gc,heap     ] GC(6) Eden regions: 49->0(45)
[2024-12-21T20:50:26.626+0000][gc,heap     ] GC(6) Survivor regions: 2->6(7)
[2024-12-21T20:50:26.626+0000][gc,heap     ] GC(6) Old regions: 13->13
[2024-12-21T20:50:26.626+0000][gc,heap     ] GC(6) Archive regions: 2->2
[2024-12-21T20:50:26.626+0000][gc,heap     ] GC(6) Humongous regions: 159->129
[2024-12-21T20:50:26.627+0000][gc,metaspace] GC(6) Metaspace: 42683K(43264K)->42683K(43264K) NonClass: 37922K(38208K)->37922K(38208K) Class: 4761K(5056K)->4761K(5056K)
[2024-12-21T20:50:26.627+0000][gc          ] GC(6) Pause Young (Normal) (G1 Evacuation Pause) 223M->148M(1024M) 10.479ms
[2024-12-21T20:50:26.627+0000][gc,cpu      ] GC(6) User=0.04s Sys=0.02s Real=0.01s
[2024-12-21T20:55:43.424+0000][gc,start    ] GC(7) Pause Young (Normal) (G1 Evacuation Pause)
[2024-12-21T20:55:43.425+0000][gc,task     ] GC(7) Using 8 workers of 8 for evacuation
[2024-12-21T20:55:43.436+0000][gc,phases   ] GC(7)   Pre Evacuate Collection Set: 0.3ms
[2024-12-21T20:55:43.436+0000][gc,phases   ] GC(7)   Merge Heap Roots: 0.9ms
[2024-12-21T20:55:43.436+0000][gc,phases   ] GC(7)   Evacuate Collection Set: 8.8ms
[2024-12-21T20:55:43.436+0000][gc,phases   ] GC(7)   Post Evacuate Collection Set: 0.6ms
[2024-12-21T20:55:43.436+0000][gc,phases   ] GC(7)   Other: 0.1ms
[2024-12-21T20:55:43.436+0000][gc,heap     ] GC(7) Eden regions: 45->0(47)
[2024-12-21T20:55:43.436+0000][gc,heap     ] GC(7) Survivor regions: 6->4(7)
[2024-12-21T20:55:43.436+0000][gc,heap     ] GC(7) Old regions: 13->17
[2024-12-21T20:55:43.436+0000][gc,heap     ] GC(7) Archive regions: 2->2
[2024-12-21T20:55:43.436+0000][gc,heap     ] GC(7) Humongous regions: 129->129
[2024-12-21T20:55:43.436+0000][gc,metaspace] GC(7) Metaspace: 44173K(44864K)->44173K(44864K) NonClass: 39099K(39488K)->39099K(39488K) Class: 5074K(5376K)->5074K(5376K)
[2024-12-21T20:55:43.436+0000][gc          ] GC(7) Pause Young (Normal) (G1 Evacuation Pause) 193M->150M(1024M) 11.800ms
[2024-12-21T20:55:43.436+0000][gc,cpu      ] GC(7) User=0.04s Sys=0.01s Real=0.01s
[2024-12-21T21:01:19.467+0000][gc,start    ] GC(8) Pause Young (Normal) (G1 Evacuation Pause)
[2024-12-21T21:01:19.468+0000][gc,task     ] GC(8) Using 8 workers of 8 for evacuation
[2024-12-21T21:01:19.477+0000][gc,phases   ] GC(8)   Pre Evacuate Collection Set: 0.4ms
[2024-12-21T21:01:19.477+0000][gc,phases   ] GC(8)   Merge Heap Roots: 0.2ms
[2024-12-21T21:01:19.477+0000][gc,phases   ] GC(8)   Evacuate Collection Set: 8.4ms
[2024-12-21T21:01:19.478+0000][gc,phases   ] GC(8)   Post Evacuate Collection Set: 0.5ms
[2024-12-21T21:01:19.478+0000][gc,phases   ] GC(8)   Other: 0.2ms
[2024-12-21T21:01:19.478+0000][gc,heap     ] GC(8) Eden regions: 47->0(44)
[2024-12-21T21:01:19.478+0000][gc,heap     ] GC(8) Survivor regions: 4->7(7)
[2024-12-21T21:01:19.478+0000][gc,heap     ] GC(8) Old regions: 17->17
[2024-12-21T21:01:19.478+0000][gc,heap     ] GC(8) Archive regions: 2->2
[2024-12-21T21:01:19.478+0000][gc,heap     ] GC(8) Humongous regions: 129->129
[2024-12-21T21:01:19.478+0000][gc,metaspace] GC(8) Metaspace: 44334K(45056K)->44334K(45056K) NonClass: 39241K(39616K)->39241K(39616K) Class: 5093K(5440K)->5093K(5440K)
[2024-12-21T21:01:19.478+0000][gc          ] GC(8) Pause Young (Normal) (G1 Evacuation Pause) 197M->153M(1024M) 11.089ms
[2024-12-21T21:01:19.478+0000][gc,cpu      ] GC(8) User=0.05s Sys=0.01s Real=0.01s
[2024-12-21T21:06:52.638+0000][gc,start    ] GC(9) Pause Young (Normal) (G1 Evacuation Pause)
[2024-12-21T21:06:52.639+0000][gc,task     ] GC(9) Using 8 workers of 8 for evacuation
[2024-12-21T21:06:52.649+0000][gc,phases   ] GC(9)   Pre Evacuate Collection Set: 0.3ms
[2024-12-21T21:06:52.649+0000][gc,phases   ] GC(9)   Merge Heap Roots: 0.2ms
[2024-12-21T21:06:52.649+0000][gc,phases   ] GC(9)   Evacuate Collection Set: 9.1ms
[2024-12-21T21:06:52.649+0000][gc,phases   ] GC(9)   Post Evacuate Collection Set: 0.4ms
[2024-12-21T21:06:52.649+0000][gc,phases   ] GC(9)   Other: 0.2ms
[2024-12-21T21:06:52.649+0000][gc,heap     ] GC(9) Eden regions: 44->0(45)
[2024-12-21T21:06:52.649+0000][gc,heap     ] GC(9) Survivor regions: 7->6(7)
[2024-12-21T21:06:52.649+0000][gc,heap     ] GC(9) Old regions: 17->22
[2024-12-21T21:06:52.649+0000][gc,heap     ] GC(9) Archive regions: 2->2
[2024-12-21T21:06:52.649+0000][gc,heap     ] GC(9) Humongous regions: 129->129
[2024-12-21T21:06:52.649+0000][gc,metaspace] GC(9) Metaspace: 44372K(45120K)->44372K(45120K) NonClass: 39277K(39680K)->39277K(39680K) Class: 5094K(5440K)->5094K(5440K)
[2024-12-21T21:06:52.649+0000][gc          ] GC(9) Pause Young (Normal) (G1 Evacuation Pause) 197M->156M(1024M) 11.413ms
[2024-12-21T21:06:52.649+0000][gc,cpu      ] GC(9) User=0.06s Sys=0.01s Real=0.01s
[2024-12-21T22:09:32.425+0000][gc,start    ] GC(10) Pause Young (Normal) (G1 Evacuation Pause)
[2024-12-21T22:09:32.425+0000][gc,task     ] GC(10) Using 8 workers of 8 for evacuation
[2024-12-21T22:09:32.436+0000][gc,phases   ] GC(10)   Pre Evacuate Collection Set: 0.2ms
[2024-12-21T22:09:32.436+0000][gc,phases   ] GC(10)   Merge Heap Roots: 0.1ms
[2024-12-21T22:09:32.436+0000][gc,phases   ] GC(10)   Evacuate Collection Set: 9.8ms
[2024-12-21T22:09:32.436+0000][gc,phases   ] GC(10)   Post Evacuate Collection Set: 0.4ms
[2024-12-21T22:09:32.436+0000][gc,phases   ] GC(10)   Other: 0.2ms
[2024-12-21T22:09:32.436+0000][gc,heap     ] GC(10) Eden regions: 45->0(45)
[2024-12-21T22:09:32.436+0000][gc,heap     ] GC(10) Survivor regions: 6->6(7)
[2024-12-21T22:09:32.436+0000][gc,heap     ] GC(10) Old regions: 22->25
[2024-12-21T22:09:32.436+0000][gc,heap     ] GC(10) Archive regions: 2->2
[2024-12-21T22:09:32.436+0000][gc,heap     ] GC(10) Humongous regions: 129->129
[2024-12-21T22:09:32.436+0000][gc,metaspace] GC(10) Metaspace: 44433K(45120K)->44433K(45120K) NonClass: 39338K(39680K)->39338K(39680K) Class: 5095K(5440K)->5095K(5440K)
[2024-12-21T22:09:32.436+0000][gc          ] GC(10) Pause Young (Normal) (G1 Evacuation Pause) 201M->160M(1024M) 11.541ms
[2024-12-21T22:09:32.436+0000][gc,cpu      ] GC(10) User=0.04s Sys=0.01s Real=0.01s
[2024-12-21T22:15:25.953+0000][gc,start    ] GC(11) Pause Young (Normal) (G1 Evacuation Pause)
[2024-12-21T22:15:25.954+0000][gc,task     ] GC(11) Using 8 workers of 8 for evacuation
[2024-12-21T22:15:25.961+0000][gc,phases   ] GC(11)   Pre Evacuate Collection Set: 0.2ms
[2024-12-21T22:15:25.961+0000][gc,phases   ] GC(11)   Merge Heap Roots: 0.2ms
[2024-12-21T22:15:25.961+0000][gc,phases   ] GC(11)   Evacuate Collection Set: 6.5ms
[2024-12-21T22:15:25.961+0000][gc,phases   ] GC(11)   Post Evacuate Collection Set: 0.4ms
[2024-12-21T22:15:25.962+0000][gc,phases   ] GC(11)   Other: 0.2ms
[2024-12-21T22:15:25.962+0000][gc,heap     ] GC(11) Eden regions: 45->0(69)
[2024-12-21T22:15:25.962+0000][gc,heap     ] GC(11) Survivor regions: 6->4(7)
[2024-12-21T22:15:25.962+0000][gc,heap     ] GC(11) Old regions: 25->29
[2024-12-21T22:15:25.962+0000][gc,heap     ] GC(11) Archive regions: 2->2
[2024-12-21T22:15:25.962+0000][gc,heap     ] GC(11) Humongous regions: 129->129
[2024-12-21T22:15:25.962+0000][gc,metaspace] GC(11) Metaspace: 44502K(45248K)->44502K(45248K) NonClass: 39407K(39808K)->39407K(39808K) Class: 5095K(5440K)->5095K(5440K)
[2024-12-21T22:15:25.962+0000][gc          ] GC(11) Pause Young (Normal) (G1 Evacuation Pause) 205M->162M(1024M) 8.859ms
[2024-12-21T22:15:25.962+0000][gc,cpu      ] GC(11) User=0.04s Sys=0.00s Real=0.01s
[2024-12-21T22:24:24.787+0000][gc,start    ] GC(12) Pause Young (Normal) (G1 Evacuation Pause)
[2024-12-21T22:24:24.788+0000][gc,task     ] GC(12) Using 8 workers of 8 for evacuation
[2024-12-21T22:24:24.799+0000][gc,phases   ] GC(12)   Pre Evacuate Collection Set: 0.3ms
[2024-12-21T22:24:24.799+0000][gc,phases   ] GC(12)   Merge Heap Roots: 0.1ms
[2024-12-21T22:24:24.799+0000][gc,phases   ] GC(12)   Evacuate Collection Set: 9.7ms
[2024-12-21T22:24:24.799+0000][gc,phases   ] GC(12)   Post Evacuate Collection Set: 0.4ms
[2024-12-21T22:24:24.799+0000][gc,phases   ] GC(12)   Other: 0.1ms
[2024-12-21T22:24:24.799+0000][gc,heap     ] GC(12) Eden regions: 69->0(47)
[2024-12-21T22:24:24.799+0000][gc,heap     ] GC(12) Survivor regions: 4->9(10)
[2024-12-21T22:24:24.799+0000][gc,heap     ] GC(12) Old regions: 29->29
[2024-12-21T22:24:24.799+0000][gc,heap     ] GC(12) Archive regions: 2->2
[2024-12-21T22:24:24.799+0000][gc,heap     ] GC(12) Humongous regions: 129->129
[2024-12-21T22:24:24.799+0000][gc,metaspace] GC(12) Metaspace: 44587K(45312K)->44587K(45312K) NonClass: 39485K(39872K)->39485K(39872K) Class: 5102K(5440K)->5102K(5440K)
[2024-12-21T22:24:24.799+0000][gc          ] GC(12) Pause Young (Normal) (G1 Evacuation Pause) 231M->167M(1024M) 11.671ms
[2024-12-21T22:24:24.799+0000][gc,cpu      ] GC(12) User=0.06s Sys=0.01s Real=0.01s
[2024-12-21T22:24:26.800+0000][gc,heap,exit] Heap
[2024-12-21T22:24:26.800+0000][gc,heap,exit]  garbage-first heap   total 1048576K, used 181859K [0x00000007c0000000, 0x0000000800000000)
[2024-12-21T22:24:26.800+0000][gc,heap,exit]   region size 1024K, 20 young (20480K), 9 survivors (9216K)
[2024-12-21T22:24:26.800+0000][gc,heap,exit]  Metaspace       used 45465K, committed 46144K, reserved 1114112K
[2024-12-21T22:24:26.800+0000][gc,heap,exit]   class space    used 5283K, committed 5568K, reserved 1048576K
