[2024-12-26T19:21:06.943+0000][gc,init] CardTable entry size: 512
[2024-12-26T19:21:06.944+0000][gc     ] Using G1
[2024-12-26T19:21:06.949+0000][gc,init] Version: 19.0.2+7-FR (release)
[2024-12-26T19:21:06.949+0000][gc,init] CPUs: 8 total, 8 available
[2024-12-26T19:21:06.949+0000][gc,init] Memory: 16384M
[2024-12-26T19:21:06.949+0000][gc,init] Large Page Support: Disabled
[2024-12-26T19:21:06.949+0000][gc,init] NUMA Support: Disabled
[2024-12-26T19:21:06.949+0000][gc,init] Compressed Oops: Enabled (Zero based)
[2024-12-26T19:21:06.949+0000][gc,init] Heap Region Size: 1M
[2024-12-26T19:21:06.949+0000][gc,init] Heap Min Capacity: 1G
[2024-12-26T19:21:06.949+0000][gc,init] Heap Initial Capacity: 1G
[2024-12-26T19:21:06.949+0000][gc,init] Heap Max Capacity: 1G
[2024-12-26T19:21:06.949+0000][gc,init] Pre-touch: Disabled
[2024-12-26T19:21:06.949+0000][gc,init] Parallel Workers: 8
[2024-12-26T19:21:06.949+0000][gc,init] Concurrent Workers: 2
[2024-12-26T19:21:06.949+0000][gc,init] Concurrent Refinement Workers: 8
[2024-12-26T19:21:06.949+0000][gc,init] Periodic GC: Disabled
[2024-12-26T19:21:06.949+0000][gc,metaspace] CDS archive(s) mapped at: [0x0000000800000000-0x0000000800c42000-0x0000000800c42000), size 12853248, SharedBaseAddress: 0x0000000800000000, ArchiveRelocationMode: 0.
[2024-12-26T19:21:06.949+0000][gc,metaspace] Compressed class space mapped at: 0x0000000801000000-0x0000000841000000, reserved size: 1073741824
[2024-12-26T19:21:06.949+0000][gc,metaspace] Narrow klass base: 0x0000000800000000, Narrow klass shift: 0, Narrow klass range: 0x100000000
[2024-12-26T19:21:07.426+0000][gc,heap,exit] Heap
[2024-12-26T19:21:07.426+0000][gc,heap,exit]  garbage-first heap   total 1048576K, used 28626K [0x00000007c0000000, 0x0000000800000000)
[2024-12-26T19:21:07.426+0000][gc,heap,exit]   region size 1024K, 28 young (28672K), 0 survivors (0K)
[2024-12-26T19:21:07.426+0000][gc,heap,exit]  Metaspace       used 10006K, committed 10240K, reserved 1114112K
[2024-12-26T19:21:07.426+0000][gc,heap,exit]   class space    used 1150K, committed 1280K, reserved 1048576K
