[2024-12-21T22:24:29.921+0000][gc,init] CardTable entry size: 512
[2024-12-21T22:24:29.921+0000][gc     ] Using G1
[2024-12-21T22:24:29.927+0000][gc,init] Version: 19.0.2+7-FR (release)
[2024-12-21T22:24:29.927+0000][gc,init] CPUs: 8 total, 8 available
[2024-12-21T22:24:29.927+0000][gc,init] Memory: 16384M
[2024-12-21T22:24:29.927+0000][gc,init] Large Page Support: Disabled
[2024-12-21T22:24:29.927+0000][gc,init] NUMA Support: Disabled
[2024-12-21T22:24:29.927+0000][gc,init] Compressed Oops: Enabled (Zero based)
[2024-12-21T22:24:29.927+0000][gc,init] Heap Region Size: 1M
[2024-12-21T22:24:29.927+0000][gc,init] Heap Min Capacity: 1G
[2024-12-21T22:24:29.927+0000][gc,init] Heap Initial Capacity: 1G
[2024-12-21T22:24:29.927+0000][gc,init] Heap Max Capacity: 1G
[2024-12-21T22:24:29.927+0000][gc,init] Pre-touch: Disabled
[2024-12-21T22:24:29.927+0000][gc,init] Parallel Workers: 8
[2024-12-21T22:24:29.927+0000][gc,init] Concurrent Workers: 2
[2024-12-21T22:24:29.927+0000][gc,init] Concurrent Refinement Workers: 8
[2024-12-21T22:24:29.927+0000][gc,init] Periodic GC: Disabled
[2024-12-21T22:24:29.927+0000][gc,metaspace] CDS archive(s) mapped at: [0x0000000800000000-0x0000000800c42000-0x0000000800c42000), size 12853248, SharedBaseAddress: 0x0000000800000000, ArchiveRelocationMode: 0.
[2024-12-21T22:24:29.927+0000][gc,metaspace] Compressed class space mapped at: 0x0000000801000000-0x0000000841000000, reserved size: 1073741824
[2024-12-21T22:24:29.927+0000][gc,metaspace] Narrow klass base: 0x0000000800000000, Narrow klass shift: 0, Narrow klass range: 0x100000000
[2024-12-21T22:24:31.219+0000][gc,start    ] GC(0) Pause Young (Normal) (G1 Evacuation Pause)
[2024-12-21T22:24:31.219+0000][gc,task     ] GC(0) Using 8 workers of 8 for evacuation
[2024-12-21T22:24:31.225+0000][gc,phases   ] GC(0)   Pre Evacuate Collection Set: 0.2ms
[2024-12-21T22:24:31.225+0000][gc,phases   ] GC(0)   Merge Heap Roots: 0.2ms
[2024-12-21T22:24:31.225+0000][gc,phases   ] GC(0)   Evacuate Collection Set: 4.2ms
[2024-12-21T22:24:31.225+0000][gc,phases   ] GC(0)   Post Evacuate Collection Set: 0.9ms
[2024-12-21T22:24:31.225+0000][gc,phases   ] GC(0)   Other: 0.9ms
[2024-12-21T22:24:31.225+0000][gc,heap     ] GC(0) Eden regions: 51->0(44)
[2024-12-21T22:24:31.225+0000][gc,heap     ] GC(0) Survivor regions: 0->7(7)
[2024-12-21T22:24:31.225+0000][gc,heap     ] GC(0) Old regions: 0->2
[2024-12-21T22:24:31.225+0000][gc,heap     ] GC(0) Archive regions: 2->2
[2024-12-21T22:24:31.225+0000][gc,heap     ] GC(0) Humongous regions: 0->0
[2024-12-21T22:24:31.225+0000][gc,metaspace] GC(0) Metaspace: 17897K(18112K)->17897K(18112K) NonClass: 15822K(15936K)->15822K(15936K) Class: 2074K(2176K)->2074K(2176K)
[2024-12-21T22:24:31.225+0000][gc          ] GC(0) Pause Young (Normal) (G1 Evacuation Pause) 51M->9M(1024M) 6.648ms
[2024-12-21T22:24:31.225+0000][gc,cpu      ] GC(0) User=0.03s Sys=0.02s Real=0.01s
[2024-12-21T22:24:31.436+0000][gc,start    ] GC(1) Pause Young (Concurrent Start) (Metadata GC Threshold)
[2024-12-21T22:24:31.436+0000][gc,task     ] GC(1) Using 8 workers of 8 for evacuation
[2024-12-21T22:24:31.440+0000][gc,phases   ] GC(1)   Pre Evacuate Collection Set: 0.2ms
[2024-12-21T22:24:31.440+0000][gc,phases   ] GC(1)   Merge Heap Roots: 0.1ms
[2024-12-21T22:24:31.440+0000][gc,phases   ] GC(1)   Evacuate Collection Set: 3.2ms
[2024-12-21T22:24:31.440+0000][gc,phases   ] GC(1)   Post Evacuate Collection Set: 0.5ms
[2024-12-21T22:24:31.440+0000][gc,phases   ] GC(1)   Other: 0.1ms
[2024-12-21T22:24:31.440+0000][gc,heap     ] GC(1) Eden regions: 14->0(50)
[2024-12-21T22:24:31.440+0000][gc,heap     ] GC(1) Survivor regions: 7->1(7)
[2024-12-21T22:24:31.440+0000][gc,heap     ] GC(1) Old regions: 2->9
[2024-12-21T22:24:31.440+0000][gc,heap     ] GC(1) Archive regions: 2->2
[2024-12-21T22:24:31.440+0000][gc,heap     ] GC(1) Humongous regions: 0->0
[2024-12-21T22:24:31.440+0000][gc,metaspace] GC(1) Metaspace: 21313K(21504K)->21313K(21504K) NonClass: 18836K(18944K)->18836K(18944K) Class: 2476K(2560K)->2476K(2560K)
[2024-12-21T22:24:31.440+0000][gc          ] GC(1) Pause Young (Concurrent Start) (Metadata GC Threshold) 22M->9M(1024M) 4.457ms
[2024-12-21T22:24:31.441+0000][gc          ] GC(2) Concurrent Mark Cycle
[2024-12-21T22:24:31.441+0000][gc,cpu      ] GC(1) User=0.02s Sys=0.00s Real=0.01s
[2024-12-21T22:24:31.441+0000][gc,marking  ] GC(2) Concurrent Clear Claimed Marks
[2024-12-21T22:24:31.441+0000][gc,marking  ] GC(2) Concurrent Clear Claimed Marks 0.047ms
[2024-12-21T22:24:31.441+0000][gc,marking  ] GC(2) Concurrent Scan Root Regions
[2024-12-21T22:24:31.443+0000][gc,marking  ] GC(2) Concurrent Scan Root Regions 1.958ms
[2024-12-21T22:24:31.443+0000][gc,marking  ] GC(2) Concurrent Mark
[2024-12-21T22:24:31.443+0000][gc,marking  ] GC(2) Concurrent Mark From Roots
[2024-12-21T22:24:31.443+0000][gc,task     ] GC(2) Using 2 workers of 2 for marking
[2024-12-21T22:24:31.444+0000][gc,marking  ] GC(2) Concurrent Mark From Roots 1.663ms
[2024-12-21T22:24:31.444+0000][gc,marking  ] GC(2) Concurrent Preclean
[2024-12-21T22:24:31.444+0000][gc,marking  ] GC(2) Concurrent Preclean 0.015ms
[2024-12-21T22:24:31.445+0000][gc,start    ] GC(2) Pause Remark
[2024-12-21T22:24:31.446+0000][gc          ] GC(2) Pause Remark 10M->10M(1024M) 1.227ms
[2024-12-21T22:24:31.446+0000][gc,cpu      ] GC(2) User=0.00s Sys=0.00s Real=0.00s
[2024-12-21T22:24:31.446+0000][gc,marking  ] GC(2) Concurrent Mark 3.270ms
[2024-12-21T22:24:31.446+0000][gc,marking  ] GC(2) Concurrent Rebuild Remembered Sets
[2024-12-21T22:24:31.448+0000][gc,marking  ] GC(2) Concurrent Rebuild Remembered Sets 1.943ms
[2024-12-21T22:24:31.448+0000][gc,start    ] GC(2) Pause Cleanup
[2024-12-21T22:24:31.448+0000][gc          ] GC(2) Pause Cleanup 10M->10M(1024M) 0.162ms
[2024-12-21T22:24:31.448+0000][gc,cpu      ] GC(2) User=0.00s Sys=0.00s Real=0.00s
[2024-12-21T22:24:31.448+0000][gc,marking  ] GC(2) Concurrent Cleanup for Next Mark
[2024-12-21T22:24:31.454+0000][gc,marking  ] GC(2) Concurrent Cleanup for Next Mark 5.442ms
[2024-12-21T22:24:31.454+0000][gc          ] GC(2) Concurrent Mark Cycle 13.236ms
[2024-12-21T22:24:33.577+0000][gc,start    ] GC(3) Pause Young (Normal) (G1 Evacuation Pause)
[2024-12-21T22:24:33.577+0000][gc,task     ] GC(3) Using 8 workers of 8 for evacuation
[2024-12-21T22:24:33.580+0000][gc,phases   ] GC(3)   Pre Evacuate Collection Set: 0.1ms
[2024-12-21T22:24:33.580+0000][gc,phases   ] GC(3)   Merge Heap Roots: 0.1ms
[2024-12-21T22:24:33.580+0000][gc,phases   ] GC(3)   Evacuate Collection Set: 2.6ms
[2024-12-21T22:24:33.580+0000][gc,phases   ] GC(3)   Post Evacuate Collection Set: 0.4ms
[2024-12-21T22:24:33.580+0000][gc,phases   ] GC(3)   Other: 0.1ms
[2024-12-21T22:24:33.580+0000][gc,heap     ] GC(3) Eden regions: 50->0(45)
[2024-12-21T22:24:33.580+0000][gc,heap     ] GC(3) Survivor regions: 1->6(7)
[2024-12-21T22:24:33.580+0000][gc,heap     ] GC(3) Old regions: 9->9
[2024-12-21T22:24:33.580+0000][gc,heap     ] GC(3) Archive regions: 2->2
[2024-12-21T22:24:33.580+0000][gc,heap     ] GC(3) Humongous regions: 129->129
[2024-12-21T22:24:33.580+0000][gc,metaspace] GC(3) Metaspace: 31289K(31552K)->31289K(31552K) NonClass: 27876K(28032K)->27876K(28032K) Class: 3412K(3520K)->3412K(3520K)
[2024-12-21T22:24:33.580+0000][gc          ] GC(3) Pause Young (Normal) (G1 Evacuation Pause) 188M->143M(1024M) 3.473ms
[2024-12-21T22:24:33.580+0000][gc,cpu      ] GC(3) User=0.02s Sys=0.00s Real=0.01s
[2024-12-21T22:24:33.804+0000][gc,start    ] GC(4) Pause Young (Concurrent Start) (Metadata GC Threshold)
[2024-12-21T22:24:33.804+0000][gc,task     ] GC(4) Using 8 workers of 8 for evacuation
[2024-12-21T22:24:33.809+0000][gc,phases   ] GC(4)   Pre Evacuate Collection Set: 0.2ms
[2024-12-21T22:24:33.809+0000][gc,phases   ] GC(4)   Merge Heap Roots: 0.1ms
[2024-12-21T22:24:33.809+0000][gc,phases   ] GC(4)   Evacuate Collection Set: 4.2ms
[2024-12-21T22:24:33.809+0000][gc,phases   ] GC(4)   Post Evacuate Collection Set: 0.4ms
[2024-12-21T22:24:33.810+0000][gc,phases   ] GC(4)   Other: 0.2ms
[2024-12-21T22:24:33.810+0000][gc,heap     ] GC(4) Eden regions: 18->0(49)
[2024-12-21T22:24:33.810+0000][gc,heap     ] GC(4) Survivor regions: 6->2(7)
[2024-12-21T22:24:33.810+0000][gc,heap     ] GC(4) Old regions: 9->14
[2024-12-21T22:24:33.810+0000][gc,heap     ] GC(4) Archive regions: 2->2
[2024-12-21T22:24:33.810+0000][gc,heap     ] GC(4) Humongous regions: 129->129
[2024-12-21T22:24:33.810+0000][gc,metaspace] GC(4) Metaspace: 35676K(35968K)->35676K(35968K) NonClass: 31829K(32000K)->31829K(32000K) Class: 3847K(3968K)->3847K(3968K)
[2024-12-21T22:24:33.810+0000][gc          ] GC(4) Pause Young (Concurrent Start) (Metadata GC Threshold) 161M->145M(1024M) 5.291ms
[2024-12-21T22:24:33.810+0000][gc,cpu      ] GC(4) User=0.03s Sys=0.00s Real=0.01s
[2024-12-21T22:24:33.810+0000][gc          ] GC(5) Concurrent Mark Cycle
[2024-12-21T22:24:33.810+0000][gc,marking  ] GC(5) Concurrent Clear Claimed Marks
[2024-12-21T22:24:33.810+0000][gc,marking  ] GC(5) Concurrent Clear Claimed Marks 0.025ms
[2024-12-21T22:24:33.810+0000][gc,marking  ] GC(5) Concurrent Scan Root Regions
[2024-12-21T22:24:33.813+0000][gc,marking  ] GC(5) Concurrent Scan Root Regions 3.674ms
[2024-12-21T22:24:33.813+0000][gc,marking  ] GC(5) Concurrent Mark
[2024-12-21T22:24:33.813+0000][gc,marking  ] GC(5) Concurrent Mark From Roots
[2024-12-21T22:24:33.813+0000][gc,task     ] GC(5) Using 2 workers of 2 for marking
[2024-12-21T22:24:33.819+0000][gc,marking  ] GC(5) Concurrent Mark From Roots 5.885ms
[2024-12-21T22:24:33.819+0000][gc,marking  ] GC(5) Concurrent Preclean
[2024-12-21T22:24:33.819+0000][gc,marking  ] GC(5) Concurrent Preclean 0.059ms
[2024-12-21T22:24:33.820+0000][gc,start    ] GC(5) Pause Remark
[2024-12-21T22:24:33.821+0000][gc          ] GC(5) Pause Remark 147M->147M(1024M) 1.316ms
[2024-12-21T22:24:33.821+0000][gc,cpu      ] GC(5) User=0.01s Sys=0.00s Real=0.00s
[2024-12-21T22:24:33.821+0000][gc,marking  ] GC(5) Concurrent Mark 7.800ms
[2024-12-21T22:24:33.821+0000][gc,marking  ] GC(5) Concurrent Rebuild Remembered Sets
[2024-12-21T22:24:33.827+0000][gc,marking  ] GC(5) Concurrent Rebuild Remembered Sets 5.372ms
[2024-12-21T22:24:33.827+0000][gc,start    ] GC(5) Pause Cleanup
[2024-12-21T22:24:33.828+0000][gc          ] GC(5) Pause Cleanup 147M->147M(1024M) 0.171ms
[2024-12-21T22:24:33.828+0000][gc,cpu      ] GC(5) User=0.00s Sys=0.00s Real=0.00s
[2024-12-21T22:24:33.828+0000][gc,marking  ] GC(5) Concurrent Cleanup for Next Mark
[2024-12-21T22:24:33.834+0000][gc,marking  ] GC(5) Concurrent Cleanup for Next Mark 6.349ms
[2024-12-21T22:24:33.834+0000][gc          ] GC(5) Concurrent Mark Cycle 24.378ms
[2024-12-21T22:25:37.567+0000][gc,start    ] GC(6) Pause Young (Normal) (G1 Evacuation Pause)
[2024-12-21T22:25:37.568+0000][gc,task     ] GC(6) Using 8 workers of 8 for evacuation
[2024-12-21T22:25:37.574+0000][gc,phases   ] GC(6)   Pre Evacuate Collection Set: 0.2ms
[2024-12-21T22:25:37.574+0000][gc,phases   ] GC(6)   Merge Heap Roots: 0.1ms
[2024-12-21T22:25:37.574+0000][gc,phases   ] GC(6)   Evacuate Collection Set: 3.9ms
[2024-12-21T22:25:37.574+0000][gc,phases   ] GC(6)   Post Evacuate Collection Set: 0.7ms
[2024-12-21T22:25:37.574+0000][gc,phases   ] GC(6)   Other: 0.2ms
[2024-12-21T22:25:37.574+0000][gc,heap     ] GC(6) Eden regions: 49->0(45)
[2024-12-21T22:25:37.574+0000][gc,heap     ] GC(6) Survivor regions: 2->6(7)
[2024-12-21T22:25:37.574+0000][gc,heap     ] GC(6) Old regions: 14->14
[2024-12-21T22:25:37.574+0000][gc,heap     ] GC(6) Archive regions: 2->2
[2024-12-21T22:25:37.574+0000][gc,heap     ] GC(6) Humongous regions: 165->129
[2024-12-21T22:25:37.574+0000][gc,metaspace] GC(6) Metaspace: 43485K(44160K)->43485K(44160K) NonClass: 38491K(38848K)->38491K(38848K) Class: 4994K(5312K)->4994K(5312K)
[2024-12-21T22:25:37.574+0000][gc          ] GC(6) Pause Young (Normal) (G1 Evacuation Pause) 230M->148M(1024M) 6.285ms
[2024-12-21T22:25:37.574+0000][gc,cpu      ] GC(6) User=0.02s Sys=0.00s Real=0.01s
[2024-12-21T22:30:20.663+0000][gc,start    ] GC(7) Pause Young (Normal) (G1 Evacuation Pause)
[2024-12-21T22:30:20.664+0000][gc,task     ] GC(7) Using 8 workers of 8 for evacuation
[2024-12-21T22:30:20.672+0000][gc,phases   ] GC(7)   Pre Evacuate Collection Set: 0.4ms
[2024-12-21T22:30:20.672+0000][gc,phases   ] GC(7)   Merge Heap Roots: 0.2ms
[2024-12-21T22:30:20.672+0000][gc,phases   ] GC(7)   Evacuate Collection Set: 6.5ms
[2024-12-21T22:30:20.672+0000][gc,phases   ] GC(7)   Post Evacuate Collection Set: 0.7ms
[2024-12-21T22:30:20.672+0000][gc,phases   ] GC(7)   Other: 0.2ms
[2024-12-21T22:30:20.672+0000][gc,heap     ] GC(7) Eden regions: 45->0(48)
[2024-12-21T22:30:20.672+0000][gc,heap     ] GC(7) Survivor regions: 6->3(7)
[2024-12-21T22:30:20.672+0000][gc,heap     ] GC(7) Old regions: 14->18
[2024-12-21T22:30:20.672+0000][gc,heap     ] GC(7) Archive regions: 2->2
[2024-12-21T22:30:20.672+0000][gc,heap     ] GC(7) Humongous regions: 129->129
[2024-12-21T22:30:20.672+0000][gc,metaspace] GC(7) Metaspace: 44286K(44928K)->44286K(44928K) NonClass: 39197K(39552K)->39197K(39552K) Class: 5088K(5376K)->5088K(5376K)
[2024-12-21T22:30:20.672+0000][gc          ] GC(7) Pause Young (Normal) (G1 Evacuation Pause) 193M->149M(1024M) 9.186ms
[2024-12-21T22:30:20.672+0000][gc,cpu      ] GC(7) User=0.05s Sys=0.01s Real=0.01s
[2024-12-22T06:20:30.208+0000][gc,start    ] GC(8) Pause Young (Normal) (G1 Evacuation Pause)
[2024-12-22T06:20:30.209+0000][gc,task     ] GC(8) Using 8 workers of 8 for evacuation
[2024-12-22T06:20:30.221+0000][gc,phases   ] GC(8)   Pre Evacuate Collection Set: 1.5ms
[2024-12-22T06:20:30.221+0000][gc,phases   ] GC(8)   Merge Heap Roots: 0.4ms
[2024-12-22T06:20:30.221+0000][gc,phases   ] GC(8)   Evacuate Collection Set: 6.3ms
[2024-12-22T06:20:30.221+0000][gc,phases   ] GC(8)   Post Evacuate Collection Set: 3.4ms
[2024-12-22T06:20:30.221+0000][gc,phases   ] GC(8)   Other: 0.2ms
[2024-12-22T06:20:30.221+0000][gc,heap     ] GC(8) Eden regions: 48->0(46)
[2024-12-22T06:20:30.221+0000][gc,heap     ] GC(8) Survivor regions: 3->5(7)
[2024-12-22T06:20:30.221+0000][gc,heap     ] GC(8) Old regions: 18->18
[2024-12-22T06:20:30.221+0000][gc,heap     ] GC(8) Archive regions: 2->2
[2024-12-22T06:20:30.221+0000][gc,heap     ] GC(8) Humongous regions: 129->129
[2024-12-22T06:20:30.221+0000][gc,metaspace] GC(8) Metaspace: 44486K(45184K)->44486K(45184K) NonClass: 39374K(39744K)->39374K(39744K) Class: 5111K(5440K)->5111K(5440K)
[2024-12-22T06:20:30.221+0000][gc          ] GC(8) Pause Young (Normal) (G1 Evacuation Pause) 197M->152M(1024M) 13.160ms
[2024-12-22T06:20:30.221+0000][gc,cpu      ] GC(8) User=0.03s Sys=0.01s Real=0.02s
[2024-12-22T12:00:54.104+0000][gc,start    ] GC(9) Pause Young (Normal) (G1 Evacuation Pause)
[2024-12-22T12:00:54.105+0000][gc,task     ] GC(9) Using 8 workers of 8 for evacuation
[2024-12-22T12:00:54.121+0000][gc,phases   ] GC(9)   Pre Evacuate Collection Set: 0.3ms
[2024-12-22T12:00:54.121+0000][gc,phases   ] GC(9)   Merge Heap Roots: 0.2ms
[2024-12-22T12:00:54.121+0000][gc,phases   ] GC(9)   Evacuate Collection Set: 14.5ms
[2024-12-22T12:00:54.121+0000][gc,phases   ] GC(9)   Post Evacuate Collection Set: 0.4ms
[2024-12-22T12:00:54.121+0000][gc,phases   ] GC(9)   Other: 0.2ms
[2024-12-22T12:00:54.121+0000][gc,heap     ] GC(9) Eden regions: 46->0(44)
[2024-12-22T12:00:54.121+0000][gc,heap     ] GC(9) Survivor regions: 5->7(7)
[2024-12-22T12:00:54.121+0000][gc,heap     ] GC(9) Old regions: 18->19
[2024-12-22T12:00:54.121+0000][gc,heap     ] GC(9) Archive regions: 2->2
[2024-12-22T12:00:54.121+0000][gc,heap     ] GC(9) Humongous regions: 129->129
[2024-12-22T12:00:54.121+0000][gc,metaspace] GC(9) Metaspace: 44522K(45248K)->44522K(45248K) NonClass: 39409K(39808K)->39409K(39808K) Class: 5112K(5440K)->5112K(5440K)
[2024-12-22T12:00:54.121+0000][gc          ] GC(9) Pause Young (Normal) (G1 Evacuation Pause) 198M->155M(1024M) 16.920ms
[2024-12-22T12:00:54.121+0000][gc,cpu      ] GC(9) User=0.05s Sys=0.04s Real=0.02s
[2024-12-22T13:40:24.903+0000][gc,start    ] GC(10) Pause Young (Normal) (G1 Evacuation Pause)
[2024-12-22T13:40:24.904+0000][gc,task     ] GC(10) Using 8 workers of 8 for evacuation
[2024-12-22T13:40:24.910+0000][gc,phases   ] GC(10)   Pre Evacuate Collection Set: 0.1ms
[2024-12-22T13:40:24.910+0000][gc,phases   ] GC(10)   Merge Heap Roots: 0.1ms
[2024-12-22T13:40:24.910+0000][gc,phases   ] GC(10)   Evacuate Collection Set: 5.6ms
[2024-12-22T13:40:24.910+0000][gc,phases   ] GC(10)   Post Evacuate Collection Set: 0.4ms
[2024-12-22T13:40:24.910+0000][gc,phases   ] GC(10)   Other: 0.1ms
[2024-12-22T13:40:24.910+0000][gc,heap     ] GC(10) Eden regions: 44->0(50)
[2024-12-22T13:40:24.910+0000][gc,heap     ] GC(10) Survivor regions: 7->5(7)
[2024-12-22T13:40:24.910+0000][gc,heap     ] GC(10) Old regions: 19->22
[2024-12-22T13:40:24.910+0000][gc,heap     ] GC(10) Archive regions: 2->2
[2024-12-22T13:40:24.910+0000][gc,heap     ] GC(10) Humongous regions: 129->129
[2024-12-22T13:40:24.910+0000][gc,metaspace] GC(10) Metaspace: 44578K(45248K)->44578K(45248K) NonClass: 39465K(39808K)->39465K(39808K) Class: 5112K(5440K)->5112K(5440K)
[2024-12-22T13:40:24.910+0000][gc          ] GC(10) Pause Young (Normal) (G1 Evacuation Pause) 199M->156M(1024M) 7.072ms
[2024-12-22T13:40:24.910+0000][gc,cpu      ] GC(10) User=0.03s Sys=0.00s Real=0.01s
[2024-12-22T13:47:28.412+0000][gc,start    ] GC(11) Pause Young (Normal) (G1 Evacuation Pause)
[2024-12-22T13:47:28.412+0000][gc,task     ] GC(11) Using 8 workers of 8 for evacuation
[2024-12-22T13:47:28.424+0000][gc,phases   ] GC(11)   Pre Evacuate Collection Set: 0.4ms
[2024-12-22T13:47:28.424+0000][gc,phases   ] GC(11)   Merge Heap Roots: 0.3ms
[2024-12-22T13:47:28.424+0000][gc,phases   ] GC(11)   Evacuate Collection Set: 9.7ms
[2024-12-22T13:47:28.424+0000][gc,phases   ] GC(11)   Post Evacuate Collection Set: 0.9ms
[2024-12-22T13:47:28.424+0000][gc,phases   ] GC(11)   Other: 0.2ms
[2024-12-22T13:47:28.424+0000][gc,heap     ] GC(11) Eden regions: 50->0(116)
[2024-12-22T13:47:28.424+0000][gc,heap     ] GC(11) Survivor regions: 5->2(7)
[2024-12-22T13:47:28.424+0000][gc,heap     ] GC(11) Old regions: 22->26
[2024-12-22T13:47:28.424+0000][gc,heap     ] GC(11) Archive regions: 2->2
[2024-12-22T13:47:28.424+0000][gc,heap     ] GC(11) Humongous regions: 129->129
[2024-12-22T13:47:28.424+0000][gc,metaspace] GC(11) Metaspace: 44630K(45312K)->44630K(45312K) NonClass: 39517K(39872K)->39517K(39872K) Class: 5112K(5440K)->5112K(5440K)
[2024-12-22T13:47:28.424+0000][gc          ] GC(11) Pause Young (Normal) (G1 Evacuation Pause) 206M->157M(1024M) 12.421ms
[2024-12-22T13:47:28.424+0000][gc,cpu      ] GC(11) User=0.03s Sys=0.01s Real=0.01s
[2024-12-22T14:04:01.235+0000][gc,start    ] GC(12) Pause Young (Normal) (G1 Evacuation Pause)
[2024-12-22T14:04:01.236+0000][gc,task     ] GC(12) Using 8 workers of 8 for evacuation
[2024-12-22T14:04:01.241+0000][gc,phases   ] GC(12)   Pre Evacuate Collection Set: 0.7ms
[2024-12-22T14:04:01.242+0000][gc,phases   ] GC(12)   Merge Heap Roots: 0.2ms
[2024-12-22T14:04:01.242+0000][gc,phases   ] GC(12)   Evacuate Collection Set: 2.9ms
[2024-12-22T14:04:01.242+0000][gc,phases   ] GC(12)   Post Evacuate Collection Set: 1.6ms
[2024-12-22T14:04:01.242+0000][gc,phases   ] GC(12)   Other: 0.3ms
[2024-12-22T14:04:01.242+0000][gc,heap     ] GC(12) Eden regions: 116->0(612)
[2024-12-22T14:04:01.242+0000][gc,heap     ] GC(12) Survivor regions: 2->2(15)
[2024-12-22T14:04:01.242+0000][gc,heap     ] GC(12) Old regions: 26->26
[2024-12-22T14:04:01.242+0000][gc,heap     ] GC(12) Archive regions: 2->2
[2024-12-22T14:04:01.242+0000][gc,heap     ] GC(12) Humongous regions: 129->129
[2024-12-22T14:04:01.242+0000][gc,metaspace] GC(12) Metaspace: 44720K(45376K)->44720K(45376K) NonClass: 39607K(39936K)->39607K(39936K) Class: 5112K(5440K)->5112K(5440K)
[2024-12-22T14:04:01.242+0000][gc          ] GC(12) Pause Young (Normal) (G1 Evacuation Pause) 273M->156M(1024M) 7.179ms
[2024-12-22T14:04:01.242+0000][gc,cpu      ] GC(12) User=0.02s Sys=0.00s Real=0.01s
