[2024-12-26T23:48:05.370+0000][gc,init] CardTable entry size: 512
[2024-12-26T23:48:05.370+0000][gc     ] Using G1
[2024-12-26T23:48:05.376+0000][gc,init] Version: 19.0.2+7-FR (release)
[2024-12-26T23:48:05.376+0000][gc,init] CPUs: 8 total, 8 available
[2024-12-26T23:48:05.376+0000][gc,init] Memory: 16384M
[2024-12-26T23:48:05.376+0000][gc,init] Large Page Support: Disabled
[2024-12-26T23:48:05.376+0000][gc,init] NUMA Support: Disabled
[2024-12-26T23:48:05.376+0000][gc,init] Compressed Oops: Enabled (Zero based)
[2024-12-26T23:48:05.376+0000][gc,init] Heap Region Size: 1M
[2024-12-26T23:48:05.376+0000][gc,init] Heap Min Capacity: 1G
[2024-12-26T23:48:05.376+0000][gc,init] Heap Initial Capacity: 1G
[2024-12-26T23:48:05.376+0000][gc,init] Heap Max Capacity: 1G
[2024-12-26T23:48:05.376+0000][gc,init] Pre-touch: Disabled
[2024-12-26T23:48:05.376+0000][gc,init] Parallel Workers: 8
[2024-12-26T23:48:05.376+0000][gc,init] Concurrent Workers: 2
[2024-12-26T23:48:05.376+0000][gc,init] Concurrent Refinement Workers: 8
[2024-12-26T23:48:05.376+0000][gc,init] Periodic GC: Disabled
[2024-12-26T23:48:05.376+0000][gc,metaspace] CDS archive(s) mapped at: [0x0000000800000000-0x0000000800c42000-0x0000000800c42000), size 12853248, SharedBaseAddress: 0x0000000800000000, ArchiveRelocationMode: 0.
[2024-12-26T23:48:05.377+0000][gc,metaspace] Compressed class space mapped at: 0x0000000801000000-0x0000000841000000, reserved size: 1073741824
[2024-12-26T23:48:05.377+0000][gc,metaspace] Narrow klass base: 0x0000000800000000, Narrow klass shift: 0, Narrow klass range: 0x100000000
[2024-12-26T23:48:06.730+0000][gc,start    ] GC(0) Pause Young (Normal) (G1 Evacuation Pause)
[2024-12-26T23:48:06.731+0000][gc,task     ] GC(0) Using 8 workers of 8 for evacuation
[2024-12-26T23:48:06.738+0000][gc,phases   ] GC(0)   Pre Evacuate Collection Set: 0.1ms
[2024-12-26T23:48:06.738+0000][gc,phases   ] GC(0)   Merge Heap Roots: 0.1ms
[2024-12-26T23:48:06.738+0000][gc,phases   ] GC(0)   Evacuate Collection Set: 6.6ms
[2024-12-26T23:48:06.738+0000][gc,phases   ] GC(0)   Post Evacuate Collection Set: 0.5ms
[2024-12-26T23:48:06.738+0000][gc,phases   ] GC(0)   Other: 0.4ms
[2024-12-26T23:48:06.738+0000][gc,heap     ] GC(0) Eden regions: 51->0(44)
[2024-12-26T23:48:06.738+0000][gc,heap     ] GC(0) Survivor regions: 0->7(7)
[2024-12-26T23:48:06.738+0000][gc,heap     ] GC(0) Old regions: 0->1
[2024-12-26T23:48:06.738+0000][gc,heap     ] GC(0) Archive regions: 2->2
[2024-12-26T23:48:06.738+0000][gc,heap     ] GC(0) Humongous regions: 0->0
[2024-12-26T23:48:06.738+0000][gc,metaspace] GC(0) Metaspace: 17636K(17856K)->17636K(17856K) NonClass: 15603K(15744K)->15603K(15744K) Class: 2032K(2112K)->2032K(2112K)
[2024-12-26T23:48:06.738+0000][gc          ] GC(0) Pause Young (Normal) (G1 Evacuation Pause) 51M->8M(1024M) 7.908ms
[2024-12-26T23:48:06.738+0000][gc,cpu      ] GC(0) User=0.02s Sys=0.01s Real=0.00s
[2024-12-26T23:48:06.970+0000][gc,start    ] GC(1) Pause Young (Concurrent Start) (Metadata GC Threshold)
[2024-12-26T23:48:06.970+0000][gc,task     ] GC(1) Using 8 workers of 8 for evacuation
[2024-12-26T23:48:06.975+0000][gc,phases   ] GC(1)   Pre Evacuate Collection Set: 0.1ms
[2024-12-26T23:48:06.975+0000][gc,phases   ] GC(1)   Merge Heap Roots: 0.0ms
[2024-12-26T23:48:06.975+0000][gc,phases   ] GC(1)   Evacuate Collection Set: 4.8ms
[2024-12-26T23:48:06.975+0000][gc,phases   ] GC(1)   Post Evacuate Collection Set: 0.5ms
[2024-12-26T23:48:06.975+0000][gc,phases   ] GC(1)   Other: 0.1ms
[2024-12-26T23:48:06.975+0000][gc,heap     ] GC(1) Eden regions: 15->0(50)
[2024-12-26T23:48:06.975+0000][gc,heap     ] GC(1) Survivor regions: 7->1(7)
[2024-12-26T23:48:06.975+0000][gc,heap     ] GC(1) Old regions: 1->9
[2024-12-26T23:48:06.975+0000][gc,heap     ] GC(1) Archive regions: 2->2
[2024-12-26T23:48:06.975+0000][gc,heap     ] GC(1) Humongous regions: 0->0
[2024-12-26T23:48:06.976+0000][gc,metaspace] GC(1) Metaspace: 21332K(21504K)->21332K(21504K) NonClass: 18856K(18944K)->18856K(18944K) Class: 2476K(2560K)->2476K(2560K)
[2024-12-26T23:48:06.976+0000][gc          ] GC(1) Pause Young (Concurrent Start) (Metadata GC Threshold) 23M->10M(1024M) 5.977ms
[2024-12-26T23:48:06.976+0000][gc          ] GC(2) Concurrent Mark Cycle
[2024-12-26T23:48:06.976+0000][gc,cpu      ] GC(1) User=0.02s Sys=0.01s Real=0.00s
[2024-12-26T23:48:06.976+0000][gc,marking  ] GC(2) Concurrent Clear Claimed Marks
[2024-12-26T23:48:06.976+0000][gc,marking  ] GC(2) Concurrent Clear Claimed Marks 0.079ms
[2024-12-26T23:48:06.976+0000][gc,marking  ] GC(2) Concurrent Scan Root Regions
[2024-12-26T23:48:06.978+0000][gc,marking  ] GC(2) Concurrent Scan Root Regions 2.579ms
[2024-12-26T23:48:06.978+0000][gc,marking  ] GC(2) Concurrent Mark
[2024-12-26T23:48:06.978+0000][gc,marking  ] GC(2) Concurrent Mark From Roots
[2024-12-26T23:48:06.978+0000][gc,task     ] GC(2) Using 2 workers of 2 for marking
[2024-12-26T23:48:06.980+0000][gc,marking  ] GC(2) Concurrent Mark From Roots 1.646ms
[2024-12-26T23:48:06.980+0000][gc,marking  ] GC(2) Concurrent Preclean
[2024-12-26T23:48:06.980+0000][gc,marking  ] GC(2) Concurrent Preclean 0.016ms
[2024-12-26T23:48:06.980+0000][gc,start    ] GC(2) Pause Remark
[2024-12-26T23:48:06.982+0000][gc          ] GC(2) Pause Remark 11M->11M(1024M) 1.458ms
[2024-12-26T23:48:06.982+0000][gc,cpu      ] GC(2) User=0.00s Sys=0.00s Real=0.00s
[2024-12-26T23:48:06.982+0000][gc,marking  ] GC(2) Concurrent Mark 3.370ms
[2024-12-26T23:48:06.982+0000][gc,marking  ] GC(2) Concurrent Rebuild Remembered Sets
[2024-12-26T23:48:06.984+0000][gc,marking  ] GC(2) Concurrent Rebuild Remembered Sets 2.077ms
[2024-12-26T23:48:06.984+0000][gc,start    ] GC(2) Pause Cleanup
[2024-12-26T23:48:06.984+0000][gc          ] GC(2) Pause Cleanup 11M->11M(1024M) 0.128ms
[2024-12-26T23:48:06.984+0000][gc,cpu      ] GC(2) User=0.00s Sys=0.00s Real=0.00s
[2024-12-26T23:48:06.984+0000][gc,marking  ] GC(2) Concurrent Cleanup for Next Mark
[2024-12-26T23:48:06.992+0000][gc,marking  ] GC(2) Concurrent Cleanup for Next Mark 7.278ms
[2024-12-26T23:48:06.992+0000][gc          ] GC(2) Concurrent Mark Cycle 15.992ms
[2024-12-26T23:48:09.002+0000][gc,start    ] GC(3) Pause Young (Normal) (G1 Evacuation Pause)
[2024-12-26T23:48:09.002+0000][gc,task     ] GC(3) Using 8 workers of 8 for evacuation
[2024-12-26T23:48:09.006+0000][gc,phases   ] GC(3)   Pre Evacuate Collection Set: 0.1ms
[2024-12-26T23:48:09.006+0000][gc,phases   ] GC(3)   Merge Heap Roots: 0.0ms
[2024-12-26T23:48:09.006+0000][gc,phases   ] GC(3)   Evacuate Collection Set: 2.9ms
[2024-12-26T23:48:09.006+0000][gc,phases   ] GC(3)   Post Evacuate Collection Set: 0.6ms
[2024-12-26T23:48:09.006+0000][gc,phases   ] GC(3)   Other: 0.1ms
[2024-12-26T23:48:09.006+0000][gc,heap     ] GC(3) Eden regions: 50->0(45)
[2024-12-26T23:48:09.006+0000][gc,heap     ] GC(3) Survivor regions: 1->6(7)
[2024-12-26T23:48:09.006+0000][gc,heap     ] GC(3) Old regions: 9->9
[2024-12-26T23:48:09.006+0000][gc,heap     ] GC(3) Archive regions: 2->2
[2024-12-26T23:48:09.006+0000][gc,heap     ] GC(3) Humongous regions: 129->129
[2024-12-26T23:48:09.006+0000][gc,metaspace] GC(3) Metaspace: 31330K(31680K)->31330K(31680K) NonClass: 27910K(28096K)->27910K(28096K) Class: 3420K(3584K)->3420K(3584K)
[2024-12-26T23:48:09.006+0000][gc          ] GC(3) Pause Young (Normal) (G1 Evacuation Pause) 189M->143M(1024M) 4.038ms
[2024-12-26T23:48:09.006+0000][gc,cpu      ] GC(3) User=0.02s Sys=0.00s Real=0.00s
[2024-12-26T23:48:09.288+0000][gc,start    ] GC(4) Pause Young (Concurrent Start) (Metadata GC Threshold)
[2024-12-26T23:48:09.288+0000][gc,task     ] GC(4) Using 8 workers of 8 for evacuation
[2024-12-26T23:48:09.297+0000][gc,phases   ] GC(4)   Pre Evacuate Collection Set: 0.2ms
[2024-12-26T23:48:09.297+0000][gc,phases   ] GC(4)   Merge Heap Roots: 0.1ms
[2024-12-26T23:48:09.297+0000][gc,phases   ] GC(4)   Evacuate Collection Set: 8.0ms
[2024-12-26T23:48:09.297+0000][gc,phases   ] GC(4)   Post Evacuate Collection Set: 0.4ms
[2024-12-26T23:48:09.297+0000][gc,phases   ] GC(4)   Other: 0.1ms
[2024-12-26T23:48:09.297+0000][gc,heap     ] GC(4) Eden regions: 18->0(49)
[2024-12-26T23:48:09.297+0000][gc,heap     ] GC(4) Survivor regions: 6->2(7)
[2024-12-26T23:48:09.297+0000][gc,heap     ] GC(4) Old regions: 9->14
[2024-12-26T23:48:09.297+0000][gc,heap     ] GC(4) Archive regions: 2->2
[2024-12-26T23:48:09.297+0000][gc,heap     ] GC(4) Humongous regions: 129->129
[2024-12-26T23:48:09.297+0000][gc,metaspace] GC(4) Metaspace: 35740K(35968K)->35740K(35968K) NonClass: 31888K(32000K)->31888K(32000K) Class: 3852K(3968K)->3852K(3968K)
[2024-12-26T23:48:09.297+0000][gc          ] GC(4) Pause Young (Concurrent Start) (Metadata GC Threshold) 161M->145M(1024M) 9.238ms
[2024-12-26T23:48:09.297+0000][gc          ] GC(5) Concurrent Mark Cycle
[2024-12-26T23:48:09.297+0000][gc,cpu      ] GC(4) User=0.03s Sys=0.00s Real=0.01s
[2024-12-26T23:48:09.297+0000][gc,marking  ] GC(5) Concurrent Clear Claimed Marks
[2024-12-26T23:48:09.297+0000][gc,marking  ] GC(5) Concurrent Clear Claimed Marks 0.068ms
[2024-12-26T23:48:09.297+0000][gc,marking  ] GC(5) Concurrent Scan Root Regions
[2024-12-26T23:48:09.302+0000][gc,marking  ] GC(5) Concurrent Scan Root Regions 4.775ms
[2024-12-26T23:48:09.302+0000][gc,marking  ] GC(5) Concurrent Mark
[2024-12-26T23:48:09.302+0000][gc,marking  ] GC(5) Concurrent Mark From Roots
[2024-12-26T23:48:09.302+0000][gc,task     ] GC(5) Using 2 workers of 2 for marking
[2024-12-26T23:48:09.309+0000][gc,marking  ] GC(5) Concurrent Mark From Roots 6.945ms
[2024-12-26T23:48:09.309+0000][gc,marking  ] GC(5) Concurrent Preclean
[2024-12-26T23:48:09.309+0000][gc,marking  ] GC(5) Concurrent Preclean 0.066ms
[2024-12-26T23:48:09.313+0000][gc,start    ] GC(5) Pause Remark
[2024-12-26T23:48:09.315+0000][gc          ] GC(5) Pause Remark 147M->147M(1024M) 1.674ms
[2024-12-26T23:48:09.315+0000][gc,cpu      ] GC(5) User=0.00s Sys=0.00s Real=0.00s
[2024-12-26T23:48:09.315+0000][gc,marking  ] GC(5) Concurrent Mark 12.809ms
[2024-12-26T23:48:09.315+0000][gc,marking  ] GC(5) Concurrent Rebuild Remembered Sets
[2024-12-26T23:48:09.323+0000][gc,marking  ] GC(5) Concurrent Rebuild Remembered Sets 8.173ms
[2024-12-26T23:48:09.323+0000][gc,start    ] GC(5) Pause Cleanup
[2024-12-26T23:48:09.323+0000][gc          ] GC(5) Pause Cleanup 147M->147M(1024M) 0.173ms
[2024-12-26T23:48:09.323+0000][gc,cpu      ] GC(5) User=0.00s Sys=0.00s Real=0.00s
[2024-12-26T23:48:09.324+0000][gc,marking  ] GC(5) Concurrent Cleanup for Next Mark
[2024-12-26T23:48:09.332+0000][gc,marking  ] GC(5) Concurrent Cleanup for Next Mark 8.481ms
[2024-12-26T23:48:09.333+0000][gc          ] GC(5) Concurrent Mark Cycle 35.482ms
[2024-12-26T23:48:10.984+0000][gc,start    ] GC(6) Pause Young (Prepare Mixed) (G1 Evacuation Pause)
[2024-12-26T23:48:10.984+0000][gc,task     ] GC(6) Using 8 workers of 8 for evacuation
[2024-12-26T23:48:10.987+0000][gc,phases   ] GC(6)   Pre Evacuate Collection Set: 0.1ms
[2024-12-26T23:48:10.987+0000][gc,phases   ] GC(6)   Merge Heap Roots: 0.1ms
[2024-12-26T23:48:10.987+0000][gc,phases   ] GC(6)   Evacuate Collection Set: 2.2ms
[2024-12-26T23:48:10.987+0000][gc,phases   ] GC(6)   Post Evacuate Collection Set: 0.3ms
[2024-12-26T23:48:10.987+0000][gc,phases   ] GC(6)   Other: 0.1ms
[2024-12-26T23:48:10.987+0000][gc,heap     ] GC(6) Eden regions: 49->0(47)
[2024-12-26T23:48:10.987+0000][gc,heap     ] GC(6) Survivor regions: 2->4(7)
[2024-12-26T23:48:10.987+0000][gc,heap     ] GC(6) Old regions: 14->14
[2024-12-26T23:48:10.987+0000][gc,heap     ] GC(6) Archive regions: 2->2
[2024-12-26T23:48:10.987+0000][gc,heap     ] GC(6) Humongous regions: 141->135
[2024-12-26T23:48:10.987+0000][gc,metaspace] GC(6) Metaspace: 40544K(40960K)->40544K(40960K) NonClass: 36015K(36224K)->36015K(36224K) Class: 4529K(4736K)->4529K(4736K)
[2024-12-26T23:48:10.987+0000][gc          ] GC(6) Pause Young (Prepare Mixed) (G1 Evacuation Pause) 206M->152M(1024M) 2.996ms
[2024-12-26T23:48:10.987+0000][gc,cpu      ] GC(6) User=0.02s Sys=0.00s Real=0.00s
[2024-12-26T23:48:11.057+0000][gc,start    ] GC(7) Pause Young (Mixed) (G1 Evacuation Pause)
[2024-12-26T23:48:11.057+0000][gc,task     ] GC(7) Using 8 workers of 8 for evacuation
[2024-12-26T23:48:11.059+0000][gc,phases   ] GC(7)   Pre Evacuate Collection Set: 0.1ms
[2024-12-26T23:48:11.059+0000][gc,phases   ] GC(7)   Merge Heap Roots: 0.1ms
[2024-12-26T23:48:11.059+0000][gc,phases   ] GC(7)   Evacuate Collection Set: 2.3ms
[2024-12-26T23:48:11.059+0000][gc,phases   ] GC(7)   Post Evacuate Collection Set: 0.3ms
[2024-12-26T23:48:11.059+0000][gc,phases   ] GC(7)   Other: 0.1ms
[2024-12-26T23:48:11.059+0000][gc,heap     ] GC(7) Eden regions: 47->0(47)
[2024-12-26T23:48:11.059+0000][gc,heap     ] GC(7) Survivor regions: 4->4(7)
[2024-12-26T23:48:11.059+0000][gc,heap     ] GC(7) Old regions: 14->14
[2024-12-26T23:48:11.059+0000][gc,heap     ] GC(7) Archive regions: 2->2
[2024-12-26T23:48:11.060+0000][gc,heap     ] GC(7) Humongous regions: 135->135
[2024-12-26T23:48:11.060+0000][gc,metaspace] GC(7) Metaspace: 40546K(40960K)->40546K(40960K) NonClass: 36017K(36224K)->36017K(36224K) Class: 4529K(4736K)->4529K(4736K)
[2024-12-26T23:48:11.060+0000][gc          ] GC(7) Pause Young (Mixed) (G1 Evacuation Pause) 199M->152M(1024M) 3.019ms
[2024-12-26T23:48:11.060+0000][gc,cpu      ] GC(7) User=0.01s Sys=0.00s Real=0.01s
[2024-12-27T00:28:48.342+0000][gc,start    ] GC(8) Pause Young (Normal) (G1 Evacuation Pause)
[2024-12-27T00:28:48.342+0000][gc,task     ] GC(8) Using 8 workers of 8 for evacuation
[2024-12-27T00:28:48.347+0000][gc,phases   ] GC(8)   Pre Evacuate Collection Set: 0.2ms
[2024-12-27T00:28:48.347+0000][gc,phases   ] GC(8)   Merge Heap Roots: 0.1ms
[2024-12-27T00:28:48.347+0000][gc,phases   ] GC(8)   Evacuate Collection Set: 3.4ms
[2024-12-27T00:28:48.347+0000][gc,phases   ] GC(8)   Post Evacuate Collection Set: 0.7ms
[2024-12-27T00:28:48.347+0000][gc,phases   ] GC(8)   Other: 0.1ms
[2024-12-27T00:28:48.347+0000][gc,heap     ] GC(8) Eden regions: 47->0(47)
[2024-12-27T00:28:48.347+0000][gc,heap     ] GC(8) Survivor regions: 4->4(7)
[2024-12-27T00:28:48.347+0000][gc,heap     ] GC(8) Old regions: 14->14
[2024-12-27T00:28:48.347+0000][gc,heap     ] GC(8) Archive regions: 2->2
[2024-12-27T00:28:48.347+0000][gc,heap     ] GC(8) Humongous regions: 135->129
[2024-12-27T00:28:48.347+0000][gc,metaspace] GC(8) Metaspace: 41605K(42176K)->41605K(42176K) NonClass: 36958K(37248K)->36958K(37248K) Class: 4646K(4928K)->4646K(4928K)
[2024-12-27T00:28:48.347+0000][gc          ] GC(8) Pause Young (Normal) (G1 Evacuation Pause) 199M->147M(1024M) 5.012ms
[2024-12-27T00:28:48.347+0000][gc,cpu      ] GC(8) User=0.02s Sys=0.00s Real=0.00s
[2024-12-27T00:59:02.041+0000][gc,start    ] GC(9) Pause Young (Normal) (G1 Evacuation Pause)
[2024-12-27T00:59:02.041+0000][gc,task     ] GC(9) Using 8 workers of 8 for evacuation
[2024-12-27T00:59:02.044+0000][gc,phases   ] GC(9)   Pre Evacuate Collection Set: 0.1ms
[2024-12-27T00:59:02.044+0000][gc,phases   ] GC(9)   Merge Heap Roots: 0.1ms
[2024-12-27T00:59:02.044+0000][gc,phases   ] GC(9)   Evacuate Collection Set: 2.5ms
[2024-12-27T00:59:02.044+0000][gc,phases   ] GC(9)   Post Evacuate Collection Set: 0.4ms
[2024-12-27T00:59:02.044+0000][gc,phases   ] GC(9)   Other: 0.1ms
[2024-12-27T00:59:02.044+0000][gc,heap     ] GC(9) Eden regions: 47->0(64)
[2024-12-27T00:59:02.044+0000][gc,heap     ] GC(9) Survivor regions: 4->5(7)
[2024-12-27T00:59:02.044+0000][gc,heap     ] GC(9) Old regions: 14->14
[2024-12-27T00:59:02.044+0000][gc,heap     ] GC(9) Archive regions: 2->2
[2024-12-27T00:59:02.044+0000][gc,heap     ] GC(9) Humongous regions: 129->129
[2024-12-27T00:59:02.044+0000][gc,metaspace] GC(9) Metaspace: 42921K(43456K)->42921K(43456K) NonClass: 38005K(38272K)->38005K(38272K) Class: 4916K(5184K)->4916K(5184K)
[2024-12-27T00:59:02.044+0000][gc          ] GC(9) Pause Young (Normal) (G1 Evacuation Pause) 194M->147M(1024M) 3.351ms
[2024-12-27T00:59:02.044+0000][gc,cpu      ] GC(9) User=0.02s Sys=0.00s Real=0.00s
[2024-12-27T01:29:01.146+0000][gc,start    ] GC(10) Pause Young (Normal) (G1 Evacuation Pause)
[2024-12-27T01:29:01.146+0000][gc,task     ] GC(10) Using 8 workers of 8 for evacuation
[2024-12-27T01:29:01.156+0000][gc,phases   ] GC(10)   Pre Evacuate Collection Set: 0.4ms
[2024-12-27T01:29:01.156+0000][gc,phases   ] GC(10)   Merge Heap Roots: 0.1ms
[2024-12-27T01:29:01.156+0000][gc,phases   ] GC(10)   Evacuate Collection Set: 8.3ms
[2024-12-27T01:29:01.156+0000][gc,phases   ] GC(10)   Post Evacuate Collection Set: 0.7ms
[2024-12-27T01:29:01.156+0000][gc,phases   ] GC(10)   Other: 0.5ms
[2024-12-27T01:29:01.156+0000][gc,heap     ] GC(10) Eden regions: 64->0(46)
[2024-12-27T01:29:01.156+0000][gc,heap     ] GC(10) Survivor regions: 5->7(9)
[2024-12-27T01:29:01.157+0000][gc,heap     ] GC(10) Old regions: 14->14
[2024-12-27T01:29:01.157+0000][gc,heap     ] GC(10) Archive regions: 2->2
[2024-12-27T01:29:01.157+0000][gc,heap     ] GC(10) Humongous regions: 129->129
[2024-12-27T01:29:01.157+0000][gc,metaspace] GC(10) Metaspace: 44922K(45632K)->44922K(45632K) NonClass: 39749K(40128K)->39749K(40128K) Class: 5172K(5504K)->5172K(5504K)
[2024-12-27T01:29:01.157+0000][gc          ] GC(10) Pause Young (Normal) (G1 Evacuation Pause) 211M->150M(1024M) 10.421ms
[2024-12-27T01:29:01.157+0000][gc,cpu      ] GC(10) User=0.05s Sys=0.01s Real=0.01s
[2024-12-27T01:49:35.181+0000][gc,start    ] GC(11) Pause Young (Normal) (G1 Evacuation Pause)
[2024-12-27T01:49:35.182+0000][gc,task     ] GC(11) Using 8 workers of 8 for evacuation
[2024-12-27T01:49:35.201+0000][gc,phases   ] GC(11)   Pre Evacuate Collection Set: 1.1ms
[2024-12-27T01:49:35.201+0000][gc,phases   ] GC(11)   Merge Heap Roots: 0.2ms
[2024-12-27T01:49:35.201+0000][gc,phases   ] GC(11)   Evacuate Collection Set: 16.7ms
[2024-12-27T01:49:35.201+0000][gc,phases   ] GC(11)   Post Evacuate Collection Set: 0.8ms
[2024-12-27T01:49:35.201+0000][gc,phases   ] GC(11)   Other: 0.3ms
[2024-12-27T01:49:35.201+0000][gc,heap     ] GC(11) Eden regions: 46->0(183)
[2024-12-27T01:49:35.201+0000][gc,heap     ] GC(11) Survivor regions: 7->4(7)
[2024-12-27T01:49:35.201+0000][gc,heap     ] GC(11) Old regions: 14->17
[2024-12-27T01:49:35.201+0000][gc,heap     ] GC(11) Archive regions: 2->2
[2024-12-27T01:49:35.201+0000][gc,heap     ] GC(11) Humongous regions: 129->129
[2024-12-27T01:49:35.201+0000][gc,metaspace] GC(11) Metaspace: 45048K(45760K)->45048K(45760K) NonClass: 39869K(40256K)->39869K(40256K) Class: 5178K(5504K)->5178K(5504K)
[2024-12-27T01:49:35.201+0000][gc          ] GC(11) Pause Young (Normal) (G1 Evacuation Pause) 196M->150M(1024M) 20.179ms
[2024-12-27T01:49:35.201+0000][gc,cpu      ] GC(11) User=0.03s Sys=0.06s Real=0.02s
[2024-12-27T02:44:21.299+0000][gc,start    ] GC(12) Pause Young (Normal) (G1 Evacuation Pause)
[2024-12-27T02:44:21.300+0000][gc,task     ] GC(12) Using 8 workers of 8 for evacuation
[2024-12-27T02:44:21.311+0000][gc,phases   ] GC(12)   Pre Evacuate Collection Set: 1.6ms
[2024-12-27T02:44:21.312+0000][gc,phases   ] GC(12)   Merge Heap Roots: 0.3ms
[2024-12-27T02:44:21.312+0000][gc,phases   ] GC(12)   Evacuate Collection Set: 8.2ms
[2024-12-27T02:44:21.312+0000][gc,phases   ] GC(12)   Post Evacuate Collection Set: 0.7ms
[2024-12-27T02:44:21.312+0000][gc,phases   ] GC(12)   Other: 0.3ms
[2024-12-27T02:44:21.312+0000][gc,heap     ] GC(12) Eden regions: 183->0(411)
[2024-12-27T02:44:21.312+0000][gc,heap     ] GC(12) Survivor regions: 4->4(24)
[2024-12-27T02:44:21.312+0000][gc,heap     ] GC(12) Old regions: 17->17
[2024-12-27T02:44:21.312+0000][gc,heap     ] GC(12) Archive regions: 2->2
[2024-12-27T02:44:21.312+0000][gc,heap     ] GC(12) Humongous regions: 129->129
[2024-12-27T02:44:21.312+0000][gc,metaspace] GC(12) Metaspace: 45132K(45824K)->45132K(45824K) NonClass: 39953K(40320K)->39953K(40320K) Class: 5179K(5504K)->5179K(5504K)
[2024-12-27T02:44:21.312+0000][gc          ] GC(12) Pause Young (Normal) (G1 Evacuation Pause) 333M->150M(1024M) 12.352ms
[2024-12-27T02:44:21.312+0000][gc,cpu      ] GC(12) User=0.03s Sys=0.04s Real=0.02s
[2024-12-27T03:08:59.929+0000][gc,heap,exit] Heap
[2024-12-27T03:08:59.929+0000][gc,heap,exit]  garbage-first heap   total 1048576K, used 243603K [0x00000007c0000000, 0x0000000800000000)
[2024-12-27T03:08:59.929+0000][gc,heap,exit]   region size 1024K, 92 young (94208K), 4 survivors (4096K)
[2024-12-27T03:08:59.929+0000][gc,heap,exit]  Metaspace       used 46078K, committed 46784K, reserved 1114112K
[2024-12-27T03:08:59.929+0000][gc,heap,exit]   class space    used 5360K, committed 5696K, reserved 1048576K
