[2024-12-31T11:18:16.249+0000][gc,init] CardTable entry size: 512
[2024-12-31T11:18:16.249+0000][gc     ] Using G1
[2024-12-31T11:18:16.255+0000][gc,init] Version: 19.0.2+7-FR (release)
[2024-12-31T11:18:16.255+0000][gc,init] CPUs: 8 total, 8 available
[2024-12-31T11:18:16.255+0000][gc,init] Memory: 16384M
[2024-12-31T11:18:16.255+0000][gc,init] Large Page Support: Disabled
[2024-12-31T11:18:16.255+0000][gc,init] NUMA Support: Disabled
[2024-12-31T11:18:16.255+0000][gc,init] Compressed Oops: Enabled (Zero based)
[2024-12-31T11:18:16.255+0000][gc,init] Heap Region Size: 1M
[2024-12-31T11:18:16.255+0000][gc,init] Heap Min Capacity: 1G
[2024-12-31T11:18:16.255+0000][gc,init] Heap Initial Capacity: 1G
[2024-12-31T11:18:16.255+0000][gc,init] Heap Max Capacity: 1G
[2024-12-31T11:18:16.255+0000][gc,init] Pre-touch: Disabled
[2024-12-31T11:18:16.255+0000][gc,init] Parallel Workers: 8
[2024-12-31T11:18:16.255+0000][gc,init] Concurrent Workers: 2
[2024-12-31T11:18:16.255+0000][gc,init] Concurrent Refinement Workers: 8
[2024-12-31T11:18:16.255+0000][gc,init] Periodic GC: Disabled
[2024-12-31T11:18:16.255+0000][gc,metaspace] CDS archive(s) mapped at: [0x0000000800000000-0x0000000800c42000-0x0000000800c42000), size 12853248, SharedBaseAddress: 0x0000000800000000, ArchiveRelocationMode: 0.
[2024-12-31T11:18:16.255+0000][gc,metaspace] Compressed class space mapped at: 0x0000000801000000-0x0000000841000000, reserved size: 1073741824
[2024-12-31T11:18:16.255+0000][gc,metaspace] Narrow klass base: 0x0000000800000000, Narrow klass shift: 0, Narrow klass range: 0x100000000
[2024-12-31T11:18:17.946+0000][gc,start    ] GC(0) Pause Young (Normal) (G1 Evacuation Pause)
[2024-12-31T11:18:17.946+0000][gc,task     ] GC(0) Using 8 workers of 8 for evacuation
[2024-12-31T11:18:17.950+0000][gc,phases   ] GC(0)   Pre Evacuate Collection Set: 0.1ms
[2024-12-31T11:18:17.950+0000][gc,phases   ] GC(0)   Merge Heap Roots: 0.1ms
[2024-12-31T11:18:17.950+0000][gc,phases   ] GC(0)   Evacuate Collection Set: 3.7ms
[2024-12-31T11:18:17.950+0000][gc,phases   ] GC(0)   Post Evacuate Collection Set: 0.4ms
[2024-12-31T11:18:17.951+0000][gc,phases   ] GC(0)   Other: 0.4ms
[2024-12-31T11:18:17.951+0000][gc,heap     ] GC(0) Eden regions: 51->0(44)
[2024-12-31T11:18:17.951+0000][gc,heap     ] GC(0) Survivor regions: 0->7(7)
[2024-12-31T11:18:17.951+0000][gc,heap     ] GC(0) Old regions: 0->1
[2024-12-31T11:18:17.951+0000][gc,heap     ] GC(0) Archive regions: 2->2
[2024-12-31T11:18:17.951+0000][gc,heap     ] GC(0) Humongous regions: 0->0
[2024-12-31T11:18:17.951+0000][gc,metaspace] GC(0) Metaspace: 17661K(17856K)->17661K(17856K) NonClass: 15630K(15744K)->15630K(15744K) Class: 2031K(2112K)->2031K(2112K)
[2024-12-31T11:18:17.951+0000][gc          ] GC(0) Pause Young (Normal) (G1 Evacuation Pause) 51M->8M(1024M) 4.897ms
[2024-12-31T11:18:17.951+0000][gc,cpu      ] GC(0) User=0.02s Sys=0.00s Real=0.01s
[2024-12-31T11:18:18.337+0000][gc,start    ] GC(1) Pause Young (Concurrent Start) (Metadata GC Threshold)
[2024-12-31T11:18:18.337+0000][gc,task     ] GC(1) Using 8 workers of 8 for evacuation
[2024-12-31T11:18:18.342+0000][gc,phases   ] GC(1)   Pre Evacuate Collection Set: 0.2ms
[2024-12-31T11:18:18.342+0000][gc,phases   ] GC(1)   Merge Heap Roots: 0.0ms
[2024-12-31T11:18:18.342+0000][gc,phases   ] GC(1)   Evacuate Collection Set: 4.6ms
[2024-12-31T11:18:18.342+0000][gc,phases   ] GC(1)   Post Evacuate Collection Set: 0.3ms
[2024-12-31T11:18:18.342+0000][gc,phases   ] GC(1)   Other: 0.1ms
[2024-12-31T11:18:18.342+0000][gc,heap     ] GC(1) Eden regions: 15->0(49)
[2024-12-31T11:18:18.342+0000][gc,heap     ] GC(1) Survivor regions: 7->2(7)
[2024-12-31T11:18:18.342+0000][gc,heap     ] GC(1) Old regions: 1->8
[2024-12-31T11:18:18.342+0000][gc,heap     ] GC(1) Archive regions: 2->2
[2024-12-31T11:18:18.342+0000][gc,heap     ] GC(1) Humongous regions: 0->0
[2024-12-31T11:18:18.342+0000][gc,metaspace] GC(1) Metaspace: 21235K(21504K)->21235K(21504K) NonClass: 18762K(18880K)->18762K(18880K) Class: 2473K(2624K)->2473K(2624K)
[2024-12-31T11:18:18.342+0000][gc          ] GC(1) Pause Young (Concurrent Start) (Metadata GC Threshold) 23M->10M(1024M) 5.446ms
[2024-12-31T11:18:18.342+0000][gc,cpu      ] GC(1) User=0.02s Sys=0.01s Real=0.01s
[2024-12-31T11:18:18.342+0000][gc          ] GC(2) Concurrent Mark Cycle
[2024-12-31T11:18:18.342+0000][gc,marking  ] GC(2) Concurrent Clear Claimed Marks
[2024-12-31T11:18:18.342+0000][gc,marking  ] GC(2) Concurrent Clear Claimed Marks 0.015ms
[2024-12-31T11:18:18.342+0000][gc,marking  ] GC(2) Concurrent Scan Root Regions
[2024-12-31T11:18:18.345+0000][gc,marking  ] GC(2) Concurrent Scan Root Regions 2.823ms
[2024-12-31T11:18:18.345+0000][gc,marking  ] GC(2) Concurrent Mark
[2024-12-31T11:18:18.345+0000][gc,marking  ] GC(2) Concurrent Mark From Roots
[2024-12-31T11:18:18.345+0000][gc,task     ] GC(2) Using 2 workers of 2 for marking
[2024-12-31T11:18:18.346+0000][gc,marking  ] GC(2) Concurrent Mark From Roots 1.243ms
[2024-12-31T11:18:18.346+0000][gc,marking  ] GC(2) Concurrent Preclean
[2024-12-31T11:18:18.346+0000][gc,marking  ] GC(2) Concurrent Preclean 0.017ms
[2024-12-31T11:18:18.347+0000][gc,start    ] GC(2) Pause Remark
[2024-12-31T11:18:18.348+0000][gc          ] GC(2) Pause Remark 11M->11M(1024M) 1.120ms
[2024-12-31T11:18:18.348+0000][gc,cpu      ] GC(2) User=0.00s Sys=0.00s Real=0.00s
[2024-12-31T11:18:18.348+0000][gc,marking  ] GC(2) Concurrent Mark 3.072ms
[2024-12-31T11:18:18.348+0000][gc,marking  ] GC(2) Concurrent Rebuild Remembered Sets
[2024-12-31T11:18:18.348+0000][gc,marking  ] GC(2) Concurrent Rebuild Remembered Sets 0.009ms
[2024-12-31T11:18:18.349+0000][gc,start    ] GC(2) Pause Cleanup
[2024-12-31T11:18:18.349+0000][gc          ] GC(2) Pause Cleanup 11M->11M(1024M) 0.030ms
[2024-12-31T11:18:18.349+0000][gc,cpu      ] GC(2) User=0.00s Sys=0.00s Real=0.00s
[2024-12-31T11:18:18.349+0000][gc,marking  ] GC(2) Concurrent Cleanup for Next Mark
[2024-12-31T11:18:18.372+0000][gc,marking  ] GC(2) Concurrent Cleanup for Next Mark 23.540ms
[2024-12-31T11:18:18.372+0000][gc          ] GC(2) Concurrent Mark Cycle 30.289ms
[2024-12-31T11:18:19.258+0000][gc,start    ] GC(3) Pause Young (Normal) (G1 Evacuation Pause)
[2024-12-31T11:18:19.267+0000][gc,task     ] GC(3) Using 8 workers of 8 for evacuation
[2024-12-31T11:18:19.273+0000][gc,phases   ] GC(3)   Pre Evacuate Collection Set: 0.2ms
[2024-12-31T11:18:19.273+0000][gc,phases   ] GC(3)   Merge Heap Roots: 0.1ms
[2024-12-31T11:18:19.273+0000][gc,phases   ] GC(3)   Evacuate Collection Set: 5.0ms
[2024-12-31T11:18:19.273+0000][gc,phases   ] GC(3)   Post Evacuate Collection Set: 0.5ms
[2024-12-31T11:18:19.273+0000][gc,phases   ] GC(3)   Other: 0.2ms
[2024-12-31T11:18:19.273+0000][gc,heap     ] GC(3) Eden regions: 49->0(44)
[2024-12-31T11:18:19.273+0000][gc,heap     ] GC(3) Survivor regions: 2->7(7)
[2024-12-31T11:18:19.273+0000][gc,heap     ] GC(3) Old regions: 8->8
[2024-12-31T11:18:19.273+0000][gc,heap     ] GC(3) Archive regions: 2->2
[2024-12-31T11:18:19.273+0000][gc,heap     ] GC(3) Humongous regions: 129->129
[2024-12-31T11:18:19.273+0000][gc,metaspace] GC(3) Metaspace: 32543K(32832K)->32543K(32832K) NonClass: 29077K(29248K)->29077K(29248K) Class: 3466K(3584K)->3466K(3584K)
[2024-12-31T11:18:19.273+0000][gc          ] GC(3) Pause Young (Normal) (G1 Evacuation Pause) 188M->144M(1024M) 14.949ms
[2024-12-31T11:18:19.273+0000][gc,cpu      ] GC(3) User=0.02s Sys=0.00s Real=0.02s
[2024-12-31T11:18:19.474+0000][gc,start    ] GC(4) Pause Young (Concurrent Start) (Metadata GC Threshold)
[2024-12-31T11:18:19.474+0000][gc,task     ] GC(4) Using 8 workers of 8 for evacuation
[2024-12-31T11:18:19.483+0000][gc,phases   ] GC(4)   Pre Evacuate Collection Set: 0.2ms
[2024-12-31T11:18:19.484+0000][gc,phases   ] GC(4)   Merge Heap Roots: 0.1ms
[2024-12-31T11:18:19.484+0000][gc,phases   ] GC(4)   Evacuate Collection Set: 9.0ms
[2024-12-31T11:18:19.484+0000][gc,phases   ] GC(4)   Post Evacuate Collection Set: 0.5ms
[2024-12-31T11:18:19.484+0000][gc,phases   ] GC(4)   Other: 0.2ms
[2024-12-31T11:18:19.484+0000][gc,heap     ] GC(4) Eden regions: 14->0(49)
[2024-12-31T11:18:19.484+0000][gc,heap     ] GC(4) Survivor regions: 7->2(7)
[2024-12-31T11:18:19.484+0000][gc,heap     ] GC(4) Old regions: 8->14
[2024-12-31T11:18:19.484+0000][gc,heap     ] GC(4) Archive regions: 2->2
[2024-12-31T11:18:19.484+0000][gc,heap     ] GC(4) Humongous regions: 129->129
[2024-12-31T11:18:19.484+0000][gc,metaspace] GC(4) Metaspace: 35942K(36160K)->35942K(36160K) NonClass: 32094K(32192K)->32094K(32192K) Class: 3848K(3968K)->3848K(3968K)
[2024-12-31T11:18:19.484+0000][gc          ] GC(4) Pause Young (Concurrent Start) (Metadata GC Threshold) 157M->145M(1024M) 10.225ms
[2024-12-31T11:18:19.484+0000][gc          ] GC(5) Concurrent Mark Cycle
[2024-12-31T11:18:19.484+0000][gc,cpu      ] GC(4) User=0.03s Sys=0.01s Real=0.01s
[2024-12-31T11:18:19.484+0000][gc,marking  ] GC(5) Concurrent Clear Claimed Marks
[2024-12-31T11:18:19.484+0000][gc,marking  ] GC(5) Concurrent Clear Claimed Marks 0.055ms
[2024-12-31T11:18:19.484+0000][gc,marking  ] GC(5) Concurrent Scan Root Regions
[2024-12-31T11:18:19.489+0000][gc,marking  ] GC(5) Concurrent Scan Root Regions 5.249ms
[2024-12-31T11:18:19.489+0000][gc,marking  ] GC(5) Concurrent Mark
[2024-12-31T11:18:19.489+0000][gc,marking  ] GC(5) Concurrent Mark From Roots
[2024-12-31T11:18:19.489+0000][gc,task     ] GC(5) Using 2 workers of 2 for marking
[2024-12-31T11:18:19.498+0000][gc,marking  ] GC(5) Concurrent Mark From Roots 8.578ms
[2024-12-31T11:18:19.498+0000][gc,marking  ] GC(5) Concurrent Preclean
[2024-12-31T11:18:19.498+0000][gc,marking  ] GC(5) Concurrent Preclean 0.081ms
[2024-12-31T11:18:19.498+0000][gc,start    ] GC(5) Pause Remark
[2024-12-31T11:18:19.500+0000][gc          ] GC(5) Pause Remark 146M->146M(1024M) 1.754ms
[2024-12-31T11:18:19.500+0000][gc,cpu      ] GC(5) User=0.01s Sys=0.00s Real=0.01s
[2024-12-31T11:18:19.500+0000][gc,marking  ] GC(5) Concurrent Mark 11.026ms
[2024-12-31T11:18:19.500+0000][gc,marking  ] GC(5) Concurrent Rebuild Remembered Sets
[2024-12-31T11:18:19.500+0000][gc,marking  ] GC(5) Concurrent Rebuild Remembered Sets 0.017ms
[2024-12-31T11:18:19.500+0000][gc,start    ] GC(5) Pause Cleanup
[2024-12-31T11:18:19.500+0000][gc          ] GC(5) Pause Cleanup 146M->146M(1024M) 0.034ms
[2024-12-31T11:18:19.500+0000][gc,cpu      ] GC(5) User=0.00s Sys=0.00s Real=0.00s
[2024-12-31T11:18:19.501+0000][gc,marking  ] GC(5) Concurrent Cleanup for Next Mark
[2024-12-31T11:18:19.516+0000][gc,marking  ] GC(5) Concurrent Cleanup for Next Mark 15.209ms
[2024-12-31T11:18:19.516+0000][gc          ] GC(5) Concurrent Mark Cycle 31.985ms
[2024-12-31T11:20:18.682+0000][gc,start    ] GC(6) Pause Young (Normal) (G1 Evacuation Pause)
[2024-12-31T11:20:18.683+0000][gc,task     ] GC(6) Using 8 workers of 8 for evacuation
[2024-12-31T11:20:18.689+0000][gc,phases   ] GC(6)   Pre Evacuate Collection Set: 0.1ms
[2024-12-31T11:20:18.689+0000][gc,phases   ] GC(6)   Merge Heap Roots: 0.1ms
[2024-12-31T11:20:18.689+0000][gc,phases   ] GC(6)   Evacuate Collection Set: 3.8ms
[2024-12-31T11:20:18.689+0000][gc,phases   ] GC(6)   Post Evacuate Collection Set: 2.1ms
[2024-12-31T11:20:18.689+0000][gc,phases   ] GC(6)   Other: 0.1ms
[2024-12-31T11:20:18.689+0000][gc,heap     ] GC(6) Eden regions: 49->0(46)
[2024-12-31T11:20:18.689+0000][gc,heap     ] GC(6) Survivor regions: 2->5(7)
[2024-12-31T11:20:18.689+0000][gc,heap     ] GC(6) Old regions: 14->14
[2024-12-31T11:20:18.689+0000][gc,heap     ] GC(6) Archive regions: 2->2
[2024-12-31T11:20:18.689+0000][gc,heap     ] GC(6) Humongous regions: 129->129
[2024-12-31T11:20:18.689+0000][gc,metaspace] GC(6) Metaspace: 43161K(43776K)->43161K(43776K) NonClass: 38187K(38528K)->38187K(38528K) Class: 4973K(5248K)->4973K(5248K)
[2024-12-31T11:20:18.690+0000][gc          ] GC(6) Pause Young (Normal) (G1 Evacuation Pause) 194M->148M(1024M) 7.772ms
[2024-12-31T11:20:18.690+0000][gc,cpu      ] GC(6) User=0.02s Sys=0.00s Real=0.01s
[2024-12-31T11:34:55.180+0000][gc,start    ] GC(7) Pause Young (Normal) (G1 Evacuation Pause)
[2024-12-31T11:34:55.181+0000][gc,task     ] GC(7) Using 8 workers of 8 for evacuation
[2024-12-31T11:34:55.203+0000][gc,mmu      ] GC(7) MMU target violated: 21.0ms (20.0ms/21.0ms)
[2024-12-31T11:34:55.203+0000][gc,phases   ] GC(7)   Pre Evacuate Collection Set: 1.1ms
[2024-12-31T11:34:55.203+0000][gc,phases   ] GC(7)   Merge Heap Roots: 0.3ms
[2024-12-31T11:34:55.203+0000][gc,phases   ] GC(7)   Evacuate Collection Set: 20.2ms
[2024-12-31T11:34:55.203+0000][gc,phases   ] GC(7)   Post Evacuate Collection Set: 0.5ms
[2024-12-31T11:34:55.203+0000][gc,phases   ] GC(7)   Other: 0.3ms
[2024-12-31T11:34:55.203+0000][gc,heap     ] GC(7) Eden regions: 46->0(45)
[2024-12-31T11:34:55.203+0000][gc,heap     ] GC(7) Survivor regions: 5->6(7)
[2024-12-31T11:34:55.203+0000][gc,heap     ] GC(7) Old regions: 14->15
[2024-12-31T11:34:55.203+0000][gc,heap     ] GC(7) Archive regions: 2->2
[2024-12-31T11:34:55.203+0000][gc,heap     ] GC(7) Humongous regions: 129->129
[2024-12-31T11:34:55.203+0000][gc,metaspace] GC(7) Metaspace: 44403K(45056K)->44403K(45056K) NonClass: 39342K(39680K)->39342K(39680K) Class: 5060K(5376K)->5060K(5376K)
[2024-12-31T11:34:55.203+0000][gc          ] GC(7) Pause Young (Normal) (G1 Evacuation Pause) 194M->150M(1024M) 23.443ms
[2024-12-31T11:34:55.203+0000][gc,cpu      ] GC(7) User=0.03s Sys=0.08s Real=0.02s
[2024-12-31T11:46:34.958+0000][gc,start    ] GC(8) Pause Young (Normal) (G1 Evacuation Pause)
[2024-12-31T11:46:34.960+0000][gc,task     ] GC(8) Using 8 workers of 8 for evacuation
[2024-12-31T11:46:34.974+0000][gc,phases   ] GC(8)   Pre Evacuate Collection Set: 1.6ms
[2024-12-31T11:46:34.974+0000][gc,phases   ] GC(8)   Merge Heap Roots: 0.2ms
[2024-12-31T11:46:34.974+0000][gc,phases   ] GC(8)   Evacuate Collection Set: 11.0ms
[2024-12-31T11:46:34.974+0000][gc,phases   ] GC(8)   Post Evacuate Collection Set: 0.4ms
[2024-12-31T11:46:34.974+0000][gc,phases   ] GC(8)   Other: 1.0ms
[2024-12-31T11:46:34.974+0000][gc,heap     ] GC(8) Eden regions: 45->0(48)
[2024-12-31T11:46:34.974+0000][gc,heap     ] GC(8) Survivor regions: 6->3(7)
[2024-12-31T11:46:34.974+0000][gc,heap     ] GC(8) Old regions: 15->18
[2024-12-31T11:46:34.974+0000][gc,heap     ] GC(8) Archive regions: 2->2
[2024-12-31T11:46:34.974+0000][gc,heap     ] GC(8) Humongous regions: 129->129
[2024-12-31T11:46:34.974+0000][gc,metaspace] GC(8) Metaspace: 44497K(45184K)->44497K(45184K) NonClass: 39436K(39808K)->39436K(39808K) Class: 5060K(5376K)->5060K(5376K)
[2024-12-31T11:46:34.974+0000][gc          ] GC(8) Pause Young (Normal) (G1 Evacuation Pause) 195M->150M(1024M) 16.018ms
[2024-12-31T11:46:34.974+0000][gc,cpu      ] GC(8) User=0.02s Sys=0.05s Real=0.02s
[2024-12-31T11:56:30.819+0000][gc,start    ] GC(9) Pause Young (Normal) (G1 Evacuation Pause)
[2024-12-31T11:56:30.820+0000][gc,task     ] GC(9) Using 8 workers of 8 for evacuation
[2024-12-31T11:56:30.838+0000][gc,phases   ] GC(9)   Pre Evacuate Collection Set: 4.0ms
[2024-12-31T11:56:30.838+0000][gc,phases   ] GC(9)   Merge Heap Roots: 0.3ms
[2024-12-31T11:56:30.838+0000][gc,phases   ] GC(9)   Evacuate Collection Set: 12.6ms
[2024-12-31T11:56:30.838+0000][gc,phases   ] GC(9)   Post Evacuate Collection Set: 0.6ms
[2024-12-31T11:56:30.838+0000][gc,phases   ] GC(9)   Other: 0.6ms
[2024-12-31T11:56:30.838+0000][gc,heap     ] GC(9) Eden regions: 48->0(48)
[2024-12-31T11:56:30.838+0000][gc,heap     ] GC(9) Survivor regions: 3->3(7)
[2024-12-31T11:56:30.838+0000][gc,heap     ] GC(9) Old regions: 18->18
[2024-12-31T11:56:30.838+0000][gc,heap     ] GC(9) Archive regions: 2->2
[2024-12-31T11:56:30.838+0000][gc,heap     ] GC(9) Humongous regions: 129->129
[2024-12-31T11:56:30.838+0000][gc,metaspace] GC(9) Metaspace: 44532K(45184K)->44532K(45184K) NonClass: 39471K(39808K)->39471K(39808K) Class: 5060K(5376K)->5060K(5376K)
[2024-12-31T11:56:30.838+0000][gc          ] GC(9) Pause Young (Normal) (G1 Evacuation Pause) 198M->150M(1024M) 19.638ms
[2024-12-31T11:56:30.838+0000][gc,cpu      ] GC(9) User=0.02s Sys=0.05s Real=0.02s
