[2024-12-27T03:09:59.619+0000][gc,init] CardTable entry size: 512
[2024-12-27T03:09:59.619+0000][gc     ] Using G1
[2024-12-27T03:09:59.625+0000][gc,init] Version: 19.0.2+7-FR (release)
[2024-12-27T03:09:59.625+0000][gc,init] CPUs: 8 total, 8 available
[2024-12-27T03:09:59.625+0000][gc,init] Memory: 16384M
[2024-12-27T03:09:59.625+0000][gc,init] Large Page Support: Disabled
[2024-12-27T03:09:59.625+0000][gc,init] NUMA Support: Disabled
[2024-12-27T03:09:59.625+0000][gc,init] Compressed Oops: Enabled (Zero based)
[2024-12-27T03:09:59.625+0000][gc,init] Heap Region Size: 1M
[2024-12-27T03:09:59.625+0000][gc,init] Heap Min Capacity: 1G
[2024-12-27T03:09:59.625+0000][gc,init] Heap Initial Capacity: 1G
[2024-12-27T03:09:59.625+0000][gc,init] Heap Max Capacity: 1G
[2024-12-27T03:09:59.625+0000][gc,init] Pre-touch: Disabled
[2024-12-27T03:09:59.625+0000][gc,init] Parallel Workers: 8
[2024-12-27T03:09:59.625+0000][gc,init] Concurrent Workers: 2
[2024-12-27T03:09:59.625+0000][gc,init] Concurrent Refinement Workers: 8
[2024-12-27T03:09:59.625+0000][gc,init] Periodic GC: Disabled
[2024-12-27T03:09:59.625+0000][gc,metaspace] CDS archive(s) mapped at: [0x0000000800000000-0x0000000800c42000-0x0000000800c42000), size 12853248, SharedBaseAddress: 0x0000000800000000, ArchiveRelocationMode: 0.
[2024-12-27T03:09:59.625+0000][gc,metaspace] Compressed class space mapped at: 0x0000000801000000-0x0000000841000000, reserved size: 1073741824
[2024-12-27T03:09:59.625+0000][gc,metaspace] Narrow klass base: 0x0000000800000000, Narrow klass shift: 0, Narrow klass range: 0x100000000
[2024-12-27T03:10:01.061+0000][gc,start    ] GC(0) Pause Young (Normal) (G1 Evacuation Pause)
[2024-12-27T03:10:01.061+0000][gc,task     ] GC(0) Using 8 workers of 8 for evacuation
[2024-12-27T03:10:01.066+0000][gc,phases   ] GC(0)   Pre Evacuate Collection Set: 0.1ms
[2024-12-27T03:10:01.066+0000][gc,phases   ] GC(0)   Merge Heap Roots: 0.1ms
[2024-12-27T03:10:01.066+0000][gc,phases   ] GC(0)   Evacuate Collection Set: 3.7ms
[2024-12-27T03:10:01.066+0000][gc,phases   ] GC(0)   Post Evacuate Collection Set: 0.5ms
[2024-12-27T03:10:01.066+0000][gc,phases   ] GC(0)   Other: 0.4ms
[2024-12-27T03:10:01.066+0000][gc,heap     ] GC(0) Eden regions: 51->0(44)
[2024-12-27T03:10:01.066+0000][gc,heap     ] GC(0) Survivor regions: 0->7(7)
[2024-12-27T03:10:01.066+0000][gc,heap     ] GC(0) Old regions: 0->2
[2024-12-27T03:10:01.066+0000][gc,heap     ] GC(0) Archive regions: 2->2
[2024-12-27T03:10:01.066+0000][gc,heap     ] GC(0) Humongous regions: 0->0
[2024-12-27T03:10:01.066+0000][gc,metaspace] GC(0) Metaspace: 17657K(17856K)->17657K(17856K) NonClass: 15623K(15744K)->15623K(15744K) Class: 2033K(2112K)->2033K(2112K)
[2024-12-27T03:10:01.066+0000][gc          ] GC(0) Pause Young (Normal) (G1 Evacuation Pause) 51M->9M(1024M) 5.075ms
[2024-12-27T03:10:01.066+0000][gc,cpu      ] GC(0) User=0.02s Sys=0.01s Real=0.00s
[2024-12-27T03:10:01.293+0000][gc,start    ] GC(1) Pause Young (Concurrent Start) (Metadata GC Threshold)
[2024-12-27T03:10:01.293+0000][gc,task     ] GC(1) Using 8 workers of 8 for evacuation
[2024-12-27T03:10:01.298+0000][gc,phases   ] GC(1)   Pre Evacuate Collection Set: 0.2ms
[2024-12-27T03:10:01.299+0000][gc,phases   ] GC(1)   Merge Heap Roots: 0.1ms
[2024-12-27T03:10:01.299+0000][gc,phases   ] GC(1)   Evacuate Collection Set: 5.0ms
[2024-12-27T03:10:01.299+0000][gc,phases   ] GC(1)   Post Evacuate Collection Set: 0.4ms
[2024-12-27T03:10:01.299+0000][gc,phases   ] GC(1)   Other: 0.1ms
[2024-12-27T03:10:01.299+0000][gc,heap     ] GC(1) Eden regions: 15->0(50)
[2024-12-27T03:10:01.299+0000][gc,heap     ] GC(1) Survivor regions: 7->1(7)
[2024-12-27T03:10:01.299+0000][gc,heap     ] GC(1) Old regions: 2->8
[2024-12-27T03:10:01.299+0000][gc,heap     ] GC(1) Archive regions: 2->2
[2024-12-27T03:10:01.299+0000][gc,heap     ] GC(1) Humongous regions: 0->0
[2024-12-27T03:10:01.299+0000][gc,metaspace] GC(1) Metaspace: 21299K(21504K)->21299K(21504K) NonClass: 18823K(18944K)->18823K(18944K) Class: 2476K(2560K)->2476K(2560K)
[2024-12-27T03:10:01.299+0000][gc          ] GC(1) Pause Young (Concurrent Start) (Metadata GC Threshold) 24M->9M(1024M) 5.885ms
[2024-12-27T03:10:01.299+0000][gc,cpu      ] GC(1) User=0.01s Sys=0.01s Real=0.00s
[2024-12-27T03:10:01.299+0000][gc          ] GC(2) Concurrent Mark Cycle
[2024-12-27T03:10:01.299+0000][gc,marking  ] GC(2) Concurrent Clear Claimed Marks
[2024-12-27T03:10:01.299+0000][gc,marking  ] GC(2) Concurrent Clear Claimed Marks 0.019ms
[2024-12-27T03:10:01.299+0000][gc,marking  ] GC(2) Concurrent Scan Root Regions
[2024-12-27T03:10:01.301+0000][gc,marking  ] GC(2) Concurrent Scan Root Regions 2.389ms
[2024-12-27T03:10:01.301+0000][gc,marking  ] GC(2) Concurrent Mark
[2024-12-27T03:10:01.301+0000][gc,marking  ] GC(2) Concurrent Mark From Roots
[2024-12-27T03:10:01.301+0000][gc,task     ] GC(2) Using 2 workers of 2 for marking
[2024-12-27T03:10:01.303+0000][gc,marking  ] GC(2) Concurrent Mark From Roots 1.662ms
[2024-12-27T03:10:01.303+0000][gc,marking  ] GC(2) Concurrent Preclean
[2024-12-27T03:10:01.303+0000][gc,marking  ] GC(2) Concurrent Preclean 0.016ms
[2024-12-27T03:10:01.303+0000][gc,start    ] GC(2) Pause Remark
[2024-12-27T03:10:01.305+0000][gc          ] GC(2) Pause Remark 10M->10M(1024M) 1.503ms
[2024-12-27T03:10:01.305+0000][gc,cpu      ] GC(2) User=0.00s Sys=0.00s Real=0.00s
[2024-12-27T03:10:01.305+0000][gc,marking  ] GC(2) Concurrent Mark 3.477ms
[2024-12-27T03:10:01.305+0000][gc,marking  ] GC(2) Concurrent Rebuild Remembered Sets
[2024-12-27T03:10:01.305+0000][gc,marking  ] GC(2) Concurrent Rebuild Remembered Sets 0.016ms
[2024-12-27T03:10:01.305+0000][gc,start    ] GC(2) Pause Cleanup
[2024-12-27T03:10:01.305+0000][gc          ] GC(2) Pause Cleanup 10M->10M(1024M) 0.027ms
[2024-12-27T03:10:01.305+0000][gc,cpu      ] GC(2) User=0.00s Sys=0.00s Real=0.00s
[2024-12-27T03:10:01.305+0000][gc,marking  ] GC(2) Concurrent Cleanup for Next Mark
[2024-12-27T03:10:01.311+0000][gc,marking  ] GC(2) Concurrent Cleanup for Next Mark 6.171ms
[2024-12-27T03:10:01.311+0000][gc          ] GC(2) Concurrent Mark Cycle 12.453ms
[2024-12-27T03:10:03.382+0000][gc,start    ] GC(3) Pause Young (Normal) (G1 Evacuation Pause)
[2024-12-27T03:10:03.382+0000][gc,task     ] GC(3) Using 8 workers of 8 for evacuation
[2024-12-27T03:10:03.386+0000][gc,phases   ] GC(3)   Pre Evacuate Collection Set: 0.1ms
[2024-12-27T03:10:03.386+0000][gc,phases   ] GC(3)   Merge Heap Roots: 0.1ms
[2024-12-27T03:10:03.386+0000][gc,phases   ] GC(3)   Evacuate Collection Set: 3.1ms
[2024-12-27T03:10:03.386+0000][gc,phases   ] GC(3)   Post Evacuate Collection Set: 0.4ms
[2024-12-27T03:10:03.386+0000][gc,phases   ] GC(3)   Other: 0.1ms
[2024-12-27T03:10:03.386+0000][gc,heap     ] GC(3) Eden regions: 50->0(45)
[2024-12-27T03:10:03.386+0000][gc,heap     ] GC(3) Survivor regions: 1->6(7)
[2024-12-27T03:10:03.386+0000][gc,heap     ] GC(3) Old regions: 8->8
[2024-12-27T03:10:03.386+0000][gc,heap     ] GC(3) Archive regions: 2->2
[2024-12-27T03:10:03.386+0000][gc,heap     ] GC(3) Humongous regions: 129->129
[2024-12-27T03:10:03.386+0000][gc,metaspace] GC(3) Metaspace: 31227K(31552K)->31227K(31552K) NonClass: 27819K(28032K)->27819K(28032K) Class: 3408K(3520K)->3408K(3520K)
[2024-12-27T03:10:03.386+0000][gc          ] GC(3) Pause Young (Normal) (G1 Evacuation Pause) 188M->143M(1024M) 4.053ms
[2024-12-27T03:10:03.386+0000][gc,cpu      ] GC(3) User=0.02s Sys=0.00s Real=0.00s
[2024-12-27T03:10:03.687+0000][gc,start    ] GC(4) Pause Young (Concurrent Start) (Metadata GC Threshold)
[2024-12-27T03:10:03.687+0000][gc,task     ] GC(4) Using 8 workers of 8 for evacuation
[2024-12-27T03:10:03.696+0000][gc,phases   ] GC(4)   Pre Evacuate Collection Set: 0.2ms
[2024-12-27T03:10:03.696+0000][gc,phases   ] GC(4)   Merge Heap Roots: 0.0ms
[2024-12-27T03:10:03.696+0000][gc,phases   ] GC(4)   Evacuate Collection Set: 8.3ms
[2024-12-27T03:10:03.696+0000][gc,phases   ] GC(4)   Post Evacuate Collection Set: 0.4ms
[2024-12-27T03:10:03.696+0000][gc,phases   ] GC(4)   Other: 0.1ms
[2024-12-27T03:10:03.696+0000][gc,heap     ] GC(4) Eden regions: 19->0(48)
[2024-12-27T03:10:03.696+0000][gc,heap     ] GC(4) Survivor regions: 6->3(7)
[2024-12-27T03:10:03.696+0000][gc,heap     ] GC(4) Old regions: 8->13
[2024-12-27T03:10:03.696+0000][gc,heap     ] GC(4) Archive regions: 2->2
[2024-12-27T03:10:03.696+0000][gc,heap     ] GC(4) Humongous regions: 129->129
[2024-12-27T03:10:03.696+0000][gc,metaspace] GC(4) Metaspace: 35734K(35968K)->35734K(35968K) NonClass: 31884K(32000K)->31884K(32000K) Class: 3849K(3968K)->3849K(3968K)
[2024-12-27T03:10:03.696+0000][gc          ] GC(4) Pause Young (Concurrent Start) (Metadata GC Threshold) 162M->145M(1024M) 9.420ms
[2024-12-27T03:10:03.696+0000][gc          ] GC(5) Concurrent Mark Cycle
[2024-12-27T03:10:03.696+0000][gc,cpu      ] GC(4) User=0.04s Sys=0.00s Real=0.01s
[2024-12-27T03:10:03.696+0000][gc,marking  ] GC(5) Concurrent Clear Claimed Marks
[2024-12-27T03:10:03.696+0000][gc,marking  ] GC(5) Concurrent Clear Claimed Marks 0.052ms
[2024-12-27T03:10:03.696+0000][gc,marking  ] GC(5) Concurrent Scan Root Regions
[2024-12-27T03:10:03.701+0000][gc,marking  ] GC(5) Concurrent Scan Root Regions 4.627ms
[2024-12-27T03:10:03.701+0000][gc,marking  ] GC(5) Concurrent Mark
[2024-12-27T03:10:03.701+0000][gc,marking  ] GC(5) Concurrent Mark From Roots
[2024-12-27T03:10:03.701+0000][gc,task     ] GC(5) Using 2 workers of 2 for marking
[2024-12-27T03:10:03.708+0000][gc,marking  ] GC(5) Concurrent Mark From Roots 7.348ms
[2024-12-27T03:10:03.708+0000][gc,marking  ] GC(5) Concurrent Preclean
[2024-12-27T03:10:03.709+0000][gc,marking  ] GC(5) Concurrent Preclean 0.615ms
[2024-12-27T03:10:03.710+0000][gc,start    ] GC(5) Pause Remark
[2024-12-27T03:10:03.711+0000][gc          ] GC(5) Pause Remark 146M->146M(1024M) 1.763ms
[2024-12-27T03:10:03.712+0000][gc,cpu      ] GC(5) User=0.00s Sys=0.00s Real=0.00s
[2024-12-27T03:10:03.712+0000][gc,marking  ] GC(5) Concurrent Mark 11.108ms
[2024-12-27T03:10:03.712+0000][gc,marking  ] GC(5) Concurrent Rebuild Remembered Sets
[2024-12-27T03:10:03.712+0000][gc,marking  ] GC(5) Concurrent Rebuild Remembered Sets 0.015ms
[2024-12-27T03:10:03.713+0000][gc,start    ] GC(5) Pause Cleanup
[2024-12-27T03:10:03.713+0000][gc          ] GC(5) Pause Cleanup 146M->146M(1024M) 0.069ms
[2024-12-27T03:10:03.713+0000][gc,cpu      ] GC(5) User=0.00s Sys=0.00s Real=0.00s
[2024-12-27T03:10:03.716+0000][gc,marking  ] GC(5) Concurrent Cleanup for Next Mark
[2024-12-27T03:10:03.725+0000][gc,marking  ] GC(5) Concurrent Cleanup for Next Mark 9.265ms
[2024-12-27T03:10:03.725+0000][gc          ] GC(5) Concurrent Mark Cycle 29.003ms
[2024-12-27T03:10:05.275+0000][gc,start    ] GC(6) Pause Young (Normal) (G1 Evacuation Pause)
[2024-12-27T03:10:05.275+0000][gc,task     ] GC(6) Using 8 workers of 8 for evacuation
[2024-12-27T03:10:05.279+0000][gc,phases   ] GC(6)   Pre Evacuate Collection Set: 0.1ms
[2024-12-27T03:10:05.279+0000][gc,phases   ] GC(6)   Merge Heap Roots: 0.1ms
[2024-12-27T03:10:05.279+0000][gc,phases   ] GC(6)   Evacuate Collection Set: 2.9ms
[2024-12-27T03:10:05.279+0000][gc,phases   ] GC(6)   Post Evacuate Collection Set: 0.4ms
[2024-12-27T03:10:05.279+0000][gc,phases   ] GC(6)   Other: 0.1ms
[2024-12-27T03:10:05.279+0000][gc,heap     ] GC(6) Eden regions: 48->0(47)
[2024-12-27T03:10:05.279+0000][gc,heap     ] GC(6) Survivor regions: 3->4(7)
[2024-12-27T03:10:05.279+0000][gc,heap     ] GC(6) Old regions: 13->13
[2024-12-27T03:10:05.279+0000][gc,heap     ] GC(6) Archive regions: 2->2
[2024-12-27T03:10:05.279+0000][gc,heap     ] GC(6) Humongous regions: 147->135
[2024-12-27T03:10:05.279+0000][gc,metaspace] GC(6) Metaspace: 40620K(41152K)->40620K(41152K) NonClass: 36082K(36352K)->36082K(36352K) Class: 4538K(4800K)->4538K(4800K)
[2024-12-27T03:10:05.279+0000][gc          ] GC(6) Pause Young (Normal) (G1 Evacuation Pause) 211M->152M(1024M) 3.746ms
[2024-12-27T03:10:05.279+0000][gc,cpu      ] GC(6) User=0.02s Sys=0.00s Real=0.00s
[2024-12-27T03:10:05.377+0000][gc,start    ] GC(7) Pause Young (Normal) (G1 Evacuation Pause)
[2024-12-27T03:10:05.377+0000][gc,task     ] GC(7) Using 8 workers of 8 for evacuation
[2024-12-27T03:10:05.379+0000][gc,phases   ] GC(7)   Pre Evacuate Collection Set: 0.1ms
[2024-12-27T03:10:05.379+0000][gc,phases   ] GC(7)   Merge Heap Roots: 0.0ms
[2024-12-27T03:10:05.379+0000][gc,phases   ] GC(7)   Evacuate Collection Set: 1.7ms
[2024-12-27T03:10:05.379+0000][gc,phases   ] GC(7)   Post Evacuate Collection Set: 0.3ms
[2024-12-27T03:10:05.379+0000][gc,phases   ] GC(7)   Other: 0.1ms
[2024-12-27T03:10:05.379+0000][gc,heap     ] GC(7) Eden regions: 47->0(47)
[2024-12-27T03:10:05.379+0000][gc,heap     ] GC(7) Survivor regions: 4->4(7)
[2024-12-27T03:10:05.379+0000][gc,heap     ] GC(7) Old regions: 13->13
[2024-12-27T03:10:05.379+0000][gc,heap     ] GC(7) Archive regions: 2->2
[2024-12-27T03:10:05.379+0000][gc,heap     ] GC(7) Humongous regions: 135->135
[2024-12-27T03:10:05.379+0000][gc,metaspace] GC(7) Metaspace: 40622K(41152K)->40622K(41152K) NonClass: 36084K(36352K)->36084K(36352K) Class: 4538K(4800K)->4538K(4800K)
[2024-12-27T03:10:05.379+0000][gc          ] GC(7) Pause Young (Normal) (G1 Evacuation Pause) 199M->152M(1024M) 2.544ms
[2024-12-27T03:10:05.379+0000][gc,cpu      ] GC(7) User=0.02s Sys=0.00s Real=0.00s
[2024-12-27T03:26:59.163+0000][gc,start    ] GC(8) Pause Young (Normal) (G1 Evacuation Pause)
[2024-12-27T03:26:59.163+0000][gc,task     ] GC(8) Using 8 workers of 8 for evacuation
[2024-12-27T03:26:59.186+0000][gc,mmu      ] GC(8) MMU target violated: 21.0ms (20.0ms/21.0ms)
[2024-12-27T03:26:59.186+0000][gc,phases   ] GC(8)   Pre Evacuate Collection Set: 0.5ms
[2024-12-27T03:26:59.186+0000][gc,phases   ] GC(8)   Merge Heap Roots: 0.2ms
[2024-12-27T03:26:59.186+0000][gc,phases   ] GC(8)   Evacuate Collection Set: 21.7ms
[2024-12-27T03:26:59.186+0000][gc,phases   ] GC(8)   Post Evacuate Collection Set: 0.7ms
[2024-12-27T03:26:59.186+0000][gc,phases   ] GC(8)   Other: 0.2ms
[2024-12-27T03:26:59.186+0000][gc,heap     ] GC(8) Eden regions: 47->0(45)
[2024-12-27T03:26:59.186+0000][gc,heap     ] GC(8) Survivor regions: 4->6(7)
[2024-12-27T03:26:59.186+0000][gc,heap     ] GC(8) Old regions: 13->13
[2024-12-27T03:26:59.186+0000][gc,heap     ] GC(8) Archive regions: 2->2
[2024-12-27T03:26:59.186+0000][gc,heap     ] GC(8) Humongous regions: 135->129
[2024-12-27T03:26:59.186+0000][gc,metaspace] GC(8) Metaspace: 43955K(44608K)->43955K(44608K) NonClass: 38932K(39296K)->38932K(39296K) Class: 5023K(5312K)->5023K(5312K)
[2024-12-27T03:26:59.186+0000][gc          ] GC(8) Pause Young (Normal) (G1 Evacuation Pause) 199M->148M(1024M) 23.634ms
[2024-12-27T03:26:59.187+0000][gc,cpu      ] GC(8) User=0.03s Sys=0.07s Real=0.02s
[2024-12-27T03:27:03.801+0000][gc,heap,exit] Heap
[2024-12-27T03:27:03.801+0000][gc,heap,exit]  garbage-first heap   total 1048576K, used 163803K [0x00000007c0000000, 0x0000000800000000)
[2024-12-27T03:27:03.801+0000][gc,heap,exit]   region size 1024K, 18 young (18432K), 6 survivors (6144K)
[2024-12-27T03:27:03.801+0000][gc,heap,exit]  Metaspace       used 44861K, committed 45568K, reserved 1114112K
[2024-12-27T03:27:03.801+0000][gc,heap,exit]   class space    used 5204K, committed 5504K, reserved 1048576K
