[2024-12-21T18:33:35.512+0000][gc,init] CardTable entry size: 512
[2024-12-21T18:33:35.512+0000][gc     ] Using G1
[2024-12-21T18:33:35.518+0000][gc,init] Version: 19.0.2+7-FR (release)
[2024-12-21T18:33:35.518+0000][gc,init] CPUs: 8 total, 8 available
[2024-12-21T18:33:35.518+0000][gc,init] Memory: 16384M
[2024-12-21T18:33:35.518+0000][gc,init] Large Page Support: Disabled
[2024-12-21T18:33:35.518+0000][gc,init] NUMA Support: Disabled
[2024-12-21T18:33:35.518+0000][gc,init] Compressed Oops: Enabled (Zero based)
[2024-12-21T18:33:35.518+0000][gc,init] Heap Region Size: 1M
[2024-12-21T18:33:35.518+0000][gc,init] Heap Min Capacity: 1G
[2024-12-21T18:33:35.518+0000][gc,init] Heap Initial Capacity: 1G
[2024-12-21T18:33:35.519+0000][gc,init] Heap Max Capacity: 1G
[2024-12-21T18:33:35.519+0000][gc,init] Pre-touch: Disabled
[2024-12-21T18:33:35.519+0000][gc,init] Parallel Workers: 8
[2024-12-21T18:33:35.519+0000][gc,init] Concurrent Workers: 2
[2024-12-21T18:33:35.519+0000][gc,init] Concurrent Refinement Workers: 8
[2024-12-21T18:33:35.519+0000][gc,init] Periodic GC: Disabled
[2024-12-21T18:33:35.519+0000][gc,metaspace] CDS archive(s) mapped at: [0x0000000800000000-0x0000000800c42000-0x0000000800c42000), size 12853248, SharedBaseAddress: 0x0000000800000000, ArchiveRelocationMode: 0.
[2024-12-21T18:33:35.519+0000][gc,metaspace] Compressed class space mapped at: 0x0000000801000000-0x0000000841000000, reserved size: 1073741824
[2024-12-21T18:33:35.519+0000][gc,metaspace] Narrow klass base: 0x0000000800000000, Narrow klass shift: 0, Narrow klass range: 0x100000000
[2024-12-21T18:33:36.846+0000][gc,start    ] GC(0) Pause Young (Normal) (G1 Evacuation Pause)
[2024-12-21T18:33:36.847+0000][gc,task     ] GC(0) Using 8 workers of 8 for evacuation
[2024-12-21T18:33:36.853+0000][gc,phases   ] GC(0)   Pre Evacuate Collection Set: 0.1ms
[2024-12-21T18:33:36.853+0000][gc,phases   ] GC(0)   Merge Heap Roots: 0.2ms
[2024-12-21T18:33:36.853+0000][gc,phases   ] GC(0)   Evacuate Collection Set: 4.2ms
[2024-12-21T18:33:36.853+0000][gc,phases   ] GC(0)   Post Evacuate Collection Set: 0.9ms
[2024-12-21T18:33:36.853+0000][gc,phases   ] GC(0)   Other: 0.8ms
[2024-12-21T18:33:36.853+0000][gc,heap     ] GC(0) Eden regions: 51->0(44)
[2024-12-21T18:33:36.853+0000][gc,heap     ] GC(0) Survivor regions: 0->7(7)
[2024-12-21T18:33:36.853+0000][gc,heap     ] GC(0) Old regions: 0->2
[2024-12-21T18:33:36.853+0000][gc,heap     ] GC(0) Archive regions: 2->2
[2024-12-21T18:33:36.853+0000][gc,heap     ] GC(0) Humongous regions: 0->0
[2024-12-21T18:33:36.853+0000][gc,metaspace] GC(0) Metaspace: 17893K(18112K)->17893K(18112K) NonClass: 15824K(15936K)->15824K(15936K) Class: 2069K(2176K)->2069K(2176K)
[2024-12-21T18:33:36.853+0000][gc          ] GC(0) Pause Young (Normal) (G1 Evacuation Pause) 51M->9M(1024M) 6.604ms
[2024-12-21T18:33:36.853+0000][gc,cpu      ] GC(0) User=0.02s Sys=0.01s Real=0.01s
[2024-12-21T18:33:37.047+0000][gc,start    ] GC(1) Pause Young (Concurrent Start) (Metadata GC Threshold)
[2024-12-21T18:33:37.047+0000][gc,task     ] GC(1) Using 8 workers of 8 for evacuation
[2024-12-21T18:33:37.051+0000][gc,phases   ] GC(1)   Pre Evacuate Collection Set: 0.2ms
[2024-12-21T18:33:37.051+0000][gc,phases   ] GC(1)   Merge Heap Roots: 0.1ms
[2024-12-21T18:33:37.052+0000][gc,phases   ] GC(1)   Evacuate Collection Set: 3.3ms
[2024-12-21T18:33:37.052+0000][gc,phases   ] GC(1)   Post Evacuate Collection Set: 0.4ms
[2024-12-21T18:33:37.052+0000][gc,phases   ] GC(1)   Other: 0.1ms
[2024-12-21T18:33:37.052+0000][gc,heap     ] GC(1) Eden regions: 14->0(50)
[2024-12-21T18:33:37.052+0000][gc,heap     ] GC(1) Survivor regions: 7->1(7)
[2024-12-21T18:33:37.052+0000][gc,heap     ] GC(1) Old regions: 2->8
[2024-12-21T18:33:37.052+0000][gc,heap     ] GC(1) Archive regions: 2->2
[2024-12-21T18:33:37.052+0000][gc,heap     ] GC(1) Humongous regions: 0->0
[2024-12-21T18:33:37.052+0000][gc,metaspace] GC(1) Metaspace: 21335K(21504K)->21335K(21504K) NonClass: 18860K(18944K)->18860K(18944K) Class: 2475K(2560K)->2475K(2560K)
[2024-12-21T18:33:37.052+0000][gc          ] GC(1) Pause Young (Concurrent Start) (Metadata GC Threshold) 23M->9M(1024M) 4.196ms
[2024-12-21T18:33:37.052+0000][gc,cpu      ] GC(1) User=0.02s Sys=0.01s Real=0.01s
[2024-12-21T18:33:37.052+0000][gc          ] GC(2) Concurrent Mark Cycle
[2024-12-21T18:33:37.052+0000][gc,marking  ] GC(2) Concurrent Clear Claimed Marks
[2024-12-21T18:33:37.052+0000][gc,marking  ] GC(2) Concurrent Clear Claimed Marks 0.016ms
[2024-12-21T18:33:37.052+0000][gc,marking  ] GC(2) Concurrent Scan Root Regions
[2024-12-21T18:33:37.053+0000][gc,marking  ] GC(2) Concurrent Scan Root Regions 1.783ms
[2024-12-21T18:33:37.054+0000][gc,marking  ] GC(2) Concurrent Mark
[2024-12-21T18:33:37.054+0000][gc,marking  ] GC(2) Concurrent Mark From Roots
[2024-12-21T18:33:37.054+0000][gc,task     ] GC(2) Using 2 workers of 2 for marking
[2024-12-21T18:33:37.055+0000][gc,marking  ] GC(2) Concurrent Mark From Roots 1.580ms
[2024-12-21T18:33:37.055+0000][gc,marking  ] GC(2) Concurrent Preclean
[2024-12-21T18:33:37.055+0000][gc,marking  ] GC(2) Concurrent Preclean 0.015ms
[2024-12-21T18:33:37.055+0000][gc,start    ] GC(2) Pause Remark
[2024-12-21T18:33:37.056+0000][gc          ] GC(2) Pause Remark 10M->10M(1024M) 1.028ms
[2024-12-21T18:33:37.056+0000][gc,cpu      ] GC(2) User=0.00s Sys=0.00s Real=0.00s
[2024-12-21T18:33:37.056+0000][gc,marking  ] GC(2) Concurrent Mark 2.856ms
[2024-12-21T18:33:37.056+0000][gc,marking  ] GC(2) Concurrent Rebuild Remembered Sets
[2024-12-21T18:33:37.056+0000][gc,marking  ] GC(2) Concurrent Rebuild Remembered Sets 0.008ms
[2024-12-21T18:33:37.056+0000][gc,start    ] GC(2) Pause Cleanup
[2024-12-21T18:33:37.057+0000][gc          ] GC(2) Pause Cleanup 10M->10M(1024M) 0.024ms
[2024-12-21T18:33:37.057+0000][gc,cpu      ] GC(2) User=0.00s Sys=0.00s Real=0.00s
[2024-12-21T18:33:37.057+0000][gc,marking  ] GC(2) Concurrent Cleanup for Next Mark
[2024-12-21T18:33:37.063+0000][gc,marking  ] GC(2) Concurrent Cleanup for Next Mark 6.262ms
[2024-12-21T18:33:37.063+0000][gc          ] GC(2) Concurrent Mark Cycle 11.200ms
[2024-12-21T18:33:39.136+0000][gc,start    ] GC(3) Pause Young (Normal) (G1 Evacuation Pause)
[2024-12-21T18:33:39.136+0000][gc,task     ] GC(3) Using 8 workers of 8 for evacuation
[2024-12-21T18:33:39.140+0000][gc,phases   ] GC(3)   Pre Evacuate Collection Set: 0.1ms
[2024-12-21T18:33:39.140+0000][gc,phases   ] GC(3)   Merge Heap Roots: 0.0ms
[2024-12-21T18:33:39.140+0000][gc,phases   ] GC(3)   Evacuate Collection Set: 3.1ms
[2024-12-21T18:33:39.140+0000][gc,phases   ] GC(3)   Post Evacuate Collection Set: 0.5ms
[2024-12-21T18:33:39.140+0000][gc,phases   ] GC(3)   Other: 0.1ms
[2024-12-21T18:33:39.140+0000][gc,heap     ] GC(3) Eden regions: 50->0(45)
[2024-12-21T18:33:39.140+0000][gc,heap     ] GC(3) Survivor regions: 1->6(7)
[2024-12-21T18:33:39.140+0000][gc,heap     ] GC(3) Old regions: 8->8
[2024-12-21T18:33:39.140+0000][gc,heap     ] GC(3) Archive regions: 2->2
[2024-12-21T18:33:39.140+0000][gc,heap     ] GC(3) Humongous regions: 129->129
[2024-12-21T18:33:39.140+0000][gc,metaspace] GC(3) Metaspace: 31304K(31680K)->31304K(31680K) NonClass: 27888K(28096K)->27888K(28096K) Class: 3415K(3584K)->3415K(3584K)
[2024-12-21T18:33:39.140+0000][gc          ] GC(3) Pause Young (Normal) (G1 Evacuation Pause) 188M->143M(1024M) 3.971ms
[2024-12-21T18:33:39.140+0000][gc,cpu      ] GC(3) User=0.02s Sys=0.00s Real=0.01s
[2024-12-21T18:33:39.378+0000][gc,start    ] GC(4) Pause Young (Concurrent Start) (Metadata GC Threshold)
[2024-12-21T18:33:39.378+0000][gc,task     ] GC(4) Using 8 workers of 8 for evacuation
[2024-12-21T18:33:39.384+0000][gc,phases   ] GC(4)   Pre Evacuate Collection Set: 0.2ms
[2024-12-21T18:33:39.384+0000][gc,phases   ] GC(4)   Merge Heap Roots: 0.1ms
[2024-12-21T18:33:39.384+0000][gc,phases   ] GC(4)   Evacuate Collection Set: 4.9ms
[2024-12-21T18:33:39.384+0000][gc,phases   ] GC(4)   Post Evacuate Collection Set: 0.3ms
[2024-12-21T18:33:39.384+0000][gc,phases   ] GC(4)   Other: 0.0ms
[2024-12-21T18:33:39.384+0000][gc,heap     ] GC(4) Eden regions: 19->0(48)
[2024-12-21T18:33:39.384+0000][gc,heap     ] GC(4) Survivor regions: 6->3(7)
[2024-12-21T18:33:39.384+0000][gc,heap     ] GC(4) Old regions: 8->14
[2024-12-21T18:33:39.384+0000][gc,heap     ] GC(4) Archive regions: 2->2
[2024-12-21T18:33:39.384+0000][gc,heap     ] GC(4) Humongous regions: 129->129
[2024-12-21T18:33:39.384+0000][gc,metaspace] GC(4) Metaspace: 35690K(35968K)->35690K(35968K) NonClass: 31853K(32000K)->31853K(32000K) Class: 3837K(3968K)->3837K(3968K)
[2024-12-21T18:33:39.384+0000][gc          ] GC(4) Pause Young (Concurrent Start) (Metadata GC Threshold) 161M->145M(1024M) 5.792ms
[2024-12-21T18:33:39.384+0000][gc,cpu      ] GC(4) User=0.03s Sys=0.00s Real=0.01s
[2024-12-21T18:33:39.384+0000][gc          ] GC(5) Concurrent Mark Cycle
[2024-12-21T18:33:39.384+0000][gc,marking  ] GC(5) Concurrent Clear Claimed Marks
[2024-12-21T18:33:39.384+0000][gc,marking  ] GC(5) Concurrent Clear Claimed Marks 0.025ms
[2024-12-21T18:33:39.384+0000][gc,marking  ] GC(5) Concurrent Scan Root Regions
[2024-12-21T18:33:39.388+0000][gc,marking  ] GC(5) Concurrent Scan Root Regions 3.329ms
[2024-12-21T18:33:39.388+0000][gc,marking  ] GC(5) Concurrent Mark
[2024-12-21T18:33:39.388+0000][gc,marking  ] GC(5) Concurrent Mark From Roots
[2024-12-21T18:33:39.388+0000][gc,task     ] GC(5) Using 2 workers of 2 for marking
[2024-12-21T18:33:39.394+0000][gc,marking  ] GC(5) Concurrent Mark From Roots 6.054ms
[2024-12-21T18:33:39.394+0000][gc,marking  ] GC(5) Concurrent Preclean
[2024-12-21T18:33:39.394+0000][gc,marking  ] GC(5) Concurrent Preclean 0.106ms
[2024-12-21T18:33:39.394+0000][gc,start    ] GC(5) Pause Remark
[2024-12-21T18:33:39.396+0000][gc          ] GC(5) Pause Remark 147M->147M(1024M) 1.742ms
[2024-12-21T18:33:39.396+0000][gc,cpu      ] GC(5) User=0.01s Sys=0.00s Real=0.00s
[2024-12-21T18:33:39.396+0000][gc,marking  ] GC(5) Concurrent Mark 8.229ms
[2024-12-21T18:33:39.396+0000][gc,marking  ] GC(5) Concurrent Rebuild Remembered Sets
[2024-12-21T18:33:39.403+0000][gc,marking  ] GC(5) Concurrent Rebuild Remembered Sets 7.299ms
[2024-12-21T18:33:39.403+0000][gc,start    ] GC(5) Pause Cleanup
[2024-12-21T18:33:39.404+0000][gc          ] GC(5) Pause Cleanup 147M->147M(1024M) 0.157ms
[2024-12-21T18:33:39.404+0000][gc,cpu      ] GC(5) User=0.00s Sys=0.00s Real=0.00s
[2024-12-21T18:33:39.404+0000][gc,marking  ] GC(5) Concurrent Cleanup for Next Mark
[2024-12-21T18:33:39.425+0000][gc,marking  ] GC(5) Concurrent Cleanup for Next Mark 21.678ms
[2024-12-21T18:33:39.425+0000][gc          ] GC(5) Concurrent Mark Cycle 41.144ms
[2024-12-21T18:36:08.676+0000][gc,start    ] GC(6) Pause Young (Normal) (G1 Evacuation Pause)
[2024-12-21T18:36:08.677+0000][gc,task     ] GC(6) Using 8 workers of 8 for evacuation
[2024-12-21T18:36:08.689+0000][gc,phases   ] GC(6)   Pre Evacuate Collection Set: 2.1ms
[2024-12-21T18:36:08.689+0000][gc,phases   ] GC(6)   Merge Heap Roots: 0.3ms
[2024-12-21T18:36:08.689+0000][gc,phases   ] GC(6)   Evacuate Collection Set: 9.3ms
[2024-12-21T18:36:08.689+0000][gc,phases   ] GC(6)   Post Evacuate Collection Set: 0.7ms
[2024-12-21T18:36:08.689+0000][gc,phases   ] GC(6)   Other: 0.2ms
[2024-12-21T18:36:08.689+0000][gc,heap     ] GC(6) Eden regions: 48->0(45)
[2024-12-21T18:36:08.689+0000][gc,heap     ] GC(6) Survivor regions: 3->6(7)
[2024-12-21T18:36:08.689+0000][gc,heap     ] GC(6) Old regions: 14->14
[2024-12-21T18:36:08.689+0000][gc,heap     ] GC(6) Archive regions: 2->2
[2024-12-21T18:36:08.689+0000][gc,heap     ] GC(6) Humongous regions: 153->129
[2024-12-21T18:36:08.689+0000][gc,metaspace] GC(6) Metaspace: 43398K(44096K)->43398K(44096K) NonClass: 38413K(38784K)->38413K(38784K) Class: 4984K(5312K)->4984K(5312K)
[2024-12-21T18:36:08.689+0000][gc          ] GC(6) Pause Young (Normal) (G1 Evacuation Pause) 217M->148M(1024M) 13.553ms
[2024-12-21T18:36:08.689+0000][gc,cpu      ] GC(6) User=0.03s Sys=0.03s Real=0.01s
[2024-12-21T19:35:01.033+0000][gc,start    ] GC(7) Pause Young (Normal) (G1 Evacuation Pause)
[2024-12-21T19:35:01.033+0000][gc,task     ] GC(7) Using 8 workers of 8 for evacuation
[2024-12-21T19:35:01.044+0000][gc,phases   ] GC(7)   Pre Evacuate Collection Set: 0.4ms
[2024-12-21T19:35:01.044+0000][gc,phases   ] GC(7)   Merge Heap Roots: 0.2ms
[2024-12-21T19:35:01.044+0000][gc,phases   ] GC(7)   Evacuate Collection Set: 9.9ms
[2024-12-21T19:35:01.044+0000][gc,phases   ] GC(7)   Post Evacuate Collection Set: 0.6ms
[2024-12-21T19:35:01.044+0000][gc,phases   ] GC(7)   Other: 0.2ms
[2024-12-21T19:35:01.044+0000][gc,heap     ] GC(7) Eden regions: 45->0(45)
[2024-12-21T19:35:01.044+0000][gc,heap     ] GC(7) Survivor regions: 6->6(7)
[2024-12-21T19:35:01.044+0000][gc,heap     ] GC(7) Old regions: 14->15
[2024-12-21T19:35:01.045+0000][gc,heap     ] GC(7) Archive regions: 2->2
[2024-12-21T19:35:01.045+0000][gc,heap     ] GC(7) Humongous regions: 129->129
[2024-12-21T19:35:01.045+0000][gc,metaspace] GC(7) Metaspace: 43964K(44672K)->43964K(44672K) NonClass: 38959K(39360K)->38959K(39360K) Class: 5004K(5312K)->5004K(5312K)
[2024-12-21T19:35:01.045+0000][gc          ] GC(7) Pause Young (Normal) (G1 Evacuation Pause) 193M->149M(1024M) 12.048ms
[2024-12-21T19:35:01.045+0000][gc,cpu      ] GC(7) User=0.05s Sys=0.01s Real=0.01s
[2024-12-21T19:46:55.407+0000][gc,start    ] GC(8) Pause Young (Normal) (G1 Evacuation Pause)
[2024-12-21T19:46:55.407+0000][gc,task     ] GC(8) Using 8 workers of 8 for evacuation
[2024-12-21T19:46:55.412+0000][gc,phases   ] GC(8)   Pre Evacuate Collection Set: 0.1ms
[2024-12-21T19:46:55.412+0000][gc,phases   ] GC(8)   Merge Heap Roots: 0.1ms
[2024-12-21T19:46:55.412+0000][gc,phases   ] GC(8)   Evacuate Collection Set: 4.3ms
[2024-12-21T19:46:55.412+0000][gc,phases   ] GC(8)   Post Evacuate Collection Set: 0.6ms
[2024-12-21T19:46:55.412+0000][gc,phases   ] GC(8)   Other: 0.1ms
[2024-12-21T19:46:55.412+0000][gc,heap     ] GC(8) Eden regions: 45->0(52)
[2024-12-21T19:46:55.412+0000][gc,heap     ] GC(8) Survivor regions: 6->2(7)
[2024-12-21T19:46:55.412+0000][gc,heap     ] GC(8) Old regions: 15->18
[2024-12-21T19:46:55.412+0000][gc,heap     ] GC(8) Archive regions: 2->2
[2024-12-21T19:46:55.412+0000][gc,heap     ] GC(8) Humongous regions: 129->129
[2024-12-21T19:46:55.412+0000][gc,metaspace] GC(8) Metaspace: 44050K(44736K)->44050K(44736K) NonClass: 39046K(39424K)->39046K(39424K) Class: 5004K(5312K)->5004K(5312K)
[2024-12-21T19:46:55.412+0000][gc          ] GC(8) Pause Young (Normal) (G1 Evacuation Pause) 194M->149M(1024M) 5.677ms
[2024-12-21T19:46:55.412+0000][gc,cpu      ] GC(8) User=0.03s Sys=0.00s Real=0.01s
[2024-12-21T20:01:29.193+0000][gc,start    ] GC(9) Pause Young (Normal) (G1 Evacuation Pause)
[2024-12-21T20:01:29.195+0000][gc,task     ] GC(9) Using 8 workers of 8 for evacuation
[2024-12-21T20:01:29.201+0000][gc,phases   ] GC(9)   Pre Evacuate Collection Set: 0.3ms
[2024-12-21T20:01:29.201+0000][gc,phases   ] GC(9)   Merge Heap Roots: 0.1ms
[2024-12-21T20:01:29.201+0000][gc,phases   ] GC(9)   Evacuate Collection Set: 5.7ms
[2024-12-21T20:01:29.201+0000][gc,phases   ] GC(9)   Post Evacuate Collection Set: 0.5ms
[2024-12-21T20:01:29.201+0000][gc,phases   ] GC(9)   Other: 0.2ms
[2024-12-21T20:01:29.201+0000][gc,heap     ] GC(9) Eden regions: 52->0(84)
[2024-12-21T20:01:29.201+0000][gc,heap     ] GC(9) Survivor regions: 2->4(7)
[2024-12-21T20:01:29.201+0000][gc,heap     ] GC(9) Old regions: 18->18
[2024-12-21T20:01:29.202+0000][gc,heap     ] GC(9) Archive regions: 2->2
[2024-12-21T20:01:29.202+0000][gc,heap     ] GC(9) Humongous regions: 129->129
[2024-12-21T20:01:29.202+0000][gc,metaspace] GC(9) Metaspace: 44155K(44864K)->44155K(44864K) NonClass: 39150K(39552K)->39150K(39552K) Class: 5004K(5312K)->5004K(5312K)
[2024-12-21T20:01:29.202+0000][gc          ] GC(9) Pause Young (Normal) (G1 Evacuation Pause) 201M->150M(1024M) 8.137ms
[2024-12-21T20:01:29.202+0000][gc,cpu      ] GC(9) User=0.02s Sys=0.01s Real=0.01s
[2024-12-21T20:25:10.298+0000][gc,start    ] GC(10) Pause Young (Normal) (G1 Evacuation Pause)
[2024-12-21T20:25:10.299+0000][gc,task     ] GC(10) Using 8 workers of 8 for evacuation
[2024-12-21T20:25:10.307+0000][gc,phases   ] GC(10)   Pre Evacuate Collection Set: 0.8ms
[2024-12-21T20:25:10.307+0000][gc,phases   ] GC(10)   Merge Heap Roots: 0.2ms
[2024-12-21T20:25:10.307+0000][gc,phases   ] GC(10)   Evacuate Collection Set: 5.6ms
[2024-12-21T20:25:10.307+0000][gc,phases   ] GC(10)   Post Evacuate Collection Set: 0.5ms
[2024-12-21T20:25:10.307+0000][gc,phases   ] GC(10)   Other: 0.3ms
[2024-12-21T20:25:10.307+0000][gc,heap     ] GC(10) Eden regions: 84->0(142)
[2024-12-21T20:25:10.307+0000][gc,heap     ] GC(10) Survivor regions: 4->4(11)
[2024-12-21T20:25:10.307+0000][gc,heap     ] GC(10) Old regions: 18->18
[2024-12-21T20:25:10.307+0000][gc,heap     ] GC(10) Archive regions: 2->2
[2024-12-21T20:25:10.307+0000][gc,heap     ] GC(10) Humongous regions: 129->129
[2024-12-21T20:25:10.307+0000][gc,metaspace] GC(10) Metaspace: 44271K(44928K)->44271K(44928K) NonClass: 39262K(39616K)->39262K(39616K) Class: 5008K(5312K)->5008K(5312K)
[2024-12-21T20:25:10.307+0000][gc          ] GC(10) Pause Young (Normal) (G1 Evacuation Pause) 234M->151M(1024M) 8.657ms
[2024-12-21T20:25:10.307+0000][gc,cpu      ] GC(10) User=0.04s Sys=0.00s Real=0.01s
[2024-12-21T20:47:43.349+0000][gc,heap,exit] Heap
[2024-12-21T20:47:43.349+0000][gc,heap,exit]  garbage-first heap   total 1048576K, used 259302K [0x00000007c0000000, 0x0000000800000000)
[2024-12-21T20:47:43.349+0000][gc,heap,exit]   region size 1024K, 106 young (108544K), 4 survivors (4096K)
[2024-12-21T20:47:43.349+0000][gc,heap,exit]  Metaspace       used 45908K, committed 46592K, reserved 1114112K
[2024-12-21T20:47:43.349+0000][gc,heap,exit]   class space    used 5365K, committed 5696K, reserved 1048576K
