[2024-12-21T11:11:29.819+0000][gc,init] CardTable entry size: 512
[2024-12-21T11:11:29.839+0000][gc     ] Using G1
[2024-12-21T11:11:29.849+0000][gc,init] Version: 19.0.2+7-FR (release)
[2024-12-21T11:11:29.862+0000][gc,init] CPUs: 8 total, 8 available
[2024-12-21T11:11:29.862+0000][gc,init] Memory: 16384M
[2024-12-21T11:11:29.862+0000][gc,init] Large Page Support: Disabled
[2024-12-21T11:11:29.863+0000][gc,init] NUMA Support: Disabled
[2024-12-21T11:11:29.863+0000][gc,init] Compressed Oops: Enabled (Zero based)
[2024-12-21T11:11:29.863+0000][gc,init] Heap Region Size: 1M
[2024-12-21T11:11:29.863+0000][gc,init] Heap Min Capacity: 1G
[2024-12-21T11:11:29.863+0000][gc,init] Heap Initial Capacity: 1G
[2024-12-21T11:11:29.863+0000][gc,init] Heap Max Capacity: 1G
[2024-12-21T11:11:29.863+0000][gc,init] Pre-touch: Disabled
[2024-12-21T11:11:29.863+0000][gc,init] Parallel Workers: 8
[2024-12-21T11:11:29.863+0000][gc,init] Concurrent Workers: 2
[2024-12-21T11:11:29.863+0000][gc,init] Concurrent Refinement Workers: 8
[2024-12-21T11:11:29.863+0000][gc,init] Periodic GC: Disabled
[2024-12-21T11:11:29.864+0000][gc,metaspace] CDS archive(s) mapped at: [0x0000000800000000-0x0000000800c42000-0x0000000800c42000), size 12853248, SharedBaseAddress: 0x0000000800000000, ArchiveRelocationMode: 0.
[2024-12-21T11:11:29.864+0000][gc,metaspace] Compressed class space mapped at: 0x0000000801000000-0x0000000841000000, reserved size: 1073741824
[2024-12-21T11:11:29.864+0000][gc,metaspace] Narrow klass base: 0x0000000800000000, Narrow klass shift: 0, Narrow klass range: 0x100000000
[2024-12-21T11:11:31.381+0000][gc,start    ] GC(0) Pause Young (Normal) (G1 Evacuation Pause)
[2024-12-21T11:11:31.381+0000][gc,task     ] GC(0) Using 8 workers of 8 for evacuation
[2024-12-21T11:11:31.387+0000][gc,phases   ] GC(0)   Pre Evacuate Collection Set: 0.1ms
[2024-12-21T11:11:31.387+0000][gc,phases   ] GC(0)   Merge Heap Roots: 0.1ms
[2024-12-21T11:11:31.387+0000][gc,phases   ] GC(0)   Evacuate Collection Set: 4.5ms
[2024-12-21T11:11:31.387+0000][gc,phases   ] GC(0)   Post Evacuate Collection Set: 0.7ms
[2024-12-21T11:11:31.387+0000][gc,phases   ] GC(0)   Other: 0.4ms
[2024-12-21T11:11:31.387+0000][gc,heap     ] GC(0) Eden regions: 51->0(44)
[2024-12-21T11:11:31.387+0000][gc,heap     ] GC(0) Survivor regions: 0->7(7)
[2024-12-21T11:11:31.387+0000][gc,heap     ] GC(0) Old regions: 0->2
[2024-12-21T11:11:31.387+0000][gc,heap     ] GC(0) Archive regions: 2->2
[2024-12-21T11:11:31.387+0000][gc,heap     ] GC(0) Humongous regions: 0->0
[2024-12-21T11:11:31.387+0000][gc,metaspace] GC(0) Metaspace: 17884K(18112K)->17884K(18112K) NonClass: 15813K(15936K)->15813K(15936K) Class: 2071K(2176K)->2071K(2176K)
[2024-12-21T11:11:31.387+0000][gc          ] GC(0) Pause Young (Normal) (G1 Evacuation Pause) 51M->9M(1024M) 6.145ms
[2024-12-21T11:11:31.387+0000][gc,cpu      ] GC(0) User=0.02s Sys=0.01s Real=0.00s
[2024-12-21T11:11:31.709+0000][gc,start    ] GC(1) Pause Young (Concurrent Start) (Metadata GC Threshold)
[2024-12-21T11:11:31.709+0000][gc,task     ] GC(1) Using 8 workers of 8 for evacuation
[2024-12-21T11:11:31.714+0000][gc,phases   ] GC(1)   Pre Evacuate Collection Set: 0.2ms
[2024-12-21T11:11:31.714+0000][gc,phases   ] GC(1)   Merge Heap Roots: 0.1ms
[2024-12-21T11:11:31.714+0000][gc,phases   ] GC(1)   Evacuate Collection Set: 4.1ms
[2024-12-21T11:11:31.714+0000][gc,phases   ] GC(1)   Post Evacuate Collection Set: 0.5ms
[2024-12-21T11:11:31.714+0000][gc,phases   ] GC(1)   Other: 0.1ms
[2024-12-21T11:11:31.714+0000][gc,heap     ] GC(1) Eden regions: 14->0(49)
[2024-12-21T11:11:31.714+0000][gc,heap     ] GC(1) Survivor regions: 7->2(7)
[2024-12-21T11:11:31.714+0000][gc,heap     ] GC(1) Old regions: 2->8
[2024-12-21T11:11:31.714+0000][gc,heap     ] GC(1) Archive regions: 2->2
[2024-12-21T11:11:31.714+0000][gc,heap     ] GC(1) Humongous regions: 0->0
[2024-12-21T11:11:31.714+0000][gc,metaspace] GC(1) Metaspace: 21280K(21504K)->21280K(21504K) NonClass: 18805K(18880K)->18805K(18880K) Class: 2474K(2624K)->2474K(2624K)
[2024-12-21T11:11:31.714+0000][gc          ] GC(1) Pause Young (Concurrent Start) (Metadata GC Threshold) 22M->10M(1024M) 5.226ms
[2024-12-21T11:11:31.714+0000][gc,cpu      ] GC(1) User=0.02s Sys=0.01s Real=0.01s
[2024-12-21T11:11:31.714+0000][gc          ] GC(2) Concurrent Mark Cycle
[2024-12-21T11:11:31.714+0000][gc,marking  ] GC(2) Concurrent Clear Claimed Marks
[2024-12-21T11:11:31.714+0000][gc,marking  ] GC(2) Concurrent Clear Claimed Marks 0.016ms
[2024-12-21T11:11:31.714+0000][gc,marking  ] GC(2) Concurrent Scan Root Regions
[2024-12-21T11:11:31.716+0000][gc,marking  ] GC(2) Concurrent Scan Root Regions 2.259ms
[2024-12-21T11:11:31.716+0000][gc,marking  ] GC(2) Concurrent Mark
[2024-12-21T11:11:31.716+0000][gc,marking  ] GC(2) Concurrent Mark From Roots
[2024-12-21T11:11:31.716+0000][gc,task     ] GC(2) Using 2 workers of 2 for marking
[2024-12-21T11:11:31.719+0000][gc,marking  ] GC(2) Concurrent Mark From Roots 2.630ms
[2024-12-21T11:11:31.719+0000][gc,marking  ] GC(2) Concurrent Preclean
[2024-12-21T11:11:31.719+0000][gc,marking  ] GC(2) Concurrent Preclean 0.049ms
[2024-12-21T11:11:31.719+0000][gc,start    ] GC(2) Pause Remark
[2024-12-21T11:11:31.721+0000][gc          ] GC(2) Pause Remark 11M->11M(1024M) 1.685ms
[2024-12-21T11:11:31.721+0000][gc,cpu      ] GC(2) User=0.00s Sys=0.00s Real=0.01s
[2024-12-21T11:11:31.721+0000][gc,marking  ] GC(2) Concurrent Mark 4.695ms
[2024-12-21T11:11:31.721+0000][gc,marking  ] GC(2) Concurrent Rebuild Remembered Sets
[2024-12-21T11:11:31.721+0000][gc,marking  ] GC(2) Concurrent Rebuild Remembered Sets 0.007ms
[2024-12-21T11:11:31.721+0000][gc,start    ] GC(2) Pause Cleanup
[2024-12-21T11:11:31.721+0000][gc          ] GC(2) Pause Cleanup 11M->11M(1024M) 0.012ms
[2024-12-21T11:11:31.721+0000][gc,cpu      ] GC(2) User=0.00s Sys=0.00s Real=0.00s
[2024-12-21T11:11:31.721+0000][gc,marking  ] GC(2) Concurrent Cleanup for Next Mark
[2024-12-21T11:11:31.726+0000][gc,marking  ] GC(2) Concurrent Cleanup for Next Mark 5.182ms
[2024-12-21T11:11:31.727+0000][gc          ] GC(2) Concurrent Mark Cycle 12.801ms
[2024-12-21T11:11:32.432+0000][gc,start    ] GC(3) Pause Young (Normal) (G1 Evacuation Pause)
[2024-12-21T11:11:32.453+0000][gc,task     ] GC(3) Using 8 workers of 8 for evacuation
[2024-12-21T11:11:32.460+0000][gc,phases   ] GC(3)   Pre Evacuate Collection Set: 0.3ms
[2024-12-21T11:11:32.460+0000][gc,phases   ] GC(3)   Merge Heap Roots: 0.2ms
[2024-12-21T11:11:32.460+0000][gc,phases   ] GC(3)   Evacuate Collection Set: 6.3ms
[2024-12-21T11:11:32.460+0000][gc,phases   ] GC(3)   Post Evacuate Collection Set: 0.7ms
[2024-12-21T11:11:32.460+0000][gc,phases   ] GC(3)   Other: 0.2ms
[2024-12-21T11:11:32.460+0000][gc,heap     ] GC(3) Eden regions: 49->0(44)
[2024-12-21T11:11:32.460+0000][gc,heap     ] GC(3) Survivor regions: 2->7(7)
[2024-12-21T11:11:32.460+0000][gc,heap     ] GC(3) Old regions: 8->8
[2024-12-21T11:11:32.460+0000][gc,heap     ] GC(3) Archive regions: 2->2
[2024-12-21T11:11:32.460+0000][gc,heap     ] GC(3) Humongous regions: 129->129
[2024-12-21T11:11:32.460+0000][gc,metaspace] GC(3) Metaspace: 32762K(33088K)->32762K(33088K) NonClass: 29269K(29440K)->29269K(29440K) Class: 3493K(3648K)->3493K(3648K)
[2024-12-21T11:11:32.460+0000][gc          ] GC(3) Pause Young (Normal) (G1 Evacuation Pause) 188M->144M(1024M) 28.127ms
[2024-12-21T11:11:32.460+0000][gc,cpu      ] GC(3) User=0.05s Sys=0.00s Real=0.03s
[2024-12-21T11:11:32.565+0000][gc,start    ] GC(4) Pause Young (Concurrent Start) (Metadata GC Threshold)
[2024-12-21T11:11:32.565+0000][gc,task     ] GC(4) Using 8 workers of 8 for evacuation
[2024-12-21T11:11:32.570+0000][gc,phases   ] GC(4)   Pre Evacuate Collection Set: 0.2ms
[2024-12-21T11:11:32.570+0000][gc,phases   ] GC(4)   Merge Heap Roots: 0.0ms
[2024-12-21T11:11:32.570+0000][gc,phases   ] GC(4)   Evacuate Collection Set: 4.3ms
[2024-12-21T11:11:32.570+0000][gc,phases   ] GC(4)   Post Evacuate Collection Set: 0.4ms
[2024-12-21T11:11:32.570+0000][gc,phases   ] GC(4)   Other: 0.1ms
[2024-12-21T11:11:32.570+0000][gc,heap     ] GC(4) Eden regions: 13->0(49)
[2024-12-21T11:11:32.570+0000][gc,heap     ] GC(4) Survivor regions: 7->2(7)
[2024-12-21T11:11:32.570+0000][gc,heap     ] GC(4) Old regions: 8->14
[2024-12-21T11:11:32.570+0000][gc,heap     ] GC(4) Archive regions: 2->2
[2024-12-21T11:11:32.570+0000][gc,heap     ] GC(4) Humongous regions: 129->129
[2024-12-21T11:11:32.570+0000][gc,metaspace] GC(4) Metaspace: 35843K(36096K)->35843K(36096K) NonClass: 32011K(32128K)->32011K(32128K) Class: 3832K(3968K)->3832K(3968K)
[2024-12-21T11:11:32.570+0000][gc          ] GC(4) Pause Young (Concurrent Start) (Metadata GC Threshold) 156M->145M(1024M) 5.175ms
[2024-12-21T11:11:32.570+0000][gc,cpu      ] GC(4) User=0.03s Sys=0.01s Real=0.01s
[2024-12-21T11:11:32.570+0000][gc          ] GC(5) Concurrent Mark Cycle
[2024-12-21T11:11:32.570+0000][gc,marking  ] GC(5) Concurrent Clear Claimed Marks
[2024-12-21T11:11:32.570+0000][gc,marking  ] GC(5) Concurrent Clear Claimed Marks 0.020ms
[2024-12-21T11:11:32.570+0000][gc,marking  ] GC(5) Concurrent Scan Root Regions
[2024-12-21T11:11:32.574+0000][gc,marking  ] GC(5) Concurrent Scan Root Regions 3.520ms
[2024-12-21T11:11:32.574+0000][gc,marking  ] GC(5) Concurrent Mark
[2024-12-21T11:11:32.574+0000][gc,marking  ] GC(5) Concurrent Mark From Roots
[2024-12-21T11:11:32.574+0000][gc,task     ] GC(5) Using 2 workers of 2 for marking
[2024-12-21T11:11:32.579+0000][gc,marking  ] GC(5) Concurrent Mark From Roots 5.373ms
[2024-12-21T11:11:32.579+0000][gc,marking  ] GC(5) Concurrent Preclean
[2024-12-21T11:11:32.579+0000][gc,marking  ] GC(5) Concurrent Preclean 0.041ms
[2024-12-21T11:11:32.579+0000][gc,start    ] GC(5) Pause Remark
[2024-12-21T11:11:32.580+0000][gc          ] GC(5) Pause Remark 146M->146M(1024M) 1.042ms
[2024-12-21T11:11:32.580+0000][gc,cpu      ] GC(5) User=0.01s Sys=0.00s Real=0.01s
[2024-12-21T11:11:32.580+0000][gc,marking  ] GC(5) Concurrent Mark 6.793ms
[2024-12-21T11:11:32.581+0000][gc,marking  ] GC(5) Concurrent Rebuild Remembered Sets
[2024-12-21T11:11:32.581+0000][gc,marking  ] GC(5) Concurrent Rebuild Remembered Sets 0.007ms
[2024-12-21T11:11:32.581+0000][gc,start    ] GC(5) Pause Cleanup
[2024-12-21T11:11:32.581+0000][gc          ] GC(5) Pause Cleanup 146M->146M(1024M) 0.014ms
[2024-12-21T11:11:32.581+0000][gc,cpu      ] GC(5) User=0.00s Sys=0.00s Real=0.00s
[2024-12-21T11:11:32.581+0000][gc,marking  ] GC(5) Concurrent Cleanup for Next Mark
[2024-12-21T11:11:32.587+0000][gc,marking  ] GC(5) Concurrent Cleanup for Next Mark 6.465ms
[2024-12-21T11:11:32.587+0000][gc          ] GC(5) Concurrent Mark Cycle 17.263ms
[2024-12-21T12:36:15.451+0000][gc,start    ] GC(6) Pause Young (Normal) (G1 Evacuation Pause)
[2024-12-21T12:36:15.452+0000][gc,task     ] GC(6) Using 8 workers of 8 for evacuation
[2024-12-21T12:36:15.459+0000][gc,phases   ] GC(6)   Pre Evacuate Collection Set: 1.7ms
[2024-12-21T12:36:15.459+0000][gc,phases   ] GC(6)   Merge Heap Roots: 0.1ms
[2024-12-21T12:36:15.459+0000][gc,phases   ] GC(6)   Evacuate Collection Set: 4.9ms
[2024-12-21T12:36:15.459+0000][gc,phases   ] GC(6)   Post Evacuate Collection Set: 0.7ms
[2024-12-21T12:36:15.459+0000][gc,phases   ] GC(6)   Other: 0.3ms
[2024-12-21T12:36:15.459+0000][gc,heap     ] GC(6) Eden regions: 49->0(48)
[2024-12-21T12:36:15.459+0000][gc,heap     ] GC(6) Survivor regions: 2->3(7)
[2024-12-21T12:36:15.460+0000][gc,heap     ] GC(6) Old regions: 14->14
[2024-12-21T12:36:15.460+0000][gc,heap     ] GC(6) Archive regions: 2->2
[2024-12-21T12:36:15.460+0000][gc,heap     ] GC(6) Humongous regions: 129->129
[2024-12-21T12:36:15.460+0000][gc,metaspace] GC(6) Metaspace: 41002K(41472K)->41002K(41472K) NonClass: 36336K(36608K)->36336K(36608K) Class: 4666K(4864K)->4666K(4864K)
[2024-12-21T12:36:15.460+0000][gc          ] GC(6) Pause Young (Normal) (G1 Evacuation Pause) 194M->146M(1024M) 8.497ms
[2024-12-21T12:36:15.460+0000][gc,cpu      ] GC(6) User=0.01s Sys=0.02s Real=0.01s
[2024-12-21T15:00:34.540+0000][gc,start    ] GC(7) Pause Young (Normal) (G1 Evacuation Pause)
[2024-12-21T15:00:34.541+0000][gc,task     ] GC(7) Using 8 workers of 8 for evacuation
[2024-12-21T15:00:34.560+0000][gc,phases   ] GC(7)   Pre Evacuate Collection Set: 4.8ms
[2024-12-21T15:00:34.560+0000][gc,phases   ] GC(7)   Merge Heap Roots: 0.3ms
[2024-12-21T15:00:34.560+0000][gc,phases   ] GC(7)   Evacuate Collection Set: 13.0ms
[2024-12-21T15:00:34.560+0000][gc,phases   ] GC(7)   Post Evacuate Collection Set: 0.7ms
[2024-12-21T15:00:34.560+0000][gc,phases   ] GC(7)   Other: 0.3ms
[2024-12-21T15:00:34.560+0000][gc,heap     ] GC(7) Eden regions: 48->0(48)
[2024-12-21T15:00:34.560+0000][gc,heap     ] GC(7) Survivor regions: 3->3(7)
[2024-12-21T15:00:34.560+0000][gc,heap     ] GC(7) Old regions: 14->14
[2024-12-21T15:00:34.560+0000][gc,heap     ] GC(7) Archive regions: 2->2
[2024-12-21T15:00:34.560+0000][gc,heap     ] GC(7) Humongous regions: 129->129
[2024-12-21T15:00:34.560+0000][gc,metaspace] GC(7) Metaspace: 42077K(42624K)->42077K(42624K) NonClass: 37254K(37568K)->37254K(37568K) Class: 4823K(5056K)->4823K(5056K)
[2024-12-21T15:00:34.560+0000][gc          ] GC(7) Pause Young (Normal) (G1 Evacuation Pause) 194M->146M(1024M) 20.462ms
[2024-12-21T15:00:34.560+0000][gc,cpu      ] GC(7) User=0.02s Sys=0.06s Real=0.02s
[2024-12-21T15:11:31.384+0000][gc,start    ] GC(8) Pause Young (Normal) (G1 Evacuation Pause)
[2024-12-21T15:11:31.385+0000][gc,task     ] GC(8) Using 8 workers of 8 for evacuation
[2024-12-21T15:11:31.401+0000][gc,phases   ] GC(8)   Pre Evacuate Collection Set: 0.3ms
[2024-12-21T15:11:31.401+0000][gc,phases   ] GC(8)   Merge Heap Roots: 0.2ms
[2024-12-21T15:11:31.401+0000][gc,phases   ] GC(8)   Evacuate Collection Set: 14.9ms
[2024-12-21T15:11:31.401+0000][gc,phases   ] GC(8)   Post Evacuate Collection Set: 0.7ms
[2024-12-21T15:11:31.401+0000][gc,phases   ] GC(8)   Other: 0.2ms
[2024-12-21T15:11:31.401+0000][gc,heap     ] GC(8) Eden regions: 48->0(45)
[2024-12-21T15:11:31.401+0000][gc,heap     ] GC(8) Survivor regions: 3->6(7)
[2024-12-21T15:11:31.401+0000][gc,heap     ] GC(8) Old regions: 14->14
[2024-12-21T15:11:31.401+0000][gc,heap     ] GC(8) Archive regions: 2->2
[2024-12-21T15:11:31.401+0000][gc,heap     ] GC(8) Humongous regions: 129->129
[2024-12-21T15:11:31.401+0000][gc,metaspace] GC(8) Metaspace: 44799K(45376K)->44799K(45376K) NonClass: 39669K(40000K)->39669K(40000K) Class: 5130K(5376K)->5130K(5376K)
[2024-12-21T15:11:31.401+0000][gc          ] GC(8) Pause Young (Normal) (G1 Evacuation Pause) 194M->149M(1024M) 17.599ms
[2024-12-21T15:11:31.401+0000][gc,cpu      ] GC(8) User=0.04s Sys=0.04s Real=0.02s
[2024-12-21T16:55:05.979+0000][gc,start    ] GC(9) Pause Young (Normal) (G1 Evacuation Pause)
[2024-12-21T16:55:05.980+0000][gc,task     ] GC(9) Using 8 workers of 8 for evacuation
[2024-12-21T16:55:05.999+0000][gc,phases   ] GC(9)   Pre Evacuate Collection Set: 0.4ms
[2024-12-21T16:55:05.999+0000][gc,phases   ] GC(9)   Merge Heap Roots: 0.2ms
[2024-12-21T16:55:05.999+0000][gc,phases   ] GC(9)   Evacuate Collection Set: 16.7ms
[2024-12-21T16:55:05.999+0000][gc,phases   ] GC(9)   Post Evacuate Collection Set: 1.5ms
[2024-12-21T16:55:05.999+0000][gc,phases   ] GC(9)   Other: 0.3ms
[2024-12-21T16:55:05.999+0000][gc,heap     ] GC(9) Eden regions: 45->0(48)
[2024-12-21T16:55:05.999+0000][gc,heap     ] GC(9) Survivor regions: 6->3(7)
[2024-12-21T16:55:05.999+0000][gc,heap     ] GC(9) Old regions: 14->19
[2024-12-21T16:55:05.999+0000][gc,heap     ] GC(9) Archive regions: 2->2
[2024-12-21T16:55:05.999+0000][gc,heap     ] GC(9) Humongous regions: 129->129
[2024-12-21T16:55:05.999+0000][gc,metaspace] GC(9) Metaspace: 44902K(45568K)->44902K(45568K) NonClass: 39766K(40128K)->39766K(40128K) Class: 5136K(5440K)->5136K(5440K)
[2024-12-21T16:55:05.999+0000][gc          ] GC(9) Pause Young (Normal) (G1 Evacuation Pause) 194M->150M(1024M) 20.832ms
[2024-12-21T16:55:05.999+0000][gc,cpu      ] GC(9) User=0.09s Sys=0.02s Real=0.02s
[2024-12-21T17:12:08.830+0000][gc,start    ] GC(10) Pause Young (Normal) (G1 Evacuation Pause)
[2024-12-21T17:12:08.831+0000][gc,task     ] GC(10) Using 8 workers of 8 for evacuation
[2024-12-21T17:12:08.838+0000][gc,phases   ] GC(10)   Pre Evacuate Collection Set: 0.2ms
[2024-12-21T17:12:08.838+0000][gc,phases   ] GC(10)   Merge Heap Roots: 0.1ms
[2024-12-21T17:12:08.838+0000][gc,phases   ] GC(10)   Evacuate Collection Set: 5.6ms
[2024-12-21T17:12:08.838+0000][gc,phases   ] GC(10)   Post Evacuate Collection Set: 0.4ms
[2024-12-21T17:12:08.838+0000][gc,phases   ] GC(10)   Other: 0.3ms
[2024-12-21T17:12:08.838+0000][gc,heap     ] GC(10) Eden regions: 48->0(46)
[2024-12-21T17:12:08.838+0000][gc,heap     ] GC(10) Survivor regions: 3->5(7)
[2024-12-21T17:12:08.838+0000][gc,heap     ] GC(10) Old regions: 19->19
[2024-12-21T17:12:08.838+0000][gc,heap     ] GC(10) Archive regions: 2->2
[2024-12-21T17:12:08.838+0000][gc,heap     ] GC(10) Humongous regions: 129->129
[2024-12-21T17:12:08.838+0000][gc,metaspace] GC(10) Metaspace: 44961K(45568K)->44961K(45568K) NonClass: 39824K(40128K)->39824K(40128K) Class: 5136K(5440K)->5136K(5440K)
[2024-12-21T17:12:08.838+0000][gc          ] GC(10) Pause Young (Normal) (G1 Evacuation Pause) 198M->152M(1024M) 7.595ms
[2024-12-21T17:12:08.838+0000][gc,cpu      ] GC(10) User=0.03s Sys=0.01s Real=0.00s
[2024-12-21T17:20:36.595+0000][gc,start    ] GC(11) Pause Young (Normal) (G1 Evacuation Pause)
[2024-12-21T17:20:36.596+0000][gc,task     ] GC(11) Using 8 workers of 8 for evacuation
[2024-12-21T17:20:36.603+0000][gc,phases   ] GC(11)   Pre Evacuate Collection Set: 0.4ms
[2024-12-21T17:20:36.603+0000][gc,phases   ] GC(11)   Merge Heap Roots: 0.3ms
[2024-12-21T17:20:36.603+0000][gc,phases   ] GC(11)   Evacuate Collection Set: 6.2ms
[2024-12-21T17:20:36.603+0000][gc,phases   ] GC(11)   Post Evacuate Collection Set: 0.4ms
[2024-12-21T17:20:36.603+0000][gc,phases   ] GC(11)   Other: 0.2ms
[2024-12-21T17:20:36.603+0000][gc,heap     ] GC(11) Eden regions: 46->0(45)
[2024-12-21T17:20:36.603+0000][gc,heap     ] GC(11) Survivor regions: 5->6(7)
[2024-12-21T17:20:36.603+0000][gc,heap     ] GC(11) Old regions: 19->19
[2024-12-21T17:20:36.603+0000][gc,heap     ] GC(11) Archive regions: 2->2
[2024-12-21T17:20:36.603+0000][gc,heap     ] GC(11) Humongous regions: 129->129
[2024-12-21T17:20:36.603+0000][gc,metaspace] GC(11) Metaspace: 45198K(45760K)->45198K(45760K) NonClass: 40016K(40320K)->40016K(40320K) Class: 5182K(5440K)->5182K(5440K)
[2024-12-21T17:20:36.603+0000][gc          ] GC(11) Pause Young (Normal) (G1 Evacuation Pause) 198M->154M(1024M) 8.870ms
[2024-12-21T17:20:36.604+0000][gc,cpu      ] GC(11) User=0.03s Sys=0.01s Real=0.01s
[2024-12-21T17:31:06.659+0000][gc,start    ] GC(12) Pause Young (Normal) (G1 Evacuation Pause)
[2024-12-21T17:31:06.660+0000][gc,task     ] GC(12) Using 8 workers of 8 for evacuation
[2024-12-21T17:31:06.672+0000][gc,phases   ] GC(12)   Pre Evacuate Collection Set: 0.5ms
[2024-12-21T17:31:06.673+0000][gc,phases   ] GC(12)   Merge Heap Roots: 0.2ms
[2024-12-21T17:31:06.673+0000][gc,phases   ] GC(12)   Evacuate Collection Set: 11.6ms
[2024-12-21T17:31:06.673+0000][gc,phases   ] GC(12)   Post Evacuate Collection Set: 0.4ms
[2024-12-21T17:31:06.673+0000][gc,phases   ] GC(12)   Other: 0.3ms
[2024-12-21T17:31:06.673+0000][gc,heap     ] GC(12) Eden regions: 45->0(52)
[2024-12-21T17:31:06.673+0000][gc,heap     ] GC(12) Survivor regions: 6->5(7)
[2024-12-21T17:31:06.673+0000][gc,heap     ] GC(12) Old regions: 19->23
[2024-12-21T17:31:06.673+0000][gc,heap     ] GC(12) Archive regions: 2->2
[2024-12-21T17:31:06.673+0000][gc,heap     ] GC(12) Humongous regions: 129->129
[2024-12-21T17:31:06.673+0000][gc,metaspace] GC(12) Metaspace: 45209K(45760K)->45209K(45760K) NonClass: 40027K(40320K)->40027K(40320K) Class: 5182K(5440K)->5182K(5440K)
[2024-12-21T17:31:06.673+0000][gc          ] GC(12) Pause Young (Normal) (G1 Evacuation Pause) 199M->156M(1024M) 14.173ms
[2024-12-21T17:31:06.673+0000][gc,cpu      ] GC(12) User=0.05s Sys=0.02s Real=0.02s
[2024-12-21T17:45:37.021+0000][gc,start    ] GC(13) Pause Young (Normal) (G1 Evacuation Pause)
[2024-12-21T17:45:37.022+0000][gc,task     ] GC(13) Using 8 workers of 8 for evacuation
[2024-12-21T17:45:37.033+0000][gc,phases   ] GC(13)   Pre Evacuate Collection Set: 0.4ms
[2024-12-21T17:45:37.033+0000][gc,phases   ] GC(13)   Merge Heap Roots: 0.2ms
[2024-12-21T17:45:37.033+0000][gc,phases   ] GC(13)   Evacuate Collection Set: 9.8ms
[2024-12-21T17:45:37.033+0000][gc,phases   ] GC(13)   Post Evacuate Collection Set: 0.4ms
[2024-12-21T17:45:37.033+0000][gc,phases   ] GC(13)   Other: 0.2ms
[2024-12-21T17:45:37.033+0000][gc,heap     ] GC(13) Eden regions: 52->0(44)
[2024-12-21T17:45:37.033+0000][gc,heap     ] GC(13) Survivor regions: 5->7(8)
[2024-12-21T17:45:37.033+0000][gc,heap     ] GC(13) Old regions: 23->23
[2024-12-21T17:45:37.033+0000][gc,heap     ] GC(13) Archive regions: 2->2
[2024-12-21T17:45:37.033+0000][gc,heap     ] GC(13) Humongous regions: 129->129
[2024-12-21T17:45:37.033+0000][gc,metaspace] GC(13) Metaspace: 45214K(45824K)->45214K(45824K) NonClass: 40032K(40384K)->40032K(40384K) Class: 5182K(5440K)->5182K(5440K)
[2024-12-21T17:45:37.033+0000][gc          ] GC(13) Pause Young (Normal) (G1 Evacuation Pause) 208M->158M(1024M) 12.396ms
[2024-12-21T17:45:37.033+0000][gc,cpu      ] GC(13) User=0.04s Sys=0.02s Real=0.01s
[2024-12-21T18:03:33.687+0000][gc,start    ] GC(14) Pause Young (Normal) (G1 Evacuation Pause)
[2024-12-21T18:03:33.688+0000][gc,task     ] GC(14) Using 8 workers of 8 for evacuation
[2024-12-21T18:03:33.700+0000][gc,phases   ] GC(14)   Pre Evacuate Collection Set: 0.7ms
[2024-12-21T18:03:33.700+0000][gc,phases   ] GC(14)   Merge Heap Roots: 0.2ms
[2024-12-21T18:03:33.700+0000][gc,phases   ] GC(14)   Evacuate Collection Set: 10.6ms
[2024-12-21T18:03:33.700+0000][gc,phases   ] GC(14)   Post Evacuate Collection Set: 0.6ms
[2024-12-21T18:03:33.700+0000][gc,phases   ] GC(14)   Other: 0.4ms
[2024-12-21T18:03:33.700+0000][gc,heap     ] GC(14) Eden regions: 44->0(130)
[2024-12-21T18:03:33.700+0000][gc,heap     ] GC(14) Survivor regions: 7->3(7)
[2024-12-21T18:03:33.700+0000][gc,heap     ] GC(14) Old regions: 23->27
[2024-12-21T18:03:33.700+0000][gc,heap     ] GC(14) Archive regions: 2->2
[2024-12-21T18:03:33.700+0000][gc,heap     ] GC(14) Humongous regions: 129->129
[2024-12-21T18:03:33.701+0000][gc,metaspace] GC(14) Metaspace: 45231K(45824K)->45231K(45824K) NonClass: 40047K(40384K)->40047K(40384K) Class: 5183K(5440K)->5183K(5440K)
[2024-12-21T18:03:33.701+0000][gc          ] GC(14) Pause Young (Normal) (G1 Evacuation Pause) 202M->159M(1024M) 13.231ms
[2024-12-21T18:03:33.701+0000][gc,cpu      ] GC(14) User=0.04s Sys=0.03s Real=0.02s
[2024-12-21T18:33:29.917+0000][gc,heap,exit] Heap
[2024-12-21T18:33:29.918+0000][gc,heap,exit]  garbage-first heap   total 1048576K, used 248838K [0x00000007c0000000, 0x0000000800000000)
[2024-12-21T18:33:29.918+0000][gc,heap,exit]   region size 1024K, 87 young (89088K), 3 survivors (3072K)
[2024-12-21T18:33:29.918+0000][gc,heap,exit]  Metaspace       used 46177K, committed 46784K, reserved 1114112K
[2024-12-21T18:33:29.918+0000][gc,heap,exit]   class space    used 5373K, committed 5632K, reserved 1048576K
