[2024-12-21T11:09:10.919+0000][gc,init] CardTable entry size: 512
[2024-12-21T11:09:10.920+0000][gc     ] Using G1
[2024-12-21T11:09:10.923+0000][gc,init] Version: 19.0.2+7-FR (release)
[2024-12-21T11:09:10.923+0000][gc,init] CPUs: 8 total, 8 available
[2024-12-21T11:09:10.923+0000][gc,init] Memory: 16384M
[2024-12-21T11:09:10.923+0000][gc,init] Large Page Support: Disabled
[2024-12-21T11:09:10.923+0000][gc,init] NUMA Support: Disabled
[2024-12-21T11:09:10.923+0000][gc,init] Compressed Oops: Enabled (Zero based)
[2024-12-21T11:09:10.923+0000][gc,init] Heap Region Size: 1M
[2024-12-21T11:09:10.923+0000][gc,init] Heap Min Capacity: 512M
[2024-12-21T11:09:10.923+0000][gc,init] Heap Initial Capacity: 512M
[2024-12-21T11:09:10.923+0000][gc,init] Heap Max Capacity: 512M
[2024-12-21T11:09:10.923+0000][gc,init] Pre-touch: Disabled
[2024-12-21T11:09:10.923+0000][gc,init] Parallel Workers: 8
[2024-12-21T11:09:10.923+0000][gc,init] Concurrent Workers: 2
[2024-12-21T11:09:10.923+0000][gc,init] Concurrent Refinement Workers: 8
[2024-12-21T11:09:10.923+0000][gc,init] Periodic GC: Disabled
[2024-12-21T11:09:10.924+0000][gc,metaspace] CDS archive(s) mapped at: [0x0000000800000000-0x0000000800c42000-0x0000000800c42000), size 12853248, SharedBaseAddress: 0x0000000800000000, ArchiveRelocationMode: 0.
[2024-12-21T11:09:10.924+0000][gc,metaspace] Compressed class space mapped at: 0x0000000801000000-0x0000000841000000, reserved size: 1073741824
[2024-12-21T11:09:10.924+0000][gc,metaspace] Narrow klass base: 0x0000000800000000, Narrow klass shift: 0, Narrow klass range: 0x100000000
[2024-12-21T11:09:11.426+0000][gc,start    ] GC(0) Pause Young (Normal) (G1 Evacuation Pause)
[2024-12-21T11:09:11.427+0000][gc,task     ] GC(0) Using 8 workers of 8 for evacuation
[2024-12-21T11:09:11.433+0000][gc,phases   ] GC(0)   Pre Evacuate Collection Set: 0.1ms
[2024-12-21T11:09:11.433+0000][gc,phases   ] GC(0)   Merge Heap Roots: 0.5ms
[2024-12-21T11:09:11.433+0000][gc,phases   ] GC(0)   Evacuate Collection Set: 4.1ms
[2024-12-21T11:09:11.433+0000][gc,phases   ] GC(0)   Post Evacuate Collection Set: 0.7ms
[2024-12-21T11:09:11.433+0000][gc,phases   ] GC(0)   Other: 1.1ms
[2024-12-21T11:09:11.433+0000][gc,heap     ] GC(0) Eden regions: 25->0(21)
[2024-12-21T11:09:11.433+0000][gc,heap     ] GC(0) Survivor regions: 0->4(4)
[2024-12-21T11:09:11.433+0000][gc,heap     ] GC(0) Old regions: 0->5
[2024-12-21T11:09:11.433+0000][gc,heap     ] GC(0) Archive regions: 2->2
[2024-12-21T11:09:11.433+0000][gc,heap     ] GC(0) Humongous regions: 0->0
[2024-12-21T11:09:11.433+0000][gc,metaspace] GC(0) Metaspace: 8155K(8320K)->8155K(8320K) NonClass: 7296K(7424K)->7296K(7424K) Class: 858K(896K)->858K(896K)
[2024-12-21T11:09:11.433+0000][gc          ] GC(0) Pause Young (Normal) (G1 Evacuation Pause) 25M->9M(512M) 6.881ms
[2024-12-21T11:09:11.433+0000][gc,cpu      ] GC(0) User=0.02s Sys=0.01s Real=0.01s
[2024-12-21T18:33:39.335+0000][gc,start    ] GC(1) Pause Young (Normal) (G1 Evacuation Pause)
[2024-12-21T18:33:39.336+0000][gc,task     ] GC(1) Using 8 workers of 8 for evacuation
[2024-12-21T18:33:39.357+0000][gc,mmu      ] GC(1) MMU target violated: 21.0ms (20.0ms/21.0ms)
[2024-12-21T18:33:39.357+0000][gc,phases   ] GC(1)   Pre Evacuate Collection Set: 0.8ms
[2024-12-21T18:33:39.357+0000][gc,phases   ] GC(1)   Merge Heap Roots: 0.1ms
[2024-12-21T18:33:39.357+0000][gc,phases   ] GC(1)   Evacuate Collection Set: 19.6ms
[2024-12-21T18:33:39.357+0000][gc,phases   ] GC(1)   Post Evacuate Collection Set: 0.7ms
[2024-12-21T18:33:39.357+0000][gc,phases   ] GC(1)   Other: 0.2ms
[2024-12-21T18:33:39.357+0000][gc,heap     ] GC(1) Eden regions: 21->0(24)
[2024-12-21T18:33:39.357+0000][gc,heap     ] GC(1) Survivor regions: 4->1(4)
[2024-12-21T18:33:39.357+0000][gc,heap     ] GC(1) Old regions: 5->8
[2024-12-21T18:33:39.357+0000][gc,heap     ] GC(1) Archive regions: 2->2
[2024-12-21T18:33:39.357+0000][gc,heap     ] GC(1) Humongous regions: 0->0
[2024-12-21T18:33:39.357+0000][gc,metaspace] GC(1) Metaspace: 9517K(9728K)->9517K(9728K) NonClass: 8560K(8640K)->8560K(8640K) Class: 957K(1088K)->957K(1088K)
[2024-12-21T18:33:39.358+0000][gc          ] GC(1) Pause Young (Normal) (G1 Evacuation Pause) 30M->9M(512M) 22.136ms
[2024-12-21T18:33:39.358+0000][gc,cpu      ] GC(1) User=0.02s Sys=0.06s Real=0.02s
[2024-12-21T18:33:46.389+0000][gc,heap,exit] Heap
[2024-12-21T18:33:46.389+0000][gc,heap,exit]  garbage-first heap   total 524288K, used 12021K [0x00000007e0000000, 0x0000000800000000)
[2024-12-21T18:33:46.389+0000][gc,heap,exit]   region size 1024K, 4 young (4096K), 1 survivors (1024K)
[2024-12-21T18:33:46.389+0000][gc,heap,exit]  Metaspace       used 9520K, committed 9728K, reserved 1114112K
[2024-12-21T18:33:46.389+0000][gc,heap,exit]   class space    used 957K, committed 1088K, reserved 1048576K
