[2024-12-27T03:09:41.984+0000][gc,init] CardTable entry size: 512
[2024-12-27T03:09:41.984+0000][gc     ] Using G1
[2024-12-27T03:09:41.987+0000][gc,init] Version: 19.0.2+7-FR (release)
[2024-12-27T03:09:41.987+0000][gc,init] CPUs: 8 total, 8 available
[2024-12-27T03:09:41.987+0000][gc,init] Memory: 16384M
[2024-12-27T03:09:41.987+0000][gc,init] Large Page Support: Disabled
[2024-12-27T03:09:41.987+0000][gc,init] NUMA Support: Disabled
[2024-12-27T03:09:41.987+0000][gc,init] Compressed Oops: Enabled (Zero based)
[2024-12-27T03:09:41.987+0000][gc,init] Heap Region Size: 1M
[2024-12-27T03:09:41.987+0000][gc,init] Heap Min Capacity: 512M
[2024-12-27T03:09:41.987+0000][gc,init] Heap Initial Capacity: 512M
[2024-12-27T03:09:41.987+0000][gc,init] Heap Max Capacity: 512M
[2024-12-27T03:09:41.987+0000][gc,init] Pre-touch: Disabled
[2024-12-27T03:09:41.987+0000][gc,init] Parallel Workers: 8
[2024-12-27T03:09:41.987+0000][gc,init] Concurrent Workers: 2
[2024-12-27T03:09:41.987+0000][gc,init] Concurrent Refinement Workers: 8
[2024-12-27T03:09:41.987+0000][gc,init] Periodic GC: Disabled
[2024-12-27T03:09:41.988+0000][gc,metaspace] CDS archive(s) mapped at: [0x0000000800000000-0x0000000800c42000-0x0000000800c42000), size 12853248, SharedBaseAddress: 0x0000000800000000, ArchiveRelocationMode: 0.
[2024-12-27T03:09:41.988+0000][gc,metaspace] Compressed class space mapped at: 0x0000000801000000-0x0000000841000000, reserved size: 1073741824
[2024-12-27T03:09:41.988+0000][gc,metaspace] Narrow klass base: 0x0000000800000000, Narrow klass shift: 0, Narrow klass range: 0x100000000
[2024-12-27T03:09:42.531+0000][gc,start    ] GC(0) Pause Young (Normal) (G1 Evacuation Pause)
[2024-12-27T03:09:42.532+0000][gc,task     ] GC(0) Using 8 workers of 8 for evacuation
[2024-12-27T03:09:42.537+0000][gc,phases   ] GC(0)   Pre Evacuate Collection Set: 0.1ms
[2024-12-27T03:09:42.537+0000][gc,phases   ] GC(0)   Merge Heap Roots: 0.1ms
[2024-12-27T03:09:42.537+0000][gc,phases   ] GC(0)   Evacuate Collection Set: 4.6ms
[2024-12-27T03:09:42.537+0000][gc,phases   ] GC(0)   Post Evacuate Collection Set: 0.4ms
[2024-12-27T03:09:42.537+0000][gc,phases   ] GC(0)   Other: 0.6ms
[2024-12-27T03:09:42.537+0000][gc,heap     ] GC(0) Eden regions: 25->0(21)
[2024-12-27T03:09:42.537+0000][gc,heap     ] GC(0) Survivor regions: 0->4(4)
[2024-12-27T03:09:42.537+0000][gc,heap     ] GC(0) Old regions: 0->5
[2024-12-27T03:09:42.537+0000][gc,heap     ] GC(0) Archive regions: 2->2
[2024-12-27T03:09:42.537+0000][gc,heap     ] GC(0) Humongous regions: 0->0
[2024-12-27T03:09:42.537+0000][gc,metaspace] GC(0) Metaspace: 8285K(8512K)->8285K(8512K) NonClass: 7414K(7552K)->7414K(7552K) Class: 870K(960K)->870K(960K)
[2024-12-27T03:09:42.537+0000][gc          ] GC(0) Pause Young (Normal) (G1 Evacuation Pause) 25M->9M(512M) 6.045ms
[2024-12-27T03:09:42.537+0000][gc,cpu      ] GC(0) User=0.01s Sys=0.01s Real=0.00s
[2024-12-27T03:27:00.057+0000][gc,heap,exit] Heap
[2024-12-27T03:27:00.058+0000][gc,heap,exit]  garbage-first heap   total 524288K, used 16384K [0x00000007e0000000, 0x0000000800000000)
[2024-12-27T03:27:00.058+0000][gc,heap,exit]   region size 1024K, 11 young (11264K), 4 survivors (4096K)
[2024-12-27T03:27:00.058+0000][gc,heap,exit]  Metaspace       used 9196K, committed 9472K, reserved 1114112K
[2024-12-27T03:27:00.058+0000][gc,heap,exit]   class space    used 955K, committed 1088K, reserved 1048576K
