[2024-12-26T19:27:18.290+0000][gc,init] CardTable entry size: 512
[2024-12-26T19:27:18.290+0000][gc     ] Using G1
[2024-12-26T19:27:18.294+0000][gc,init] Version: 19.0.2+7-FR (release)
[2024-12-26T19:27:18.294+0000][gc,init] CPUs: 8 total, 8 available
[2024-12-26T19:27:18.294+0000][gc,init] Memory: 16384M
[2024-12-26T19:27:18.294+0000][gc,init] Large Page Support: Disabled
[2024-12-26T19:27:18.294+0000][gc,init] NUMA Support: Disabled
[2024-12-26T19:27:18.294+0000][gc,init] Compressed Oops: Enabled (Zero based)
[2024-12-26T19:27:18.294+0000][gc,init] Heap Region Size: 1M
[2024-12-26T19:27:18.294+0000][gc,init] Heap Min Capacity: 512M
[2024-12-26T19:27:18.294+0000][gc,init] Heap Initial Capacity: 512M
[2024-12-26T19:27:18.294+0000][gc,init] Heap Max Capacity: 512M
[2024-12-26T19:27:18.294+0000][gc,init] Pre-touch: Disabled
[2024-12-26T19:27:18.294+0000][gc,init] Parallel Workers: 8
[2024-12-26T19:27:18.294+0000][gc,init] Concurrent Workers: 2
[2024-12-26T19:27:18.294+0000][gc,init] Concurrent Refinement Workers: 8
[2024-12-26T19:27:18.294+0000][gc,init] Periodic GC: Disabled
[2024-12-26T19:27:18.294+0000][gc,metaspace] CDS archive(s) mapped at: [0x0000000800000000-0x0000000800c42000-0x0000000800c42000), size 12853248, SharedBaseAddress: 0x0000000800000000, ArchiveRelocationMode: 0.
[2024-12-26T19:27:18.294+0000][gc,metaspace] Compressed class space mapped at: 0x0000000801000000-0x0000000841000000, reserved size: 1073741824
[2024-12-26T19:27:18.294+0000][gc,metaspace] Narrow klass base: 0x0000000800000000, Narrow klass shift: 0, Narrow klass range: 0x100000000
[2024-12-26T19:27:18.909+0000][gc,start    ] GC(0) Pause Young (Normal) (G1 Evacuation Pause)
[2024-12-26T19:27:18.910+0000][gc,task     ] GC(0) Using 8 workers of 8 for evacuation
[2024-12-26T19:27:18.915+0000][gc,phases   ] GC(0)   Pre Evacuate Collection Set: 0.1ms
[2024-12-26T19:27:18.915+0000][gc,phases   ] GC(0)   Merge Heap Roots: 0.1ms
[2024-12-26T19:27:18.915+0000][gc,phases   ] GC(0)   Evacuate Collection Set: 4.0ms
[2024-12-26T19:27:18.915+0000][gc,phases   ] GC(0)   Post Evacuate Collection Set: 0.4ms
[2024-12-26T19:27:18.915+0000][gc,phases   ] GC(0)   Other: 0.3ms
[2024-12-26T19:27:18.915+0000][gc,heap     ] GC(0) Eden regions: 25->0(21)
[2024-12-26T19:27:18.915+0000][gc,heap     ] GC(0) Survivor regions: 0->4(4)
[2024-12-26T19:27:18.915+0000][gc,heap     ] GC(0) Old regions: 0->4
[2024-12-26T19:27:18.915+0000][gc,heap     ] GC(0) Archive regions: 2->2
[2024-12-26T19:27:18.915+0000][gc,heap     ] GC(0) Humongous regions: 0->0
[2024-12-26T19:27:18.915+0000][gc,metaspace] GC(0) Metaspace: 8103K(8256K)->8103K(8256K) NonClass: 7249K(7360K)->7249K(7360K) Class: 853K(896K)->853K(896K)
[2024-12-26T19:27:18.915+0000][gc          ] GC(0) Pause Young (Normal) (G1 Evacuation Pause) 25M->8M(512M) 5.399ms
[2024-12-26T19:27:18.915+0000][gc,cpu      ] GC(0) User=0.02s Sys=0.01s Real=0.01s
